Component: ARM Compiler 5.06 update 7 (build 960) Tool: armlink [4d3601]

==============================================================================

Section Cross References

    startup_stm32l432xx.o(STACK) refers (Special) to heapauxi.o(.text) for __use_two_region_memory
    startup_stm32l432xx.o(HEAP) refers (Special) to heapauxi.o(.text) for __use_two_region_memory
    startup_stm32l432xx.o(RESET) refers (Special) to heapauxi.o(.text) for __use_two_region_memory
    startup_stm32l432xx.o(RESET) refers to startup_stm32l432xx.o(STACK) for __initial_sp
    startup_stm32l432xx.o(RESET) refers to startup_stm32l432xx.o(.text) for Reset_Handler
    startup_stm32l432xx.o(RESET) refers to stm32l4xx_it.o(i.NMI_Handler) for NMI_Handler
    startup_stm32l432xx.o(RESET) refers to stm32l4xx_it.o(i.HardFault_Handler) for HardFault_Handler
    startup_stm32l432xx.o(RESET) refers to stm32l4xx_it.o(i.MemManage_Handler) for MemManage_Handler
    startup_stm32l432xx.o(RESET) refers to stm32l4xx_it.o(i.BusFault_Handler) for BusFault_Handler
    startup_stm32l432xx.o(RESET) refers to stm32l4xx_it.o(i.UsageFault_Handler) for UsageFault_Handler
    startup_stm32l432xx.o(RESET) refers to port.o(.emb_text) for SVC_Handler
    startup_stm32l432xx.o(RESET) refers to stm32l4xx_it.o(i.DebugMon_Handler) for DebugMon_Handler
    startup_stm32l432xx.o(RESET) refers to cmsis_os2.o(i.SysTick_Handler) for SysTick_Handler
    startup_stm32l432xx.o(RESET) refers to stm32l4xx_it.o(i.TIM1_UP_TIM16_IRQHandler) for TIM1_UP_TIM16_IRQHandler
    startup_stm32l432xx.o(RESET) refers to stm32l4xx_it.o(i.TIM1_CC_IRQHandler) for TIM1_CC_IRQHandler
    startup_stm32l432xx.o(.text) refers (Special) to heapauxi.o(.text) for __use_two_region_memory
    startup_stm32l432xx.o(.text) refers to system_stm32l4xx.o(i.SystemInit) for SystemInit
    startup_stm32l432xx.o(.text) refers to __main.o(!!!main) for __main
    startup_stm32l432xx.o(.text) refers to startup_stm32l432xx.o(HEAP) for Heap_Mem
    startup_stm32l432xx.o(.text) refers to startup_stm32l432xx.o(STACK) for Stack_Mem
    main.o(i.Food_Motor_Control) refers to stm32l4xx_hal_tim.o(i.HAL_TIM_PWM_Start) for HAL_TIM_PWM_Start
    main.o(i.Food_Motor_Control) refers to cmsis_os2.o(i.osDelay) for osDelay
    main.o(i.Food_Motor_Control) refers to main.o(.bss) for .bss
    main.o(i.HAL_TIM_PeriodElapsedCallback) refers to stm32l4xx_hal.o(i.HAL_IncTick) for HAL_IncTick
    main.o(i.MX_GPIO_Init) refers to rt_memclr_w.o(.text) for __aeabi_memclr4
    main.o(i.MX_GPIO_Init) refers to stm32l4xx_hal_gpio.o(i.HAL_GPIO_WritePin) for HAL_GPIO_WritePin
    main.o(i.MX_GPIO_Init) refers to stm32l4xx_hal_gpio.o(i.HAL_GPIO_Init) for HAL_GPIO_Init
    main.o(i.MX_I2C3_Init) refers to stm32l4xx_hal_i2c.o(i.HAL_I2C_Init) for HAL_I2C_Init
    main.o(i.MX_I2C3_Init) refers to stm32l4xx_hal_i2c_ex.o(i.HAL_I2CEx_ConfigAnalogFilter) for HAL_I2CEx_ConfigAnalogFilter
    main.o(i.MX_I2C3_Init) refers to stm32l4xx_hal_i2c_ex.o(i.HAL_I2CEx_ConfigDigitalFilter) for HAL_I2CEx_ConfigDigitalFilter
    main.o(i.MX_I2C3_Init) refers to main.o(.bss) for .bss
    main.o(i.MX_TIM1_Init) refers to stm32l4xx_hal_tim.o(i.HAL_TIM_Base_Init) for HAL_TIM_Base_Init
    main.o(i.MX_TIM1_Init) refers to stm32l4xx_hal_tim.o(i.HAL_TIM_ConfigClockSource) for HAL_TIM_ConfigClockSource
    main.o(i.MX_TIM1_Init) refers to stm32l4xx_hal_tim.o(i.HAL_TIM_IC_Init) for HAL_TIM_IC_Init
    main.o(i.MX_TIM1_Init) refers to stm32l4xx_hal_tim_ex.o(i.HAL_TIMEx_MasterConfigSynchronization) for HAL_TIMEx_MasterConfigSynchronization
    main.o(i.MX_TIM1_Init) refers to stm32l4xx_hal_tim.o(i.HAL_TIM_IC_ConfigChannel) for HAL_TIM_IC_ConfigChannel
    main.o(i.MX_TIM1_Init) refers to main.o(.bss) for .bss
    main.o(i.MX_TIM2_Init) refers to rt_memclr_w.o(.text) for __aeabi_memclr4
    main.o(i.MX_TIM2_Init) refers to stm32l4xx_hal_tim.o(i.HAL_TIM_Base_Init) for HAL_TIM_Base_Init
    main.o(i.MX_TIM2_Init) refers to stm32l4xx_hal_tim.o(i.HAL_TIM_ConfigClockSource) for HAL_TIM_ConfigClockSource
    main.o(i.MX_TIM2_Init) refers to stm32l4xx_hal_tim.o(i.HAL_TIM_PWM_Init) for HAL_TIM_PWM_Init
    main.o(i.MX_TIM2_Init) refers to stm32l4xx_hal_tim_ex.o(i.HAL_TIMEx_MasterConfigSynchronization) for HAL_TIMEx_MasterConfigSynchronization
    main.o(i.MX_TIM2_Init) refers to stm32l4xx_hal_tim.o(i.HAL_TIM_PWM_ConfigChannel) for HAL_TIM_PWM_ConfigChannel
    main.o(i.MX_TIM2_Init) refers to stm32l4xx_hal_msp.o(i.HAL_TIM_MspPostInit) for HAL_TIM_MspPostInit
    main.o(i.MX_TIM2_Init) refers to main.o(.bss) for .bss
    main.o(i.MX_USART1_UART_Init) refers to stm32l4xx_hal_uart.o(i.HAL_UART_Init) for HAL_UART_Init
    main.o(i.MX_USART1_UART_Init) refers to main.o(.bss) for .bss
    main.o(i.MX_USART2_UART_Init) refers to stm32l4xx_hal_uart.o(i.HAL_UART_Init) for HAL_UART_Init
    main.o(i.MX_USART2_UART_Init) refers to main.o(.bss) for .bss
    main.o(i.Measure_Weight_Food) refers to cmsis_os2.o(i.osDelay) for osDelay
[...]
    x$fpl$fpinit                             0x08006548   Section       10  fpinit.o(x$fpl$fpinit)
    $v0                                      0x08006548   Number         0  fpinit.o(x$fpl$fpinit)
    x$fpl$printf1                            0x08006552   Section        4  printf1.o(x$fpl$printf1)
    $v0                                      0x08006552   Number         0  printf1.o(x$fpl$printf1)
    x$fpl$usenofp                            0x08006556   Section        0  usenofp.o(x$fpl$usenofp)
    .constdata                               0x08006558   Section      252  main.o(.constdata)
    .constdata                               0x08006654   Section       64  system_stm32l4xx.o(.constdata)
    .constdata                               0x08006694   Section        8  system_stm32l4xx.o(.constdata)
    .constdata                               0x0800669c   Section      148  bigflt0.o(.constdata)
    tenpwrs_x                                0x0800669c   Data          60  bigflt0.o(.constdata)
    tenpwrs_i                                0x080066d8   Data          64  bigflt0.o(.constdata)
    .conststring                             0x08006730   Section       78  main.o(.conststring)
    locale$$data                             0x080067a0   Section       28  lc_numeric_c.o(locale$$data)
    __lcnum_c_name                           0x080067a4   Data           2  lc_numeric_c.o(locale$$data)
    __lcnum_c_start                          0x080067ac   Data           0  lc_numeric_c.o(locale$$data)
    __lcnum_c_point                          0x080067b8   Data           0  lc_numeric_c.o(locale$$data)
    __lcnum_c_thousands                      0x080067ba   Data           0  lc_numeric_c.o(locale$$data)
    __lcnum_c_grouping                       0x080067bb   Data           0  lc_numeric_c.o(locale$$data)
    __lcnum_c_end                            0x080067bc   Data           0  lc_numeric_c.o(locale$$data)
    .data                                    0x20000000   Section       36  main.o(.data)
    .data                                    0x20000024   Section       39  stm32l4xx_it.o(.data)
    .data                                    0x2000004c   Section       12  stm32l4xx_hal.o(.data)
    .data                                    0x20000058   Section        4  system_stm32l4xx.o(.data)
    .data                                    0x2000005c   Section       60  tasks.o(.data)
    uxDeletedTasksWaitingCleanUp             0x20000060   Data           4  tasks.o(.data)
    uxCurrentNumberOfTasks                   0x20000064   Data           4  tasks.o(.data)
    xTickCount                               0x20000068   Data           4  tasks.o(.data)
    uxTopReadyPriority                       0x2000006c   Data           4  tasks.o(.data)
    xSchedulerRunning                        0x20000070   Data           4  tasks.o(.data)
    xPendedTicks                             0x20000074   Data           4  tasks.o(.data)
    xYieldPending                            0x20000078   Data           4  tasks.o(.data)
    xNumOfOverflows                          0x2000007c   Data           4  tasks.o(.data)
    uxTaskNumber                             0x20000080   Data           4  tasks.o(.data)
    xNextTaskUnblockTime                     0x20000084   Data           4  tasks.o(.data)
    xIdleTaskHandle                          0x20000088   Data           4  tasks.o(.data)
    uxSchedulerSuspended                     0x2000008c   Data           4  tasks.o(.data)
    pxDelayedTaskList                        0x20000090   Data           4  tasks.o(.data)
    pxOverflowDelayedTaskList                0x20000094   Data           4  tasks.o(.data)
    .data                                    0x20000098   Section       20  timers.o(.data)
    xTimerQueue                              0x20000098   Data           4  timers.o(.data)
    xTimerTaskHandle                         0x2000009c   Data           4  timers.o(.data)
    xLastTime                                0x200000a0   Data           4  timers.o(.data)
    pxCurrentTimerList                       0x200000a4   Data           4  timers.o(.data)
    pxOverflowTimerList                      0x200000a8   Data           4  timers.o(.data)
    .data                                    0x200000ac   Section        4  cmsis_os2.o(.data)
    KernelState                              0x200000ac   Data           4  cmsis_os2.o(.data)
    .data                                    0x200000b0   Section       32  heap_4.o(.data)
    pxEnd                                    0x200000b0   Data           4  heap_4.o(.data)
    xFreeBytesRemaining                      0x200000b4   Data           4  heap_4.o(.data)
    xMinimumEverFreeBytesRemaining           0x200000b8   Data           4  heap_4.o(.data)
    xNumberOfSuccessfulAllocations           0x200000bc   Data           4  heap_4.o(.data)
    xNumberOfSuccessfulFrees                 0x200000c0   Data           4  heap_4.o(.data)
    xBlockAllocatedBit                       0x200000c4   Data           4  heap_4.o(.data)
    xStart                                   0x200000c8   Data           8  heap_4.o(.data)
    .data                                    0x200000d0   Section       12  port.o(.data)
    ucMaxSysCallPriority                     0x200000d0   Data           1  port.o(.data)
    uxCriticalNesting                        0x200000d4   Data           4  port.o(.data)
    ulMaxPRIGROUPValue                       0x200000d8   Data           4  port.o(.data)
    .bss                                     0x200000dc   Section      492  main.o(.bss)
    .bss                                     0x200002c8   Section       18  stm32l4xx_it.o(.bss)
    .bss                                     0x200002dc   Section       76  stm32l4xx_hal_timebase_tim.o(.bss)
    .bss                                     0x20000328   Section       64  queue.o(.bss)
    .bss                                     0x20000368   Section     1220  tasks.o(.bss)
    pxReadyTasksLists                        0x20000368   Data        1120  tasks.o(.bss)
    xDelayedTaskList1                        0x200007c8   Data          20  tasks.o(.bss)
    xDelayedTaskList2                        0x200007dc   Data          20  tasks.o(.bss)
    xPendingReadyList                        0x200007f0   Data          20  tasks.o(.bss)
    xTasksWaitingTermination                 0x20000804   Data          20  tasks.o(.bss)
    xSuspendedTaskList                       0x20000818   Data          20  tasks.o(.bss)
    .bss                                     0x2000082c   Section      280  timers.o(.bss)
    xStaticTimerQueue                        0x2000082c   Data          80  timers.o(.bss)
    ucStaticTimerQueueStorage                0x2000087c   Data         160  timers.o(.bss)
    xActiveTimerList1                        0x2000091c   Data          20  timers.o(.bss)
    xActiveTimerList2                        0x20000930   Data          20  timers.o(.bss)
    .bss                                     0x20000944   Section     1720  cmsis_os2.o(.bss)
    Idle_TCB                                 0x20000944   Data          92  cmsis_os2.o(.bss)
    Idle_Stack                               0x200009a0   Data         512  cmsis_os2.o(.bss)
    Timer_TCB                                0x20000ba0   Data          92  cmsis_os2.o(.bss)
    Timer_Stack                              0x20000bfc   Data        1024  cmsis_os2.o(.bss)
    .bss                                     0x20000ffc   Section     8000  heap_4.o(.bss)
    ucHeap                                   0x20000ffc   Data        8000  heap_4.o(.bss)
    .bss                                     0x20002f3c   Section       96  libspace.o(.bss)
    HEAP                                     0x20002fa0   Section      512  startup_stm32l432xx.o(HEAP)
    Heap_Mem                                 0x20002fa0   Data         512  startup_stm32l432xx.o(HEAP)
    STACK                                    0x200031a0   Section     1024  startup_stm32l432xx.o(STACK)
    Stack_Mem                                0x200031a0   Data        1024  startup_stm32l432xx.o(STACK)
    __initial_sp                             0x200035a0   Data           0  startup_stm32l432xx.o(STACK)

    Global Symbols

    Symbol Name                              Value     Ov Type        Size  Object(Section)

    BuildAttributes$$THM_ISAv4$E$P$D$K$B$S$7EM$VFPi3$EXTD16$VFPS$VFMA$PE$A:L22UL41UL21$X:L11$S22US41US21$IEEE1$IW$USESV6$~STKCKD$USESV7$~SHL$OTIME$ROPI$IEEEJ$EBA8$UX$STANDARDLIB$REQ8$PRES8$EABIv2 0x00000000   Number         0  anon$$obj.o ABSOLUTE
    __ARM_use_no_argv                        0x00000000   Number         0  main.o ABSOLUTE
    __ARM_exceptions_init                     - Undefined Weak Reference
    __alloca_initialize                       - Undefined Weak Reference
    __arm_fini_                               - Undefined Weak Reference
    __arm_preinit_                            - Undefined Weak Reference
    __cpp_initialize__aeabi_                  - Undefined Weak Reference
    __cxa_finalize                            - Undefined Weak Reference
    __sigvec_lookup                           - Undefined Weak Reference
    _atexit_init                              - Undefined Weak Reference
    _call_atexit_fns                          - Undefined Weak Reference
    _clock_init                               - Undefined Weak Reference
    _fp_trap_init                             - Undefined Weak Reference
    _fp_trap_shutdown                         - Undefined Weak Reference
    _get_lc_collate                           - Undefined Weak Reference
    _get_lc_ctype                             - Undefined Weak Reference
    _get_lc_monetary                          - Undefined Weak Reference
    _get_lc_time                              - Undefined Weak Reference
    _getenv_init                              - Undefined Weak Reference
    _handle_redirection                       - Undefined Weak Reference
    _init_alloc                               - Undefined Weak Reference
    _init_user_alloc                          - Undefined Weak Reference
    _initio                                   - Undefined Weak Reference
    _printf_post_padding                      - Undefined Weak Reference
    _printf_pre_padding                       - Undefined Weak Reference
    _printf_truncate_signed                   - Undefined Weak Reference
    _printf_truncate_unsigned                 - Undefined Weak Reference
    _rand_init                                - Undefined Weak Reference
    _signal_finish                            - Undefined Weak Reference
    _signal_init                              - Undefined Weak Reference
    _terminate_alloc                          - Undefined Weak Reference
    _terminate_user_alloc                     - Undefined Weak Reference
    _terminateio                              - Undefined Weak Reference
    __Vectors_Size                           0x0000018c   Number         0  startup_stm32l432xx.o ABSOLUTE
    __Vectors                                0x08000000   Data           4  startup_stm32l432xx.o(RESET)
    __Vectors_End                            0x0800018c   Data           0  startup_stm32l432xx.o(RESET)
    __main                                   0x0800018d   Thumb Code     8  __main.o(!!!main)
    __scatterload                            0x08000195   Thumb Code     0  __scatter.o(!!!scatter)
    __scatterload_rt2                        0x08000195   Thumb Code    44  __scatter.o(!!!scatter)
    __scatterload_rt2_thumb_only             0x08000195   Thumb Code     0  __scatter.o(!!!scatter)
    __scatterload_null                       0x080001a3   Thumb Code     0  __scatter.o(!!!scatter)
    __scatterload_copy                       0x080001c9   Thumb Code    26  __scatter_copy.o(!!handler_copy)
    __scatterload_zeroinit                   0x080001e5   Thumb Code    28  __scatter_zi.o(!!handler_zi)
    _printf_f                                0x08000201   Thumb Code     0  _printf_f.o(.ARM.Collect$$_printf_percent$$00000003)
    _printf_percent                          0x08000201   Thumb Code     0  _printf_percent.o(.ARM.Collect$$_printf_percent$$00000000)
    _printf_d                                0x08000207   Thumb Code     0  _printf_d.o(.ARM.Collect$$_printf_percent$$00000009)
    _printf_percent_end                      0x0800020d   Thumb Code     0  _printf_percent_end.o(.ARM.Collect$$_printf_percent$$00000017)
    __rt_lib_init                            0x08000211   Thumb Code     0  libinit.o(.ARM.Collect$$libinit$$00000000)
    __rt_lib_init_fp_1                       0x08000213   Thumb Code     0  libinit2.o(.ARM.Collect$$libinit$$00000001)
    __rt_lib_init_heap_1                     0x08000217   Thumb Code     0  libinit2.o(.ARM.Collect$$libinit$$0000000A)
    __rt_lib_init_lc_common                  0x08000217   Thumb Code     0  libinit2.o(.ARM.Collect$$libinit$$0000000F)
    __rt_lib_init_preinit_1                  0x08000217   Thumb Code     0  libinit2.o(.ARM.Collect$$libinit$$00000004)
    __rt_lib_init_rand_1                     0x08000217   Thumb Code     0  libinit2.o(.ARM.Collect$$libinit$$0000000E)
    __rt_lib_init_user_alloc_1               0x08000217   Thumb Code     0  libinit2.o(.ARM.Collect$$libinit$$0000000C)
    __rt_lib_init_lc_collate_1               0x0800021d   Thumb Code     0  libinit2.o(.ARM.Collect$$libinit$$00000011)
    __rt_lib_init_lc_ctype_1                 0x0800021d   Thumb Code     0  libinit2.o(.ARM.Collect$$libinit$$00000013)
    __rt_lib_init_lc_monetary_1              0x0800021d   Thumb Code     0  libinit2.o(.ARM.Collect$$libinit$$00000015)
    __rt_lib_init_lc_numeric_2               0x0800021d   Thumb Code     0  libinit2.o(.ARM.Collect$$libinit$$00000016)
    __rt_lib_init_alloca_1                   0x08000227   Thumb Code     0  libinit2.o(.ARM.Collect$$libinit$$0000002E)
    __rt_lib_init_argv_1                     0x08000227   Thumb Code     0  libinit2.o(.ARM.Collect$$libinit$$0000002C)
    __rt_lib_init_atexit_1                   0x08000227   Thumb Code     0  libinit2.o(.ARM.Collect$$libinit$$0000001B)
    __rt_lib_init_clock_1                    0x08000227   Thumb Code     0  libinit2.o(.ARM.Collect$$libinit$$00000021)
    __rt_lib_init_cpp_1                      0x08000227   Thumb Code     0  libinit2.o(.ARM.Collect$$libinit$$00000032)
    __rt_lib_init_exceptions_1               0x08000227   Thumb Code     0  libinit2.o(.ARM.Collect$$libinit$$00000030)
    __rt_lib_init_fp_trap_1                  0x08000227   Thumb Code     0  libinit2.o(.ARM.Collect$$libinit$$0000001F)
    __rt_lib_init_getenv_1                   0x08000227   Thumb Code     0  libinit2.o(.ARM.Collect$$libinit$$00000023)
    __rt_lib_init_lc_numeric_1               0x08000227   Thumb Code     0  libinit2.o(.ARM.Collect$$libinit$$00000017)
    __rt_lib_init_lc_time_1                  0x08000227   Thumb Code     0  libinit2.o(.ARM.Collect$$libinit$$00000019)
    __rt_lib_init_return                     0x08000227   Thumb Code     0  libinit2.o(.ARM.Collect$$libinit$$00000033)
    __rt_lib_init_signal_1                   0x08000227   Thumb Code     0  libinit2.o(.ARM.Collect$$libinit$$0000001D)
    __rt_lib_init_stdio_1                    0x08000227   Thumb Code     0  libinit2.o(.ARM.Collect$$libinit$$00000025)
    __rt_lib_shutdown                        0x08000229   Thumb Code     0  libshutdown.o(.ARM.Collect$$libshutdown$$00000000)
    __rt_lib_shutdown_cpp_1                  0x0800022b   Thumb Code     0  libshutdown2.o(.ARM.Collect$$libshutdown$$00000004)
    __rt_lib_shutdown_fini_1                 0x0800022b   Thumb Code     0  libshutdown2.o(.ARM.Collect$$libshutdown$$00000002)
    __rt_lib_shutdown_fp_trap_1              0x0800022b   Thumb Code     0  libshutdown2.o(.ARM.Collect$$libshutdown$$00000009)
    __rt_lib_shutdown_heap_1                 0x0800022b   Thumb Code     0  libshutdown2.o(.ARM.Collect$$libshutdown$$00000011)
    __rt_lib_shutdown_return                 0x0800022b   Thumb Code     0  libshutdown2.o(.ARM.Collect$$libshutdown$$00000012)
    __rt_lib_shutdown_signal_1               0x0800022b   Thumb Code     0  libshutdown2.o(.ARM.Collect$$libshutdown$$0000000C)
    __rt_lib_shutdown_stdio_1                0x0800022b   Thumb Code     0  libshutdown2.o(.ARM.Collect$$libshutdown$$00000006)
    __rt_lib_shutdown_user_alloc_1           0x0800022b   Thumb Code     0  libshutdown2.o(.ARM.Collect$$libshutdown$$0000000E)
    __rt_entry                               0x0800022d   Thumb Code     0  __rtentry.o(.ARM.Collect$$rtentry$$00000000)
    __rt_entry_presh_1                       0x0800022d   Thumb Code     0  __rtentry2.o(.ARM.Collect$$rtentry$$00000002)
    __rt_entry_sh                            0x0800022d   Thumb Code     0  __rtentry4.o(.ARM.Collect$$rtentry$$00000004)
    __rt_entry_li                            0x08000233   Thumb Code     0  __rtentry2.o(.ARM.Collect$$rtentry$$0000000A)
    __rt_entry_postsh_1                      0x08000233   Thumb Code     0  __rtentry2.o(.ARM.Collect$$rtentry$$00000009)
    __rt_entry_main                          0x08000237   Thumb Code     0  __rtentry2.o(.ARM.Collect$$rtentry$$0000000D)
    __rt_entry_postli_1                      0x08000237   Thumb Code     0  __rtentry2.o(.ARM.Collect$$rtentry$$0000000C)
    __rt_exit                                0x0800023f   Thumb Code     0  rtexit.o(.ARM.Collect$$rtexit$$00000000)
    __rt_exit_ls                             0x08000241   Thumb Code     0  rtexit2.o(.ARM.Collect$$rtexit$$00000003)
    __rt_exit_prels_1                        0x08000241   Thumb Code     0  rtexit2.o(.ARM.Collect$$rtexit$$00000002)
    __rt_exit_exit                           0x08000245   Thumb Code     0  rtexit2.o(.ARM.Collect$$rtexit$$00000004)
    SVC_Handler                              0x0800024d   Thumb Code    28  port.o(.emb_text)
    __asm___6_port_c_39a90d8d__prvStartFirstTask 0x0800026d   Thumb Code    36  port.o(.emb_text)
    __asm___6_port_c_39a90d8d__prvEnableVFP  0x08000295   Thumb Code    16  port.o(.emb_text)
    PendSV_Handler                           0x080002a9   Thumb Code    88  port.o(.emb_text)
    vPortGetIPSR                             0x08000305   Thumb Code     6  port.o(.emb_text)
    Reset_Handler                            0x0800032d   Thumb Code     8  startup_stm32l432xx.o(.text)
    ADC1_IRQHandler                          0x08000347   Thumb Code     0  startup_stm32l432xx.o(.text)
    CAN1_RX0_IRQHandler                      0x08000347   Thumb Code     0  startup_stm32l432xx.o(.text)
    CAN1_RX1_IRQHandler                      0x08000347   Thumb Code     0  startup_stm32l432xx.o(.text)
    CAN1_SCE_IRQHandler                      0x08000347   Thumb Code     0  startup_stm32l432xx.o(.text)
    CAN1_TX_IRQHandler                       0x08000347   Thumb Code     0  startup_stm32l432xx.o(.text)
    COMP_IRQHandler                          0x08000347   Thumb Code     0  startup_stm32l432xx.o(.text)
    CRS_IRQHandler                           0x08000347   Thumb Code     0  startup_stm32l432xx.o(.text)
    DMA1_Channel1_IRQHandler                 0x08000347   Thumb Code     0  startup_stm32l432xx.o(.text)
    DMA1_Channel2_IRQHandler                 0x08000347   Thumb Code     0  startup_stm32l432xx.o(.text)
    DMA1_Channel3_IRQHandler                 0x08000347   Thumb Code     0  startup_stm32l432xx.o(.text)
    DMA1_Channel4_IRQHandler                 0x08000347   Thumb Code     0  startup_stm32l432xx.o(.text)
    DMA1_Channel5_IRQHandler                 0x08000347   Thumb Code     0  startup_stm32l432xx.o(.text)
    DMA1_Channel6_IRQHandler                 0x08000347   Thumb Code     0  startup_stm32l432xx.o(.text)
    DMA1_Channel7_IRQHandler                 0x08000347   Thumb Code     0  startup_stm32l432xx.o(.text)
    DMA2_Channel1_IRQHandler                 0x08000347   Thumb Code     0  startup_stm32l432xx.o(.text)
    DMA2_Channel2_IRQHandler                 0x08000347   Thumb Code     0  startup_stm32l432xx.o(.text)
    DMA2_Channel3_IRQHandler                 0x08000347   Thumb Code     0  startup_stm32l432xx.o(.text)
    DMA2_Channel4_IRQHandler                 0x08000347   Thumb Code     0  startup_stm32l432xx.o(.text)
    DMA2_Channel5_IRQHandler                 0x08000347   Thumb Code     0  startup_stm32l432xx.o(.text)
    DMA2_Channel6_IRQHandler                 0x08000347   Thumb Code     0  startup_stm32l432xx.o(.text)
    DMA2_Channel7_IRQHandler                 0x08000347   Thumb Code     0  startup_stm32l432xx.o(.text)
    EXTI0_IRQHandler                         0x08000347   Thumb Code     0  startup_stm32l432xx.o(.text)
    EXTI15_10_IRQHandler                     0x08000347   Thumb Code     0  startup_stm32l432xx.o(.text)
    EXTI1_IRQHandler                         0x08000347   Thumb Code     0  startup_stm32l432xx.o(.text)
    EXTI2_IRQHandler                         0x08000347   Thumb Code     0  startup_stm32l432xx.o(.text)
    EXTI3_IRQHandler                         0x08000347   Thumb Code     0  startup_stm32l432xx.o(.text)
    EXTI4_IRQHandler                         0x08000347   Thumb Code     0  startup_stm32l432xx.o(.text)
    EXTI9_5_IRQHandler                       0x08000347   Thumb Code     0  startup_stm32l432xx.o(.text)
    FLASH_IRQHandler                         0x08000347   Thumb Code     0  startup_stm32l432xx.o(.text)
    FPU_IRQHandler                           0x08000347   Thumb Code     0  startup_stm32l432xx.o(.text)
    I2C1_ER_IRQHandler                       0x08000347   Thumb Code     0  startup_stm32l432xx.o(.text)
    I2C1_EV_IRQHandler                       0x08000347   Thumb Code     0  startup_stm32l432xx.o(.text)
    I2C3_ER_IRQHandler                       0x08000347   Thumb Code     0  startup_stm32l432xx.o(.text)
    I2C3_EV_IRQHandler                       0x08000347   Thumb Code     0  startup_stm32l432xx.o(.text)
    LPTIM1_IRQHandler                        0x08000347   Thumb Code     0  startup_stm32l432xx.o(.text)
    LPTIM2_IRQHandler                        0x08000347   Thumb Code     0  startup_stm32l432xx.o(.text)
    LPUART1_IRQHandler                       0x08000347   Thumb Code     0  startup_stm32l432xx.o(.text)
    PVD_PVM_IRQHandler                       0x08000347   Thumb Code     0  startup_stm32l432xx.o(.text)
    QUADSPI_IRQHandler                       0x08000347   Thumb Code     0  startup_stm32l432xx.o(.text)
    RCC_IRQHandler                           0x08000347   Thumb Code     0  startup_stm32l432xx.o(.text)
    RNG_IRQHandler                           0x08000347   Thumb Code     0  startup_stm32l432xx.o(.text)
    RTC_Alarm_IRQHandler                     0x08000347   Thumb Code     0  startup_stm32l432xx.o(.text)
    RTC_WKUP_IRQHandler                      0x08000347   Thumb Code     0  startup_stm32l432xx.o(.text)
    SAI1_IRQHandler                          0x08000347   Thumb Code     0  startup_stm32l432xx.o(.text)
    SPI1_IRQHandler                          0x08000347   Thumb Code     0  startup_stm32l432xx.o(.text)
    SPI3_IRQHandler                          0x08000347   Thumb Code     0  startup_stm32l432xx.o(.text)
    SWPMI1_IRQHandler                        0x08000347   Thumb Code     0  startup_stm32l432xx.o(.text)
    TAMP_STAMP_IRQHandler                    0x08000347   Thumb Code     0  startup_stm32l432xx.o(.text)
    TIM1_BRK_TIM15_IRQHandler                0x08000347   Thumb Code     0  startup_stm32l432xx.o(.text)
    TIM1_TRG_COM_IRQHandler                  0x08000347   Thumb Code     0  startup_stm32l432xx.o(.text)
    TIM2_IRQHandler                          0x08000347   Thumb Code     0  startup_stm32l432xx.o(.text)
    TIM6_DAC_IRQHandler                      0x08000347   Thumb Code     0  startup_stm32l432xx.o(.text)
    TIM7_IRQHandler                          0x08000347   Thumb Code     0  startup_stm32l432xx.o(.text)
    TSC_IRQHandler                           0x08000347   Thumb Code     0  startup_stm32l432xx.o(.text)
    USART1_IRQHandler                        0x08000347   Thumb Code     0  startup_stm32l432xx.o(.text)
    USART2_IRQHandler                        0x08000347   Thumb Code     0  startup_stm32l432xx.o(.text)
    USB_IRQHandler                           0x08000347   Thumb Code     0  startup_stm32l432xx.o(.text)
    WWDG_IRQHandler                          0x08000347   Thumb Code     0  startup_stm32l432xx.o(.text)
    __user_initial_stackheap                 0x08000349   Thumb Code     0  startup_stm32l432xx.o(.text)
    __aeabi_uldivmod                         0x0800036d   Thumb Code     0  lludivv7m.o(.text)
    _ll_udiv                                 0x0800036d   Thumb Code   238  lludivv7m.o(.text)
    __2sprintf                               0x0800045d   Thumb Code    34  noretval__2sprintf.o(.text)
    __printf                                 0x08000485   Thumb Code   104  __printf.o(.text)
    _printf_int_dec                          0x080004ed   Thumb Code   104  _printf_dec.o(.text)
    __aeabi_memcpy                           0x08000565   Thumb Code     0  rt_memcpy_v6.o(.text)
    __rt_memcpy                              0x08000565   Thumb Code   138  rt_memcpy_v6.o(.text)
    _memcpy_lastbytes                        0x080005cb   Thumb Code     0  rt_memcpy_v6.o(.text)
    __aeabi_memset                           0x080005ef   Thumb Code    16  aeabi_memset.o(.text)
    __aeabi_memclr4                          0x080005ff   Thumb Code     0  rt_memclr_w.o(.text)
    __aeabi_memclr8                          0x080005ff   Thumb Code     0  rt_memclr_w.o(.text)
    __rt_memclr_w                            0x080005ff   Thumb Code    78  rt_memclr_w.o(.text)
    _memset_w                                0x08000603   Thumb Code     0  rt_memclr_w.o(.text)
    __use_two_region_memory                  0x0800064d   Thumb Code     2  heapauxi.o(.text)
    __rt_heap_escrow$2region                 0x0800064f   Thumb Code     2  heapauxi.o(.text)
    __rt_heap_expand$2region                 0x08000651   Thumb Code     2  heapauxi.o(.text)
    _printf_int_common                       0x08000653   Thumb Code   178  _printf_intcommon.o(.text)
    __lib_sel_fp_printf                      0x08000705   Thumb Code     2  _printf_fp_dec.o(.text)
    _printf_fp_dec_real                      0x080008b7   Thumb Code   620  _printf_fp_dec.o(.text)
    _printf_char_common                      0x08000b33   Thumb Code    32  _printf_char_common.o(.text)
    _sputc                                   0x08000b59   Thumb Code    10  _sputc.o(.text)
    __aeabi_memcpy4                          0x08000b63   Thumb Code     0  rt_memcpy_w.o(.text)
    __aeabi_memcpy8                          0x08000b63   Thumb Code     0  rt_memcpy_w.o(.text)
    __rt_memcpy_w                            0x08000b63   Thumb Code   100  rt_memcpy_w.o(.text)
    _memcpy_lastbytes_aligned                0x08000bab   Thumb Code     0  rt_memcpy_w.o(.text)
    __aeabi_memclr                           0x08000bc7   Thumb Code     0  rt_memclr.o(.text)
    __rt_memclr                              0x08000bc7   Thumb Code    68  rt_memclr.o(.text)
    _memset                                  0x08000bcb   Thumb Code     0  rt_memclr.o(.text)
    __rt_locale                              0x08000c0d   Thumb Code     8  rt_locale_intlibspace.o(.text)
    _ll_udiv10                               0x08000c15   Thumb Code   138  lludiv10.o(.text)
    _printf_fp_infnan                        0x08000ca1   Thumb Code   112  _printf_fp_infnan.o(.text)
    _btod_etento                             0x08000d21   Thumb Code   224  bigflt0.o(.text)
    __user_libspace                          0x08000e05   Thumb Code     8  libspace.o(.text)
    __user_perproc_libspace                  0x08000e05   Thumb Code     0  libspace.o(.text)
    __user_perthread_libspace                0x08000e05   Thumb Code     0  libspace.o(.text)
    __user_setup_stackheap                   0x08000e0d   Thumb Code    74  sys_stackheap_outer.o(.text)
    exit                                     0x08000e57   Thumb Code    18  exit.o(.text)
    strcmp                                   0x08000e69   Thumb Code   128  strcmpv7m.o(.text)
    _sys_exit                                0x08000ee9   Thumb Code     8  sys_exit.o(.text)
    __I$use$semihosting                      0x08000ef5   Thumb Code     0  use_no_semi.o(.text)
    __use_no_semihosting_swi                 0x08000ef5   Thumb Code     2  use_no_semi.o(.text)
    __semihosting_library_function           0x08000ef7   Thumb Code     0  indicate_semi.o(.text)
    _btod_d2e                                0x08000ef7   Thumb Code    62  btod.o(CL$$btod_d2e)
    _d2e_denorm_low                          0x08000f35   Thumb Code    70  btod.o(CL$$btod_d2e_denorm_low)
    _d2e_norm_op1                            0x08000f7b   Thumb Code    96  btod.o(CL$$btod_d2e_norm_op1)
    __btod_div_common                        0x08000fdb   Thumb Code   696  btod.o(CL$$btod_div_common)
    _e2e                                     0x08001313   Thumb Code   220  btod.o(CL$$btod_e2e)
    _btod_ediv                               0x080013ef   Thumb Code    42  btod.o(CL$$btod_ediv)
    _btod_emul                               0x08001419   Thumb Code    42  btod.o(CL$$btod_emul)
    __btod_mult_common                       0x08001443   Thumb Code   580  btod.o(CL$$btod_mult_common)
    BusFault_Handler                         0x08001687   Thumb Code     2  stm32l4xx_it.o(i.BusFault_Handler)
    DebugMon_Handler                         0x08001689   Thumb Code     2  stm32l4xx_it.o(i.DebugMon_Handler)
    Error_Handler                            0x0800168b   Thumb Code     4  main.o(i.Error_Handler)
    Food_Motor_Control                       0x08001691   Thumb Code    56  main.o(i.Food_Motor_Control)
    HAL_GPIO_Init                            0x080016cd   Thumb Code   392  stm32l4xx_hal_gpio.o(i.HAL_GPIO_Init)
    HAL_GPIO_TogglePin                       0x0800186f   Thumb Code    16  stm32l4xx_hal_gpio.o(i.HAL_GPIO_TogglePin)
    HAL_GPIO_WritePin                        0x0800187f   Thumb Code    10  stm32l4xx_hal_gpio.o(i.HAL_GPIO_WritePin)
    HAL_GetTick                              0x08001889   Thumb Code     6  stm32l4xx_hal.o(i.HAL_GetTick)
    HAL_I2CEx_ConfigAnalogFilter             0x08001895   Thumb Code    86  stm32l4xx_hal_i2c_ex.o(i.HAL_I2CEx_ConfigAnalogFilter)
    HAL_I2CEx_ConfigDigitalFilter            0x080018eb   Thumb Code    82  stm32l4xx_hal_i2c_ex.o(i.HAL_I2CEx_ConfigDigitalFilter)
    HAL_I2C_Init                             0x0800193d   Thumb Code   178  stm32l4xx_hal_i2c.o(i.HAL_I2C_Init)
    HAL_I2C_IsDeviceReady                    0x080019f5   Thumb Code   282  stm32l4xx_hal_i2c.o(i.HAL_I2C_IsDeviceReady)
    HAL_I2C_Master_Receive                   0x08001b21   Thumb Code   282  stm32l4xx_hal_i2c.o(i.HAL_I2C_Master_Receive)
    HAL_I2C_Master_Transmit                  0x08001c4d   Thumb Code   282  stm32l4xx_hal_i2c.o(i.HAL_I2C_Master_Transmit)
    HAL_I2C_MspInit                          0x08001d79   Thumb Code   158  stm32l4xx_hal_msp.o(i.HAL_I2C_MspInit)
    HAL_IncTick                              0x08001e25   Thumb Code    12  stm32l4xx_hal.o(i.HAL_IncTick)
    HAL_Init                                 0x08001e35   Thumb Code    30  stm32l4xx_hal.o(i.HAL_Init)
    HAL_InitTick                             0x08001e55   Thumb Code    98  stm32l4xx_hal_timebase_tim.o(i.HAL_InitTick)
    HAL_MspInit                              0x08001ec9   Thumb Code    48  stm32l4xx_hal_msp.o(i.HAL_MspInit)
    HAL_NVIC_EnableIRQ                       0x08001efd   Thumb Code    26  stm32l4xx_hal_cortex.o(i.HAL_NVIC_EnableIRQ)
    HAL_NVIC_SetPriority                     0x08001f19   Thumb Code    60  stm32l4xx_hal_cortex.o(i.HAL_NVIC_SetPriority)
    HAL_NVIC_SetPriorityGrouping             0x08001f59   Thumb Code    26  stm32l4xx_hal_cortex.o(i.HAL_NVIC_SetPriorityGrouping)
    HAL_PWREx_ControlVoltageScaling          0x08001f7d   Thumb Code    90  stm32l4xx_hal_pwr_ex.o(i.HAL_PWREx_ControlVoltageScaling)
    HAL_PWREx_GetVoltageRange                0x08001fe5   Thumb Code    10  stm32l4xx_hal_pwr_ex.o(i.HAL_PWREx_GetVoltageRange)
    HAL_PWR_EnableBkUpAccess                 0x08001ff5   Thumb Code    12  stm32l4xx_hal_pwr.o(i.HAL_PWR_EnableBkUpAccess)
    HAL_RCCEx_EnableMSIPLLMode               0x08002005   Thumb Code    12  stm32l4xx_hal_rcc_ex.o(i.HAL_RCCEx_EnableMSIPLLMode)
    HAL_RCCEx_PeriphCLKConfig                0x08002015   Thumb Code   634  stm32l4xx_hal_rcc_ex.o(i.HAL_RCCEx_PeriphCLKConfig)
    HAL_RCC_ClockConfig                      0x080022a1   Thumb Code   266  stm32l4xx_hal_rcc.o(i.HAL_RCC_ClockConfig)
    HAL_RCC_GetClockConfig                   0x080023c1   Thumb Code    54  stm32l4xx_hal_rcc.o(i.HAL_RCC_GetClockConfig)
    HAL_RCC_GetPCLK1Freq                     0x08002401   Thumb Code    24  stm32l4xx_hal_rcc.o(i.HAL_RCC_GetPCLK1Freq)
    HAL_RCC_GetPCLK2Freq                     0x08002425   Thumb Code    24  stm32l4xx_hal_rcc.o(i.HAL_RCC_GetPCLK2Freq)
    HAL_RCC_GetSysClockFreq                  0x08002449   Thumb Code   150  stm32l4xx_hal_rcc.o(i.HAL_RCC_GetSysClockFreq)
    HAL_RCC_OscConfig                        0x080024ed   Thumb Code  1382  stm32l4xx_hal_rcc.o(i.HAL_RCC_OscConfig)
    HAL_TIMEx_Break2Callback                 0x08002a59   Thumb Code     2  stm32l4xx_hal_tim_ex.o(i.HAL_TIMEx_Break2Callback)
    HAL_TIMEx_BreakCallback                  0x08002a5b   Thumb Code     2  stm32l4xx_hal_tim_ex.o(i.HAL_TIMEx_BreakCallback)
    HAL_TIMEx_CommutCallback                 0x08002a5d   Thumb Code     2  stm32l4xx_hal_tim_ex.o(i.HAL_TIMEx_CommutCallback)
    HAL_TIMEx_MasterConfigSynchronization    0x08002a61   Thumb Code    98  stm32l4xx_hal_tim_ex.o(i.HAL_TIMEx_MasterConfigSynchronization)
    HAL_TIM_Base_Init                        0x08002acd   Thumb Code    98  stm32l4xx_hal_tim.o(i.HAL_TIM_Base_Init)
    HAL_TIM_Base_MspInit                     0x08002b31   Thumb Code   146  stm32l4xx_hal_msp.o(i.HAL_TIM_Base_MspInit)
    HAL_TIM_Base_Start                       0x08002bcd   Thumb Code    66  stm32l4xx_hal_tim.o(i.HAL_TIM_Base_Start)
    HAL_TIM_Base_Start_IT                    0x08002c1d   Thumb Code    76  stm32l4xx_hal_tim.o(i.HAL_TIM_Base_Start_IT)
    HAL_TIM_ConfigClockSource                0x08002c75   Thumb Code   214  stm32l4xx_hal_tim.o(i.HAL_TIM_ConfigClockSource)
    HAL_TIM_IC_CaptureCallback               0x08002d51   Thumb Code     2  stm32l4xx_hal_tim.o(i.HAL_TIM_IC_CaptureCallback)
    HAL_TIM_IC_ConfigChannel                 0x08002d53   Thumb Code   270  stm32l4xx_hal_tim.o(i.HAL_TIM_IC_ConfigChannel)
    HAL_TIM_IC_Init                          0x08002e61   Thumb Code    98  stm32l4xx_hal_tim.o(i.HAL_TIM_IC_Init)
    HAL_TIM_IC_MspInit                       0x08002ec3   Thumb Code     2  stm32l4xx_hal_tim.o(i.HAL_TIM_IC_MspInit)
    HAL_TIM_IC_Start_IT                      0x08002ec5   Thumb Code   254  stm32l4xx_hal_tim.o(i.HAL_TIM_IC_Start_IT)
    HAL_TIM_IRQHandler                       0x08002fd1   Thumb Code   388  stm32l4xx_hal_tim.o(i.HAL_TIM_IRQHandler)
    HAL_TIM_MspPostInit                      0x08003155   Thumb Code    70  stm32l4xx_hal_msp.o(i.HAL_TIM_MspPostInit)
    HAL_TIM_OC_DelayElapsedCallback          0x080031a1   Thumb Code     2  stm32l4xx_hal_tim.o(i.HAL_TIM_OC_DelayElapsedCallback)
    HAL_TIM_PWM_ConfigChannel                0x080031a3   Thumb Code   286  stm32l4xx_hal_tim.o(i.HAL_TIM_PWM_ConfigChannel)
    HAL_TIM_PWM_Init                         0x080032c1   Thumb Code    98  stm32l4xx_hal_tim.o(i.HAL_TIM_PWM_Init)
    HAL_TIM_PWM_MspInit                      0x08003323   Thumb Code     2  stm32l4xx_hal_tim.o(i.HAL_TIM_PWM_MspInit)
    HAL_TIM_PWM_PulseFinishedCallback        0x08003325   Thumb Code     2  stm32l4xx_hal_tim.o(i.HAL_TIM_PWM_PulseFinishedCallback)
    HAL_TIM_PWM_Start                        0x08003329   Thumb Code   190  stm32l4xx_hal_tim.o(i.HAL_TIM_PWM_Start)
    HAL_TIM_PeriodElapsedCallback            0x080033f9   Thumb Code    14  main.o(i.HAL_TIM_PeriodElapsedCallback)
    HAL_TIM_ReadCapturedValue                0x0800340d   Thumb Code    42  stm32l4xx_hal_tim.o(i.HAL_TIM_ReadCapturedValue)
    HAL_TIM_TriggerCallback                  0x08003437   Thumb Code     2  stm32l4xx_hal_tim.o(i.HAL_TIM_TriggerCallback)
    HAL_UART_Init                            0x08003439   Thumb Code   102  stm32l4xx_hal_uart.o(i.HAL_UART_Init)
    HAL_UART_MspInit                         0x080034a1   Thumb Code   236  stm32l4xx_hal_msp.o(i.HAL_UART_MspInit)
    HAL_UART_Transmit                        0x0800359d   Thumb Code   182  stm32l4xx_hal_uart.o(i.HAL_UART_Transmit)
    HardFault_Handler                        0x08003653   Thumb Code     2  stm32l4xx_it.o(i.HardFault_Handler)
    Measure_Weight_Food                      0x08003b51   Thumb Code     8  main.o(i.Measure_Weight_Food)
    Measure_Weight_Water                     0x08003b59   Thumb Code     8  main.o(i.Measure_Weight_Water)
    MemManage_Handler                        0x08003b61   Thumb Code     2  stm32l4xx_it.o(i.MemManage_Handler)
    NMI_Handler                              0x08003b63   Thumb Code     2  stm32l4xx_it.o(i.NMI_Handler)
    StartDefaultTask                         0x08003d0d   Thumb Code   398  main.o(i.StartDefaultTask)
    StartTask02                              0x08003ebd   Thumb Code   192  main.o(i.StartTask02)
    StartTemp                                0x08003f8d   Thumb Code     8  main.o(i.StartTemp)
    Start_Water_Control                      0x08003f95   Thumb Code    40  main.o(i.Start_Water_Control)
    SysTick_Handler                          0x08003fc1   Thumb Code    26  cmsis_os2.o(i.SysTick_Handler)
    SystemClock_Config                       0x08003fdd   Thumb Code   140  main.o(i.SystemClock_Config)
    SystemInit                               0x0800406d   Thumb Code    48  system_stm32l4xx.o(i.SystemInit)
    TIM1_CC_IRQHandler                       0x080040a9   Thumb Code   394  stm32l4xx_it.o(i.TIM1_CC_IRQHandler)
    TIM1_UP_TIM16_IRQHandler                 0x0800425d   Thumb Code    18  stm32l4xx_it.o(i.TIM1_UP_TIM16_IRQHandler)
    TIM_Base_SetConfig                       0x08004279   Thumb Code    94  stm32l4xx_hal_tim.o(i.TIM_Base_SetConfig)
    TIM_CCxChannelCmd                        0x080042e5   Thumb Code    26  stm32l4xx_hal_tim.o(i.TIM_CCxChannelCmd)
    TIM_ETR_SetConfig                        0x080042ff   Thumb Code    20  stm32l4xx_hal_tim.o(i.TIM_ETR_SetConfig)
    TIM_OC2_SetConfig                        0x0800439d   Thumb Code   102  stm32l4xx_hal_tim.o(i.TIM_OC2_SetConfig)
    TIM_TI1_SetConfig                        0x080045c5   Thumb Code    70  stm32l4xx_hal_tim.o(i.TIM_TI1_SetConfig)
    UART_AdvFeatureConfig                    0x0800466f   Thumb Code   200  stm32l4xx_hal_uart.o(i.UART_AdvFeatureConfig)
    UART_CheckIdleState                      0x08004737   Thumb Code    92  stm32l4xx_hal_uart.o(i.UART_CheckIdleState)
    UART_SetConfig                           0x08004795   Thumb Code   450  stm32l4xx_hal_uart.o(i.UART_SetConfig)
    UART_WaitOnFlagUntilTimeout              0x08004975   Thumb Code   164  stm32l4xx_hal_uart.o(i.UART_WaitOnFlagUntilTimeout)
    UsageFault_Handler                       0x08004a19   Thumb Code     2  stm32l4xx_it.o(i.UsageFault_Handler)
    __ARM_fpclassify                         0x08004a1b   Thumb Code    48  fpclassify.o(i.__ARM_fpclassify)
    main                                     0x08004a6d   Thumb Code   140  main.o(i.main)
    osDelay                                  0x08004b1d   Thumb Code    26  cmsis_os2.o(i.osDelay)
    osKernelInitialize                       0x08004b39   Thumb Code    32  cmsis_os2.o(i.osKernelInitialize)
    osKernelStart                            0x08004b5d   Thumb Code    48  cmsis_os2.o(i.osKernelStart)
    osThreadNew                              0x08004b95   Thumb Code   138  cmsis_os2.o(i.osThreadNew)
    pvPortMalloc                             0x080053bd   Thumb Code   216  heap_4.o(i.pvPortMalloc)
    pxPortInitialiseStack                    0x08005499   Thumb Code    40  port.o(i.pxPortInitialiseStack)
    uxListRemove                             0x080054c5   Thumb Code    38  list.o(i.uxListRemove)
    vApplicationGetIdleTaskMemory            0x080054ed   Thumb Code    16  cmsis_os2.o(i.vApplicationGetIdleTaskMemory)
    vApplicationGetTimerTaskMemory           0x08005501   Thumb Code    18  cmsis_os2.o(i.vApplicationGetTimerTaskMemory)
    vListInitialise                          0x08005519   Thumb Code    22  list.o(i.vListInitialise)
    vListInitialiseItem                      0x0800552f   Thumb Code     6  list.o(i.vListInitialiseItem)
    vListInsert                              0x08005535   Thumb Code    48  list.o(i.vListInsert)
    vListInsertEnd                           0x08005565   Thumb Code    24  list.o(i.vListInsertEnd)
    vPortEnterCritical                       0x0800557d   Thumb Code    54  port.o(i.vPortEnterCritical)
    vPortExitCritical                        0x080055bd   Thumb Code    34  port.o(i.vPortExitCritical)
    vPortFree                                0x080055e5   Thumb Code    94  heap_4.o(i.vPortFree)
    vPortSetupTimerInterrupt                 0x08005649   Thumb Code    32  port.o(i.vPortSetupTimerInterrupt)
    vPortValidateInterruptPriority           0x0800566d   Thumb Code    74  port.o(i.vPortValidateInterruptPriority)
    vQueueAddToRegistry                      0x080056c1   Thumb Code    34  queue.o(i.vQueueAddToRegistry)
    vQueueWaitForMessageRestricted           0x080056e9   Thumb Code    68  queue.o(i.vQueueWaitForMessageRestricted)
    vTaskDelay                               0x0800572d   Thumb Code    66  tasks.o(i.vTaskDelay)
    vTaskInternalSetTimeOutState             0x08005779   Thumb Code    12  tasks.o(i.vTaskInternalSetTimeOutState)
    vTaskMissedYield                         0x08005789   Thumb Code     8  tasks.o(i.vTaskMissedYield)
    vTaskPlaceOnEventList                    0x08005795   Thumb Code    44  tasks.o(i.vTaskPlaceOnEventList)
    vTaskPlaceOnEventListRestricted          0x080057c5   Thumb Code    52  tasks.o(i.vTaskPlaceOnEventListRestricted)
    vTaskStartScheduler                      0x080057fd   Thumb Code   118  tasks.o(i.vTaskStartScheduler)
    vTaskSuspendAll                          0x08005885   Thumb Code    10  tasks.o(i.vTaskSuspendAll)
    vTaskSwitchContext                       0x08005895   Thumb Code    90  tasks.o(i.vTaskSwitchContext)
    xPortStartScheduler                      0x080058f9   Thumb Code   222  port.o(i.xPortStartScheduler)
    xPortSysTickHandler                      0x080059ed   Thumb Code    38  port.o(i.xPortSysTickHandler)
    xQueueGenericCreateStatic                0x08005a19   Thumb Code   102  queue.o(i.xQueueGenericCreateStatic)
    xQueueGenericReset                       0x08005a81   Thumb Code   132  queue.o(i.xQueueGenericReset)
    xQueueGenericSend                        0x08005b09   Thumb Code   346  queue.o(i.xQueueGenericSend)
    xQueueGenericSendFromISR                 0x08005c69   Thumb Code   190  queue.o(i.xQueueGenericSendFromISR)
    xQueueReceive                            0x08005d29   Thumb Code   308  queue.o(i.xQueueReceive)
    xTaskCheckForTimeOut                     0x08005e61   Thumb Code   112  tasks.o(i.xTaskCheckForTimeOut)
    xTaskCreate                              0x08005ed5   Thumb Code    90  tasks.o(i.xTaskCreate)
    xTaskCreateStatic                        0x08005f35   Thumb Code    86  tasks.o(i.xTaskCreateStatic)
    xTaskGetSchedulerState                   0x08005f8d   Thumb Code    22  tasks.o(i.xTaskGetSchedulerState)
    xTaskGetTickCount                        0x08005fa9   Thumb Code     6  tasks.o(i.xTaskGetTickCount)
    xTaskIncrementTick                       0x08005fb5   Thumb Code   192  tasks.o(i.xTaskIncrementTick)
    xTaskPriorityDisinherit                  0x0800607d   Thumb Code   118  tasks.o(i.xTaskPriorityDisinherit)
    xTaskRemoveFromEventList                 0x080060fd   Thumb Code    98  tasks.o(i.xTaskRemoveFromEventList)
    xTaskResumeAll                           0x0800616d   Thumb Code   182  tasks.o(i.xTaskResumeAll)
    xTimerCreateTimerTask                    0x08006231   Thumb Code    78  timers.o(i.xTimerCreateTimerTask)
    xTimerGenericCommand                     0x08006291   Thumb Code    98  timers.o(i.xTimerGenericCommand)
    _get_lc_numeric                          0x080062f9   Thumb Code    44  lc_numeric_c.o(locale$$code)
    __aeabi_ui2d                             0x08006325   Thumb Code     0  dflt_clz.o(x$fpl$dfltu)
    _dfltu                                   0x08006325   Thumb Code    38  dflt_clz.o(x$fpl$dfltu)
    __aeabi_dmul                             0x0800634d   Thumb Code     0  dmul.o(x$fpl$dmul)
    _dmul                                    0x0800634d   Thumb Code   332  dmul.o(x$fpl$dmul)
    __fpl_dnaninf                            0x080064a1   Thumb Code   156  dnaninf.o(x$fpl$dnaninf)
    __fpl_dretinf                            0x0800653d   Thumb Code    12  dretinf.o(x$fpl$dretinf)
    _fp_init                                 0x08006549   Thumb Code    10  fpinit.o(x$fpl$fpinit)
    __fplib_config_fpu_vfp                   0x08006551   Thumb Code     0  fpinit.o(x$fpl$fpinit)
    __fplib_config_pureend_doubles           0x08006551   Thumb Code     0  fpinit.o(x$fpl$fpinit)
    _printf_fp_dec                           0x08006553   Thumb Code     4  printf1.o(x$fpl$printf1)
    __I$use$fp                               0x08006556   Number         0  usenofp.o(x$fpl$usenofp)
    US_Water_attributes                      0x08006558   Data          36  main.o(.constdata)
    US_Food_attributes                       0x0800657c   Data          36  main.o(.constdata)
    Weight_Food_attributes                   0x080065a0   Data          36  main.o(.constdata)
    Weight_Water_attributes                  0x080065c4   Data          36  main.o(.constdata)
    WaterValve_attributes                    0x080065e8   Data          36  main.o(.constdata)
    FoodMotor_attributes                     0x0800660c   Data          36  main.o(.constdata)
    Temp_attributes                          0x08006630   Data          36  main.o(.constdata)
    AHBPrescTable                            0x08006654   Data          16  system_stm32l4xx.o(.constdata)
    MSIRangeTable                            0x08006664   Data          48  system_stm32l4xx.o(.constdata)
    APBPrescTable                            0x08006694   Data           8  system_stm32l4xx.o(.constdata)
    Region$$Table$$Base                      0x08006780   Number         0  anon$$obj.o(Region$$Table)
    Region$$Table$$Limit                     0x080067a0   Number         0  anon$$obj.o(Region$$Table)
    foodOrWater                              0x20000000   Data           4  main.o(.data)
    flagforfood                              0x20000004   Data           4  main.o(.data)
    US_WaterHandle                           0x20000008   Data           4  main.o(.data)
    US_FoodHandle                            0x2000000c   Data           4  main.o(.data)
    Weight_FoodHandle                        0x20000010   Data           4  main.o(.data)
    Weight_WaterHandle                       0x20000014   Data           4  main.o(.data)
    WaterValveHandle                         0x20000018   Data           4  main.o(.data)
    FoodMotorHandle                          0x2000001c   Data           4  main.o(.data)
    TempHandle                               0x20000020   Data           4  main.o(.data)
    flagCH1                                  0x20000024   Data           1  stm32l4xx_it.o(.data)
    flagCH2                                  0x20000025   Data           1  stm32l4xx_it.o(.data)
    newline                                  0x20000026   Data           3  stm32l4xx_it.o(.data)
    start                                    0x2000002c   Data           4  stm32l4xx_it.o(.data)
    end                                      0x20000030   Data           4  stm32l4xx_it.o(.data)
    start1                                   0x20000034   Data           4  stm32l4xx_it.o(.data)
    end1                                     0x20000038   Data           4  stm32l4xx_it.o(.data)
    food                                     0x2000003c   Data           7  stm32l4xx_it.o(.data)
    water                                    0x20000043   Data           8  stm32l4xx_it.o(.data)
    uwTickFreq                               0x2000004c   Data           1  stm32l4xx_hal.o(.data)
    uwTickPrio                               0x20000050   Data           4  stm32l4xx_hal.o(.data)
    uwTick                                   0x20000054   Data           4  stm32l4xx_hal.o(.data)
    SystemCoreClock                          0x20000058   Data           4  system_stm32l4xx.o(.data)
    pxCurrentTCB                             0x2000005c   Data           4  tasks.o(.data)
    hi2c3                                    0x200000dc   Data          76  main.o(.bss)
    htim1                                    0x20000128   Data          76  main.o(.bss)
    htim2                                    0x20000174   Data          76  main.o(.bss)
    huart1                                   0x200001c0   Data         132  main.o(.bss)
    huart2                                   0x20000244   Data         132  main.o(.bss)
    msg                                      0x200002c8   Data           9  stm32l4xx_it.o(.bss)
    msg1                                     0x200002d1   Data           9  stm32l4xx_it.o(.bss)
    htim16                                   0x200002dc   Data          76  stm32l4xx_hal_timebase_tim.o(.bss)
    xQueueRegistry                           0x20000328   Data          64  queue.o(.bss)
    __libspace_start                         0x20002f3c   Data          96  libspace.o(.bss)
    __temporary_stack_top$libspace           0x20002f9c   Data           0  libspace.o(.bss)



==============================================================================

Memory Map of the image

  Image Entry point : 0x0800018d

  Load Region LR_IROM1 (Base: 0x08000000, Size: 0x00006898, Max: 0x00040000, ABSOLUTE)

    Execution Region ER_IROM1 (Exec base: 0x08000000, Load base: 0x08000000, Size: 0x000067bc, Max: 0x00040000, ABSOLUTE)

    Exec Addr    Load Addr    Size         Type   Attr      Idx    E Section Name        Object

    0x08000000   0x08000000   0x0000018c   Data   RO            3    RESET               startup_stm32l432xx.o
    0x0800018c   0x0800018c   0x00000008   Code   RO         5723  * !!!main             c_w.l(__main.o)
    0x08000194   0x08000194   0x00000034   Code   RO         5965    !!!scatter          c_w.l(__scatter.o)
    0x080001c8   0x080001c8   0x0000001a   Code   RO         5967    !!handler_copy      c_w.l(__scatter_copy.o)
    0x080001e2   0x080001e2   0x00000002   PAD
    0x080001e4   0x080001e4   0x0000001c   Code   RO         5969    !!handler_zi        c_w.l(__scatter_zi.o)
    0x08000200   0x08000200   0x00000000   Code   RO         5712    .ARM.Collect$$_printf_percent$$00000000  c_w.l(_printf_percent.o)
    0x08000200   0x08000200   0x00000006   Code   RO         5711    .ARM.Collect$$_printf_percent$$00000003  c_w.l(_printf_f.o)
    0x08000206   0x08000206   0x00000006   Code   RO         5710    .ARM.Collect$$_printf_percent$$00000009  c_w.l(_printf_d.o)
    0x0800020c   0x0800020c   0x00000004   Code   RO         5748    .ARM.Collect$$_printf_percent$$00000017  c_w.l(_printf_percent_end.o)
    0x08000210   0x08000210   0x00000002   Code   RO         5836    .ARM.Collect$$libinit$$00000000  c_w.l(libinit.o)
    0x08000212   0x08000212   0x00000004   Code   RO         5837    .ARM.Collect$$libinit$$00000001  c_w.l(libinit2.o)
    0x08000216   0x08000216   0x00000000   Code   RO         5840    .ARM.Collect$$libinit$$00000004  c_w.l(libinit2.o)
    0x08000216   0x08000216   0x00000000   Code   RO         5843    .ARM.Collect$$libinit$$0000000A  c_w.l(libinit2.o)
    0x08000216   0x08000216   0x00000000   Code   RO         5845    .ARM.Collect$$libinit$$0000000C  c_w.l(libinit2.o)
    0x08000216   0x08000216   0x00000000   Code   RO         5847    .ARM.Collect$$libinit$$0000000E  c_w.l(libinit2.o)
    0x08000216   0x08000216   0x00000006   Code   RO         5848    .ARM.Collect$$libinit$$0000000F  c_w.l(libinit2.o)
    0x0800021c   0x0800021c   0x00000000   Code   RO         5850    .ARM.Collect$$libinit$$00000011  c_w.l(libinit2.o)
    0x0800021c   0x0800021c   0x00000000   Code   RO         5852    .ARM.Collect$$libinit$$00000013  c_w.l(libinit2.o)
    0x0800021c   0x0800021c   0x00000000   Code   RO         5854    .ARM.Collect$$libinit$$00000015  c_w.l(libinit2.o)
    0x0800021c   0x0800021c   0x0000000a   Code   RO         5855    .ARM.Collect$$libinit$$00000016  c_w.l(libinit2.o)
    0x08000226   0x08000226   0x00000000   Code   RO         5856    .ARM.Collect$$libinit$$00000017  c_w.l(libinit2.o)
    0x08000226   0x08000226   0x00000000   Code   RO         5858    .ARM.Collect$$libinit$$00000019  c_w.l(libinit2.o)
    0x08000226   0x08000226   0x00000000   Code   RO         5860    .ARM.Collect$$libinit$$0000001B  c_w.l(libinit2.o)
    0x08000226   0x08000226   0x00000000   Code   RO         5862    .ARM.Collect$$libinit$$0000001D  c_w.l(libinit2.o)
    0x08000226   0x08000226   0x00000000   Code   RO         5864    .ARM.Collect$$libinit$$0000001F  c_w.l(libinit2.o)
    0x08000226   0x08000226   0x00000000   Code   RO         5866    .ARM.Collect$$libinit$$00000021  c_w.l(libinit2.o)
    0x08000226   0x08000226   0x00000000   Code   RO         5868    .ARM.Collect$$libinit$$00000023  c_w.l(libinit2.o)
    0x08000226   0x08000226   0x00000000   Code   RO         5870    .ARM.Collect$$libinit$$00000025  c_w.l(libinit2.o)
    0x08000226   0x08000226   0x00000000   Code   RO         5874    .ARM.Collect$$libinit$$0000002C  c_w.l(libinit2.o)
    0x08000226   0x08000226   0x00000000   Code   RO         5876    .ARM.Collect$$libinit$$0000002E  c_w.l(libinit2.o)
    0x08000226   0x08000226   0x00000000   Code   RO         5878    .ARM.Collect$$libinit$$00000030  c_w.l(libinit2.o)
    0x08000226   0x08000226   0x00000000   Code   RO         5880    .ARM.Collect$$libinit$$00000032  c_w.l(libinit2.o)
    0x08000226   0x08000226   0x00000002   Code   RO         5881    .ARM.Collect$$libinit$$00000033  c_w.l(libinit2.o)
    0x08000228   0x08000228   0x00000002   Code   RO         5928    .ARM.Collect$$libshutdown$$00000000  c_w.l(libshutdown.o)
    0x0800022a   0x0800022a   0x00000000   Code   RO         5946    .ARM.Collect$$libshutdown$$00000002  c_w.l(libshutdown2.o)
    0x0800022a   0x0800022a   0x00000000   Code   RO         5948    .ARM.Collect$$libshutdown$$00000004  c_w.l(libshutdown2.o)
    0x0800022a   0x0800022a   0x00000000   Code   RO         5950    .ARM.Collect$$libshutdown$$00000006  c_w.l(libshutdown2.o)
    0x0800022a   0x0800022a   0x00000000   Code   RO         5953    .ARM.Collect$$libshutdown$$00000009  c_w.l(libshutdown2.o)
    0x0800022a   0x0800022a   0x00000000   Code   RO         5956    .ARM.Collect$$libshutdown$$0000000C  c_w.l(libshutdown2.o)
    0x0800022a   0x0800022a   0x00000000   Code   RO         5958    .ARM.Collect$$libshutdown$$0000000E  c_w.l(libshutdown2.o)
    0x0800022a   0x0800022a   0x00000000   Code   RO         5961    .ARM.Collect$$libshutdown$$00000011  c_w.l(libshutdown2.o)
    0x0800022a   0x0800022a   0x00000002   Code   RO         5962    .ARM.Collect$$libshutdown$$00000012  c_w.l(libshutdown2.o)
    0x0800022c   0x0800022c   0x00000000   Code   RO         5735    .ARM.Collect$$rtentry$$00000000  c_w.l(__rtentry.o)
    0x0800022c   0x0800022c   0x00000000   Code   RO         5759    .ARM.Collect$$rtentry$$00000002  c_w.l(__rtentry2.o)
    0x0800022c   0x0800022c   0x00000006   Code   RO         5771    .ARM.Collect$$rtentry$$00000004  c_w.l(__rtentry4.o)
    0x08000232   0x08000232   0x00000000   Code   RO         5761    .ARM.Collect$$rtentry$$00000009  c_w.l(__rtentry2.o)
    0x08000232   0x08000232   0x00000004   Code   RO         5762    .ARM.Collect$$rtentry$$0000000A  c_w.l(__rtentry2.o)
    0x08000236   0x08000236   0x00000000   Code   RO         5764    .ARM.Collect$$rtentry$$0000000C  c_w.l(__rtentry2.o)
    0x08000236   0x08000236   0x00000008   Code   RO         5765    .ARM.Collect$$rtentry$$0000000D  c_w.l(__rtentry2.o)
    0x0800023e   0x0800023e   0x00000002   Code   RO         5882    .ARM.Collect$$rtexit$$00000000  c_w.l(rtexit.o)
    0x08000240   0x08000240   0x00000000   Code   RO         5897    .ARM.Collect$$rtexit$$00000002  c_w.l(rtexit2.o)
    0x08000240   0x08000240   0x00000004   Code   RO         5898    .ARM.Collect$$rtexit$$00000003  c_w.l(rtexit2.o)
    0x08000244   0x08000244   0x00000006   Code   RO         5899    .ARM.Collect$$rtexit$$00000004  c_w.l(rtexit2.o)
    0x0800024a   0x0800024a   0x00000002   PAD
    0x0800024c   0x0800024c   0x000000de   Code   RO         5601    .emb_text           port.o
    0x0800032a   0x0800032a   0x00000002   PAD
    0x0800032c   0x0800032c   0x00000040   Code   RO            4    .text               startup_stm32l432xx.o
    0x0800036c   0x0800036c   0x000000ee   Code   RO         5680    .text               c_w.l(lludivv7m.o)
    0x0800045a   0x0800045a   0x00000002   PAD
    0x0800045c   0x0800045c   0x00000028   Code   RO         5684    .text               c_w.l(noretval__2sprintf.o)
    0x08000484   0x08000484   0x00000068   Code   RO         5686    .text               c_w.l(__printf.o)
    0x080004ec   0x080004ec   0x00000078   Code   RO         5688    .text               c_w.l(_printf_dec.o)
    0x08000564   0x08000564   0x0000008a   Code   RO         5713    .text               c_w.l(rt_memcpy_v6.o)
    0x080005ee   0x080005ee   0x00000010   Code   RO         5717    .text               c_w.l(aeabi_memset.o)
    0x080005fe   0x080005fe   0x0000004e   Code   RO         5719    .text               c_w.l(rt_memclr_w.o)
    0x0800064c   0x0800064c   0x00000006   Code   RO         5721    .text               c_w.l(heapauxi.o)
    0x08000652   0x08000652   0x000000b2   Code   RO         5740    .text               c_w.l(_printf_intcommon.o)
    0x08000704   0x08000704   0x00000424   Code   RO         5742    .text               c_w.l(_printf_fp_dec.o)
    0x08000b28   0x08000b28   0x00000030   Code   RO         5744    .text               c_w.l(_printf_char_common.o)
    0x08000b58   0x08000b58   0x0000000a   Code   RO         5746    .text               c_w.l(_sputc.o)
    0x08000b62   0x08000b62   0x00000064   Code   RO         5749    .text               c_w.l(rt_memcpy_w.o)
    0x08000bc6   0x08000bc6   0x00000044   Code   RO         5751    .text               c_w.l(rt_memclr.o)
    0x08000c0a   0x08000c0a   0x00000002   PAD
    0x08000c0c   0x08000c0c   0x00000008   Code   RO         5778    .text               c_w.l(rt_locale_intlibspace.o)
    0x08000c14   0x08000c14   0x0000008a   Code   RO         5780    .text               c_w.l(lludiv10.o)
    0x08000c9e   0x08000c9e   0x00000002   PAD
    0x08000ca0   0x08000ca0   0x00000080   Code   RO         5782    .text               c_w.l(_printf_fp_infnan.o)
    0x08000d20   0x08000d20   0x000000e4   Code   RO         5786    .text               c_w.l(bigflt0.o)
    0x08000e04   0x08000e04   0x00000008   Code   RO         5818    .text               c_w.l(libspace.o)
    0x08000e0c   0x08000e0c   0x0000004a   Code   RO         5821    .text               c_w.l(sys_stackheap_outer.o)
    0x08000e56   0x08000e56   0x00000012   Code   RO         5823    .text               c_w.l(exit.o)
    0x08000e68   0x08000e68   0x00000080   Code   RO         5829    .text               c_w.l(strcmpv7m.o)
    0x08000ee8   0x08000ee8   0x0000000c   Code   RO         5894    .text               c_w.l(sys_exit.o)
    0x08000ef4   0x08000ef4   0x00000002   Code   RO         5915    .text               c_w.l(use_no_semi.o)
    0x08000ef6   0x08000ef6   0x00000000   Code   RO         5917    .text               c_w.l(indicate_semi.o)
    0x08000ef6   0x08000ef6   0x0000003e   Code   RO         5789    CL$$btod_d2e        c_w.l(btod.o)
    0x08000f34   0x08000f34   0x00000046   Code   RO         5791    CL$$btod_d2e_denorm_low  c_w.l(btod.o)
    0x08000f7a   0x08000f7a   0x00000060   Code   RO         5790    CL$$btod_d2e_norm_op1  c_w.l(btod.o)
    0x08000fda   0x08000fda   0x00000338   Code   RO         5799    CL$$btod_div_common  c_w.l(btod.o)
    0x08001312   0x08001312   0x000000dc   Code   RO         5796    CL$$btod_e2e        c_w.l(btod.o)
    0x080013ee   0x080013ee   0x0000002a   Code   RO         5793    CL$$btod_ediv       c_w.l(btod.o)
    0x08001418   0x08001418   0x0000002a   Code   RO         5792    CL$$btod_emul       c_w.l(btod.o)
    0x08001442   0x08001442   0x00000244   Code   RO         5798    CL$$btod_mult_common  c_w.l(btod.o)
    0x08001686   0x08001686   0x00000002   Code   RO          300    i.BusFault_Handler  stm32l4xx_it.o
    0x08001688   0x08001688   0x00000002   Code   RO          301    i.DebugMon_Handler  stm32l4xx_it.o
    0x0800168a   0x0800168a   0x00000004   Code   RO           13    i.Error_Handler     main.o
    0x0800168e   0x0800168e   0x00000002   PAD
    0x08001690   0x08001690   0x0000003c   Code   RO           14    i.Food_Motor_Control  main.o
    0x080016cc   0x080016cc   0x000001a2   Code   RO         1689    i.HAL_GPIO_Init     stm32l4xx_hal_gpio.o
    0x0800186e   0x0800186e   0x00000010   Code   RO         1692    i.HAL_GPIO_TogglePin  stm32l4xx_hal_gpio.o
    0x0800187e   0x0800187e   0x0000000a   Code   RO         1693    i.HAL_GPIO_WritePin  stm32l4xx_hal_gpio.o
    0x08001888   0x08001888   0x0000000c   Code   RO          490    i.HAL_GetTick       stm32l4xx_hal.o
    0x08001894   0x08001894   0x00000056   Code   RO         1145    i.HAL_I2CEx_ConfigAnalogFilter  stm32l4xx_hal_i2c_ex.o
    0x080018ea   0x080018ea   0x00000052   Code   RO         1146    i.HAL_I2CEx_ConfigDigitalFilter  stm32l4xx_hal_i2c_ex.o
    0x0800193c   0x0800193c   0x000000b8   Code   RO          694    i.HAL_I2C_Init      stm32l4xx_hal_i2c.o
    0x080019f4   0x080019f4   0x0000012a   Code   RO          695    i.HAL_I2C_IsDeviceReady  stm32l4xx_hal_i2c.o
    0x08001b1e   0x08001b1e   0x00000002   PAD
    0x08001b20   0x08001b20   0x0000012a   Code   RO          700    i.HAL_I2C_Master_Receive  stm32l4xx_hal_i2c.o
    0x08001c4a   0x08001c4a   0x00000002   PAD
    0x08001c4c   0x08001c4c   0x0000012a   Code   RO          707    i.HAL_I2C_Master_Transmit  stm32l4xx_hal_i2c.o
    0x08001d76   0x08001d76   0x00000002   PAD
    0x08001d78   0x08001d78   0x000000ac   Code   RO          375    i.HAL_I2C_MspInit   stm32l4xx_hal_msp.o
    0x08001e24   0x08001e24   0x00000010   Code   RO          496    i.HAL_IncTick       stm32l4xx_hal.o
    0x08001e34   0x08001e34   0x0000001e   Code   RO          497    i.HAL_Init          stm32l4xx_hal.o
    0x08001e52   0x08001e52   0x00000002   PAD
    0x08001e54   0x08001e54   0x00000074   Code   RO          440    i.HAL_InitTick      stm32l4xx_hal_timebase_tim.o
    0x08001ec8   0x08001ec8   0x00000034   Code   RO          376    i.HAL_MspInit       stm32l4xx_hal_msp.o
    0x08001efc   0x08001efc   0x0000001a   Code   RO         2206    i.HAL_NVIC_EnableIRQ  stm32l4xx_hal_cortex.o
    0x08001f16   0x08001f16   0x00000002   PAD
    0x08001f18   0x08001f18   0x00000040   Code   RO         2212    i.HAL_NVIC_SetPriority  stm32l4xx_hal_cortex.o
    0x08001f58   0x08001f58   0x00000024   Code   RO         2213    i.HAL_NVIC_SetPriorityGrouping  stm32l4xx_hal_cortex.o
    0x08001f7c   0x08001f7c   0x00000068   Code   RO         1980    i.HAL_PWREx_ControlVoltageScaling  stm32l4xx_hal_pwr_ex.o
    0x08001fe4   0x08001fe4   0x00000010   Code   RO         2007    i.HAL_PWREx_GetVoltageRange  stm32l4xx_hal_pwr_ex.o
    0x08001ff4   0x08001ff4   0x00000010   Code   RO         1872    i.HAL_PWR_EnableBkUpAccess  stm32l4xx_hal_pwr.o
    0x08002004   0x08002004   0x00000010   Code   RO         1316    i.HAL_RCCEx_EnableMSIPLLMode  stm32l4xx_hal_rcc_ex.o
    0x08002014   0x08002014   0x0000028a   Code   RO         1322    i.HAL_RCCEx_PeriphCLKConfig  stm32l4xx_hal_rcc_ex.o
    0x0800229e   0x0800229e   0x00000002   PAD
    0x080022a0   0x080022a0   0x00000120   Code   RO         1200    i.HAL_RCC_ClockConfig  stm32l4xx_hal_rcc.o
    0x080023c0   0x080023c0   0x00000040   Code   RO         1203    i.HAL_RCC_GetClockConfig  stm32l4xx_hal_rcc.o
    0x08002400   0x08002400   0x00000024   Code   RO         1206    i.HAL_RCC_GetPCLK1Freq  stm32l4xx_hal_rcc.o
    0x08002424   0x08002424   0x00000024   Code   RO         1207    i.HAL_RCC_GetPCLK2Freq  stm32l4xx_hal_rcc.o
    0x08002448   0x08002448   0x000000a4   Code   RO         1208    i.HAL_RCC_GetSysClockFreq  stm32l4xx_hal_rcc.o
    0x080024ec   0x080024ec   0x0000056c   Code   RO         1211    i.HAL_RCC_OscConfig  stm32l4xx_hal_rcc.o
    0x08002a58   0x08002a58   0x00000002   Code   RO         3124    i.HAL_TIMEx_Break2Callback  stm32l4xx_hal_tim_ex.o
    0x08002a5a   0x08002a5a   0x00000002   Code   RO         3125    i.HAL_TIMEx_BreakCallback  stm32l4xx_hal_tim_ex.o
    0x08002a5c   0x08002a5c   0x00000002   Code   RO         3126    i.HAL_TIMEx_CommutCallback  stm32l4xx_hal_tim_ex.o
    0x08002a5e   0x08002a5e   0x00000002   PAD
    0x08002a60   0x08002a60   0x0000006c   Code   RO         3146    i.HAL_TIMEx_MasterConfigSynchronization  stm32l4xx_hal_tim_ex.o
    0x08002acc   0x08002acc   0x00000062   Code   RO         2410    i.HAL_TIM_Base_Init  stm32l4xx_hal_tim.o
    0x08002b2e   0x08002b2e   0x00000002   PAD
    0x08002b30   0x08002b30   0x0000009c   Code   RO          378    i.HAL_TIM_Base_MspInit  stm32l4xx_hal_msp.o
    0x08002bcc   0x08002bcc   0x00000050   Code   RO         2413    i.HAL_TIM_Base_Start  stm32l4xx_hal_tim.o
    0x08002c1c   0x08002c1c   0x00000058   Code   RO         2415    i.HAL_TIM_Base_Start_IT  stm32l4xx_hal_tim.o
    0x08002c74   0x08002c74   0x000000dc   Code   RO         2419    i.HAL_TIM_ConfigClockSource  stm32l4xx_hal_tim.o
    0x08002d50   0x08002d50   0x00000002   Code   RO         2444    i.HAL_TIM_IC_CaptureCallback  stm32l4xx_hal_tim.o
    0x08002d52   0x08002d52   0x0000010e   Code   RO         2446    i.HAL_TIM_IC_ConfigChannel  stm32l4xx_hal_tim.o
    0x08002e60   0x08002e60   0x00000062   Code   RO         2449    i.HAL_TIM_IC_Init   stm32l4xx_hal_tim.o
    0x08002ec2   0x08002ec2   0x00000002   Code   RO         2451    i.HAL_TIM_IC_MspInit  stm32l4xx_hal_tim.o
    0x08002ec4   0x08002ec4   0x0000010c   Code   RO         2454    i.HAL_TIM_IC_Start_IT  stm32l4xx_hal_tim.o
    0x08002fd0   0x08002fd0   0x00000184   Code   RO         2458    i.HAL_TIM_IRQHandler  stm32l4xx_hal_tim.o
    0x08003154   0x08003154   0x0000004c   Code   RO          379    i.HAL_TIM_MspPostInit  stm32l4xx_hal_msp.o
    0x080031a0   0x080031a0   0x00000002   Code   RO         2461    i.HAL_TIM_OC_DelayElapsedCallback  stm32l4xx_hal_tim.o
    0x080031a2   0x080031a2   0x0000011e   Code   RO         2482    i.HAL_TIM_PWM_ConfigChannel  stm32l4xx_hal_tim.o
    0x080032c0   0x080032c0   0x00000062   Code   RO         2485    i.HAL_TIM_PWM_Init  stm32l4xx_hal_tim.o
    0x08003322   0x08003322   0x00000002   Code   RO         2487    i.HAL_TIM_PWM_MspInit  stm32l4xx_hal_tim.o
    0x08003324   0x08003324   0x00000002   Code   RO         2488    i.HAL_TIM_PWM_PulseFinishedCallback  stm32l4xx_hal_tim.o
    0x08003326   0x08003326   0x00000002   PAD
    0x08003328   0x08003328   0x000000d0   Code   RO         2490    i.HAL_TIM_PWM_Start  stm32l4xx_hal_tim.o
    0x080033f8   0x080033f8   0x00000014   Code   RO           15    i.HAL_TIM_PeriodElapsedCallback  main.o
    0x0800340c   0x0800340c   0x0000002a   Code   RO         2498    i.HAL_TIM_ReadCapturedValue  stm32l4xx_hal_tim.o
    0x08003436   0x08003436   0x00000002   Code   RO         2501    i.HAL_TIM_TriggerCallback  stm32l4xx_hal_tim.o
    0x08003438   0x08003438   0x00000066   Code   RO         3438    i.HAL_UART_Init     stm32l4xx_hal_uart.o
    0x0800349e   0x0800349e   0x00000002   PAD
    0x080034a0   0x080034a0   0x000000fc   Code   RO          381    i.HAL_UART_MspInit  stm32l4xx_hal_msp.o
    0x0800359c   0x0800359c   0x000000b6   Code   RO         3447    i.HAL_UART_Transmit  stm32l4xx_hal_uart.o
    0x08003652   0x08003652   0x00000002   Code   RO          302    i.HardFault_Handler  stm32l4xx_it.o
    0x08003654   0x08003654   0x00000022   Code   RO          741    i.I2C_Flush_TXDR    stm32l4xx_hal_i2c.o
    0x08003676   0x08003676   0x00000002   PAD
    0x08003678   0x08003678   0x00000084   Code   RO          749    i.I2C_IsAcknowledgeFailed  stm32l4xx_hal_i2c.o
    0x080036fc   0x080036fc   0x0000002c   Code   RO          756    i.I2C_TransferConfig  stm32l4xx_hal_i2c.o
    0x08003728   0x08003728   0x00000058   Code   RO          758    i.I2C_WaitOnFlagUntilTimeout  stm32l4xx_hal_i2c.o
    0x08003780   0x08003780   0x00000084   Code   RO          759    i.I2C_WaitOnRXNEFlagUntilTimeout  stm32l4xx_hal_i2c.o
    0x08003804   0x08003804   0x0000004c   Code   RO          760    i.I2C_WaitOnSTOPFlagUntilTimeout  stm32l4xx_hal_i2c.o
    0x08003850   0x08003850   0x00000050   Code   RO          761    i.I2C_WaitOnTXISFlagUntilTimeout  stm32l4xx_hal_i2c.o
    0x080038a0   0x080038a0   0x000000ac   Code   RO           16    i.MX_GPIO_Init      main.o
    0x0800394c   0x0800394c   0x00000054   Code   RO           17    i.MX_I2C3_Init      main.o
    0x080039a0   0x080039a0   0x000000ac   Code   RO           18    i.MX_TIM1_Init      main.o
    0x08003a4c   0x08003a4c   0x00000094   Code   RO           19    i.MX_TIM2_Init      main.o
    0x08003ae0   0x08003ae0   0x00000038   Code   RO           20    i.MX_USART1_UART_Init  main.o
    0x08003b18   0x08003b18   0x00000038   Code   RO           21    i.MX_USART2_UART_Init  main.o
    0x08003b50   0x08003b50   0x00000008   Code   RO           22    i.Measure_Weight_Food  main.o
    0x08003b58   0x08003b58   0x00000008   Code   RO           23    i.Measure_Weight_Water  main.o
    0x08003b60   0x08003b60   0x00000002   Code   RO          303    i.MemManage_Handler  stm32l4xx_it.o
    0x08003b62   0x08003b62   0x00000002   Code   RO          304    i.NMI_Handler       stm32l4xx_it.o
    0x08003b64   0x08003b64   0x0000012c   Code   RO         1326    i.RCCEx_PLLSAI1_Config  stm32l4xx_hal_rcc_ex.o
    0x08003c90   0x08003c90   0x0000007c   Code   RO         1212    i.RCC_SetFlashLatencyFromMSIRange  stm32l4xx_hal_rcc.o
    0x08003d0c   0x08003d0c   0x000001b0   Code   RO           24    i.StartDefaultTask  main.o
    0x08003ebc   0x08003ebc   0x000000d0   Code   RO           25    i.StartTask02       main.o
    0x08003f8c   0x08003f8c   0x00000008   Code   RO           26    i.StartTemp         main.o
    0x08003f94   0x08003f94   0x0000002c   Code   RO           27    i.Start_Water_Control  main.o
    0x08003fc0   0x08003fc0   0x0000001a   Code   RO         5033    i.SysTick_Handler   cmsis_os2.o
    0x08003fda   0x08003fda   0x00000002   PAD
    0x08003fdc   0x08003fdc   0x00000090   Code   RO           28    i.SystemClock_Config  main.o
    0x0800406c   0x0800406c   0x0000003c   Code   RO         3886    i.SystemInit        system_stm32l4xx.o
    0x080040a8   0x080040a8   0x000001b4   Code   RO          305    i.TIM1_CC_IRQHandler  stm32l4xx_it.o
    0x0800425c   0x0800425c   0x0000001c   Code   RO          306    i.TIM1_UP_TIM16_IRQHandler  stm32l4xx_it.o
    0x08004278   0x08004278   0x0000006c   Code   RO         2503    i.TIM_Base_SetConfig  stm32l4xx_hal_tim.o
    0x080042e4   0x080042e4   0x0000001a   Code   RO         2504    i.TIM_CCxChannelCmd  stm32l4xx_hal_tim.o
    0x080042fe   0x080042fe   0x00000014   Code   RO         2514    i.TIM_ETR_SetConfig  stm32l4xx_hal_tim.o
    0x08004312   0x08004312   0x00000010   Code   RO         2515    i.TIM_ITRx_SetConfig  stm32l4xx_hal_tim.o
    0x08004322   0x08004322   0x00000002   PAD
    0x08004324   0x08004324   0x00000078   Code   RO         2516    i.TIM_OC1_SetConfig  stm32l4xx_hal_tim.o
    0x0800439c   0x0800439c   0x00000078   Code   RO         2517    i.TIM_OC2_SetConfig  stm32l4xx_hal_tim.o
    0x08004414   0x08004414   0x00000074   Code   RO         2518    i.TIM_OC3_SetConfig  stm32l4xx_hal_tim.o
    0x08004488   0x08004488   0x00000060   Code   RO         2519    i.TIM_OC4_SetConfig  stm32l4xx_hal_tim.o
    0x080044e8   0x080044e8   0x0000005c   Code   RO         2520    i.TIM_OC5_SetConfig  stm32l4xx_hal_tim.o
    0x08004544   0x08004544   0x0000005c   Code   RO         2521    i.TIM_OC6_SetConfig  stm32l4xx_hal_tim.o
    0x080045a0   0x080045a0   0x00000022   Code   RO         2523    i.TIM_TI1_ConfigInputStage  stm32l4xx_hal_tim.o
    0x080045c2   0x080045c2   0x00000002   PAD
    0x080045c4   0x080045c4   0x00000050   Code   RO         2524    i.TIM_TI1_SetConfig  stm32l4xx_hal_tim.o
    0x08004614   0x08004614   0x00000024   Code   RO         2525    i.TIM_TI2_ConfigInputStage  stm32l4xx_hal_tim.o
    0x08004638   0x08004638   0x00000036   Code   RO         2526    i.TIM_TI2_SetConfig  stm32l4xx_hal_tim.o
    0x0800466e   0x0800466e   0x000000c8   Code   RO         3452    i.UART_AdvFeatureConfig  stm32l4xx_hal_uart.o
    0x08004736   0x08004736   0x0000005c   Code   RO         3453    i.UART_CheckIdleState  stm32l4xx_hal_uart.o
    0x08004792   0x08004792   0x00000002   PAD
    0x08004794   0x08004794   0x000001e0   Code   RO         3468    i.UART_SetConfig    stm32l4xx_hal_uart.o
    0x08004974   0x08004974   0x000000a4   Code   RO         3473    i.UART_WaitOnFlagUntilTimeout  stm32l4xx_hal_uart.o
    0x08004a18   0x08004a18   0x00000002   Code   RO          307    i.UsageFault_Handler  stm32l4xx_it.o
    0x08004a1a   0x08004a1a   0x00000030   Code   RO         5816    i.__ARM_fpclassify  m_wm.l(fpclassify.o)
    0x08004a4a   0x08004a4a   0x00000020   Code   RO         2219    i.__NVIC_SetPriority  stm32l4xx_hal_cortex.o
    0x08004a6a   0x08004a6a   0x00000002   PAD
    0x08004a6c   0x08004a6c   0x000000b0   Code   RO           29    i.main              main.o
    0x08004b1c   0x08004b1c   0x0000001a   Code   RO         5035    i.osDelay           cmsis_os2.o
    0x08004b36   0x08004b36   0x00000002   PAD
    0x08004b38   0x08004b38   0x00000024   Code   RO         5049    i.osKernelInitialize  cmsis_os2.o
    0x08004b5c   0x08004b5c   0x00000038   Code   RO         5052    i.osKernelStart     cmsis_os2.o
    0x08004b94   0x08004b94   0x0000008a   Code   RO         5094    i.osThreadNew       cmsis_os2.o
    0x08004c1e   0x08004c1e   0x00000002   PAD
    0x08004c20   0x08004c20   0x0000005c   Code   RO         4494    i.prvAddCurrentTaskToDelayedList  tasks.o
    0x08004c7c   0x08004c7c   0x000000d0   Code   RO         4495    i.prvAddNewTaskToReadyList  tasks.o
    0x08004d4c   0x08004d4c   0x00000058   Code   RO         4859    i.prvCheckForValidListAndQueue  timers.o
    0x08004da4   0x08004da4   0x00000026   Code   RO         4091    i.prvCopyDataFromQueue  queue.o
    0x08004dca   0x08004dca   0x0000006c   Code   RO         4092    i.prvCopyDataToQueue  queue.o
    0x08004e36   0x08004e36   0x00000034   Code   RO         4496    i.prvDeleteTCB      tasks.o
    0x08004e6a   0x08004e6a   0x00000002   PAD
    0x08004e6c   0x08004e6c   0x0000004c   Code   RO         5546    i.prvHeapInit       heap_4.o
    0x08004eb8   0x08004eb8   0x00000060   Code   RO         4497    i.prvIdleTask       tasks.o
    0x08004f18   0x08004f18   0x00000022   Code   RO         4094    i.prvInitialiseNewQueue  queue.o
    0x08004f3a   0x08004f3a   0x00000002   PAD
    0x08004f3c   0x08004f3c   0x000000b6   Code   RO         4498    i.prvInitialiseNewTask  tasks.o
    0x08004ff2   0x08004ff2   0x00000002   PAD
    0x08004ff4   0x08004ff4   0x0000004c   Code   RO         5547    i.prvInsertBlockIntoFreeList  heap_4.o
    0x08005040   0x08005040   0x00000038   Code   RO         4861    i.prvInsertTimerInActiveList  timers.o
    0x08005078   0x08005078   0x0000001c   Code   RO         4095    i.prvIsQueueEmpty   queue.o
    0x08005094   0x08005094   0x000000fc   Code   RO         4862    i.prvProcessReceivedCommands  timers.o
    0x08005190   0x08005190   0x000000c0   Code   RO         4863    i.prvProcessTimerOrBlockTask  timers.o
    0x08005250   0x08005250   0x00000020   Code   RO         4500    i.prvResetNextTaskUnblockTime  tasks.o
    0x08005270   0x08005270   0x00000028   Code   RO         4864    i.prvSampleTimeNow  timers.o
    0x08005298   0x08005298   0x0000006c   Code   RO         4865    i.prvSwitchTimerLists  timers.o
    0x08005304   0x08005304   0x00000028   Code   RO         5602    i.prvTaskExitError  port.o
    0x0800532c   0x0800532c   0x00000024   Code   RO         4866    i.prvTimerTask      timers.o
    0x08005350   0x08005350   0x0000006a   Code   RO         4096    i.prvUnlockQueue    queue.o
    0x080053ba   0x080053ba   0x00000002   PAD
    0x080053bc   0x080053bc   0x000000dc   Code   RO         5548    i.pvPortMalloc      heap_4.o
    0x08005498   0x08005498   0x0000002c   Code   RO         5603    i.pxPortInitialiseStack  port.o
    0x080054c4   0x080054c4   0x00000026   Code   RO         4051    i.uxListRemove      list.o
    0x080054ea   0x080054ea   0x00000002   PAD
    0x080054ec   0x080054ec   0x00000014   Code   RO         5106    i.vApplicationGetIdleTaskMemory  cmsis_os2.o
    0x08005500   0x08005500   0x00000018   Code   RO         5107    i.vApplicationGetTimerTaskMemory  cmsis_os2.o
    0x08005518   0x08005518   0x00000016   Code   RO         4052    i.vListInitialise   list.o
    0x0800552e   0x0800552e   0x00000006   Code   RO         4053    i.vListInitialiseItem  list.o
    0x08005534   0x08005534   0x00000030   Code   RO         4054    i.vListInsert       list.o
    0x08005564   0x08005564   0x00000018   Code   RO         4055    i.vListInsertEnd    list.o
    0x0800557c   0x0800557c   0x00000040   Code   RO         5605    i.vPortEnterCritical  port.o
    0x080055bc   0x080055bc   0x00000028   Code   RO         5606    i.vPortExitCritical  port.o
    0x080055e4   0x080055e4   0x00000064   Code   RO         5549    i.vPortFree         heap_4.o
    0x08005648   0x08005648   0x00000024   Code   RO         5607    i.vPortSetupTimerInterrupt  port.o
    0x0800566c   0x0800566c   0x00000054   Code   RO         5608    i.vPortValidateInterruptPriority  port.o
    0x080056c0   0x080056c0   0x00000028   Code   RO         4102    i.vQueueAddToRegistry  queue.o
    0x080056e8   0x080056e8   0x00000044   Code   RO         4106    i.vQueueWaitForMessageRestricted  queue.o
    0x0800572c   0x0800572c   0x0000004c   Code   RO         4513    i.vTaskDelay        tasks.o
    0x08005778   0x08005778   0x00000010   Code   RO         4518    i.vTaskInternalSetTimeOutState  tasks.o
    0x08005788   0x08005788   0x0000000c   Code   RO         4519    i.vTaskMissedYield  tasks.o
    0x08005794   0x08005794   0x00000030   Code   RO         4521    i.vTaskPlaceOnEventList  tasks.o
    0x080057c4   0x080057c4   0x00000038   Code   RO         4522    i.vTaskPlaceOnEventListRestricted  tasks.o
    0x080057fc   0x080057fc   0x00000088   Code   RO         4530    i.vTaskStartScheduler  tasks.o
    0x08005884   0x08005884   0x00000010   Code   RO         4532    i.vTaskSuspendAll   tasks.o
    0x08005894   0x08005894   0x00000064   Code   RO         4533    i.vTaskSwitchContext  tasks.o
    0x080058f8   0x080058f8   0x000000f4   Code   RO         5609    i.xPortStartScheduler  port.o
    0x080059ec   0x080059ec   0x0000002c   Code   RO         5610    i.xPortSysTickHandler  port.o
    0x08005a18   0x08005a18   0x00000066   Code   RO         4112    i.xQueueGenericCreateStatic  queue.o
    0x08005a7e   0x08005a7e   0x00000002   PAD
    0x08005a80   0x08005a80   0x00000088   Code   RO         4113    i.xQueueGenericReset  queue.o
    0x08005b08   0x08005b08   0x00000160   Code   RO         4114    i.xQueueGenericSend  queue.o
    0x08005c68   0x08005c68   0x000000be   Code   RO         4115    i.xQueueGenericSendFromISR  queue.o
    0x08005d26   0x08005d26   0x00000002   PAD
    0x08005d28   0x08005d28   0x00000138   Code   RO         4124    i.xQueueReceive     queue.o
    0x08005e60   0x08005e60   0x00000074   Code   RO         4535    i.xTaskCheckForTimeOut  tasks.o
    0x08005ed4   0x08005ed4   0x00000060   Code   RO         4536    i.xTaskCreate       tasks.o
    0x08005f34   0x08005f34   0x00000056   Code   RO         4537    i.xTaskCreateStatic  tasks.o
    0x08005f8a   0x08005f8a   0x00000002   PAD
    0x08005f8c   0x08005f8c   0x0000001c   Code   RO         4541    i.xTaskGetSchedulerState  tasks.o
    0x08005fa8   0x08005fa8   0x0000000c   Code   RO         4542    i.xTaskGetTickCount  tasks.o
    0x08005fb4   0x08005fb4   0x000000c8   Code   RO         4544    i.xTaskIncrementTick  tasks.o
    0x0800607c   0x0800607c   0x00000080   Code   RO         4547    i.xTaskPriorityDisinherit  tasks.o
    0x080060fc   0x080060fc   0x00000070   Code   RO         4549    i.xTaskRemoveFromEventList  tasks.o
    0x0800616c   0x0800616c   0x000000c4   Code   RO         4550    i.xTaskResumeAll    tasks.o
    0x08006230   0x08006230   0x00000060   Code   RO         4875    i.xTimerCreateTimerTask  timers.o
    0x08006290   0x08006290   0x00000068   Code   RO         4876    i.xTimerGenericCommand  timers.o
    0x080062f8   0x080062f8   0x0000002c   Code   RO         5812    locale$$code        c_w.l(lc_numeric_c.o)
    0x08006324   0x08006324   0x00000026   Code   RO         5725    x$fpl$dfltu         fz_wm.l(dflt_clz.o)
    0x0800634a   0x0800634a   0x00000002   PAD
    0x0800634c   0x0800634c   0x00000154   Code   RO         5731    x$fpl$dmul          fz_wm.l(dmul.o)
    0x080064a0   0x080064a0   0x0000009c   Code   RO         5753    x$fpl$dnaninf       fz_wm.l(dnaninf.o)
    0x0800653c   0x0800653c   0x0000000c   Code   RO         5755    x$fpl$dretinf       fz_wm.l(dretinf.o)
    0x08006548   0x08006548   0x0000000a   Code   RO         5892    x$fpl$fpinit        fz_wm.l(fpinit.o)
    0x08006552   0x08006552   0x00000004   Code   RO         5733    x$fpl$printf1       fz_wm.l(printf1.o)
    0x08006556   0x08006556   0x00000000   Code   RO         5757    x$fpl$usenofp       fz_wm.l(usenofp.o)
    0x08006556   0x08006556   0x00000002   PAD
    0x08006558   0x08006558   0x000000fc   Data   RO           31    .constdata          main.o
    0x08006654   0x08006654   0x00000040   Data   RO         3887    .constdata          system_stm32l4xx.o
    0x08006694   0x08006694   0x00000008   Data   RO         3888    .constdata          system_stm32l4xx.o
    0x0800669c   0x0800669c   0x00000094   Data   RO         5787    .constdata          c_w.l(bigflt0.o)
    0x08006730   0x08006730   0x0000004e   Data   RO           32    .conststring        main.o
    0x0800677e   0x0800677e   0x00000002   PAD
    0x08006780   0x08006780   0x00000020   Data   RO         5963    Region$$Table       anon$$obj.o
    0x080067a0   0x080067a0   0x0000001c   Data   RO         5811    locale$$data        c_w.l(lc_numeric_c.o)


    Execution Region RW_IRAM2 (Exec base: 0x10000000, Load base: 0x08006898, Size: 0x00000000, Max: 0x00004000, ABSOLUTE)

    **** No section assigned to this execution region ****


    Execution Region RW_IRAM1 (Exec base: 0x20000000, Load base: 0x080067bc, Size: 0x000035a0, Max: 0x0000c000, ABSOLUTE)

    Exec Addr    Load Addr    Size         Type   Attr      Idx    E Section Name        Object

    0x20000000   0x080067bc   0x00000024   Data   RW           33    .data               main.o
    0x20000024   0x080067e0   0x00000027   Data   RW          309    .data               stm32l4xx_it.o
    0x2000004b   0x08006807   0x00000001   PAD
    0x2000004c   0x08006808   0x0000000c   Data   RW          509    .data               stm32l4xx_hal.o
    0x20000058   0x08006814   0x00000004   Data   RW         3889    .data               system_stm32l4xx.o
    0x2000005c   0x08006818   0x0000003c   Data   RW         4553    .data               tasks.o
    0x20000098   0x08006854   0x00000014   Data   RW         4884    .data               timers.o
    0x200000ac   0x08006868   0x00000004   Data   RW         5109    .data               cmsis_os2.o
    0x200000b0   0x0800686c   0x00000020   Data   RW         5555    .data               heap_4.o
    0x200000d0   0x0800688c   0x0000000c   Data   RW         5611    .data               port.o
    0x200000dc        -       0x000001ec   Zero   RW           30    .bss                main.o
    0x200002c8        -       0x00000012   Zero   RW          308    .bss                stm32l4xx_it.o
    0x200002da   0x08006898   0x00000002   PAD
    0x200002dc        -       0x0000004c   Zero   RW          443    .bss                stm32l4xx_hal_timebase_tim.o
    0x20000328        -       0x00000040   Zero   RW         4128    .bss                queue.o
    0x20000368        -       0x000004c4   Zero   RW         4552    .bss                tasks.o
    0x2000082c        -       0x00000118   Zero   RW         4883    .bss                timers.o
    0x20000944        -       0x000006b8   Zero   RW         5108    .bss                cmsis_os2.o
    0x20000ffc        -       0x00001f40   Zero   RW         5554    .bss                heap_4.o
    0x20002f3c        -       0x00000060   Zero   RW         5819    .bss                c_w.l(libspace.o)
    0x20002f9c   0x08006898   0x00000004   PAD
    0x20002fa0        -       0x00000200   Zero   RW            2    HEAP                startup_stm32l432xx.o
    0x200031a0        -       0x00000400   Zero   RW            1    STACK               startup_stm32l432xx.o


==============================================================================

Image component sizes


      Code (inc. data)   RO Data    RW Data    ZI Data      Debug   Object Name

       326         22          0          4       1720      65683   cmsis_os2.o
         0          0          0          0          0      19588   event_groups.o
       472         24          0         32       8000       5035   heap_4.o
       138          0          0          0          0       3714   list.o
      1800        154        330         36        492     689102   main.o
       818         82          0         12          0      11845   port.o
      1514         20          0          0         64      17824   queue.o
        64         26        396          0       1536        872   startup_stm32l432xx.o
        58         10          0         12          0      10422   stm32l4xx_hal.o
       158         14          0          0          0      33190   stm32l4xx_hal_cortex.o
       444         20          0          0          0       3209   stm32l4xx_hal_gpio.o
      1664         48          0          0          0      12314   stm32l4xx_hal_i2c.o
       168          0          0          0          0       1995   stm32l4xx_hal_i2c_ex.o
       708         50          0          0          0       4324   stm32l4xx_hal_msp.o
        16          4          0          0          0        575   stm32l4xx_hal_pwr.o
       120         20          0          0          0       1422   stm32l4xx_hal_pwr_ex.o
      2100        108          0          0          0       7877   stm32l4xx_hal_rcc.o
       966         36          0          0          0       3561   stm32l4xx_hal_rcc_ex.o
      3166        188          0          0          0      25727   stm32l4xx_hal_tim.o
       114         10          0          0          0       3200   stm32l4xx_hal_tim_ex.o
       116         18          0          0         76       1508   stm32l4xx_hal_timebase_tim.o
      1220         50          0          0          0       6541   stm32l4xx_hal_uart.o
       476         52          0         39         18       5411   stm32l4xx_it.o
         0          0          0          0          0        392   stream_buffer.o
        60         12         72          4          0       1289   system_stm32l4xx.o
      2096        168          0         60       1220      27628   tasks.o
       972         80          0         20        280      32591   timers.o

    ----------------------------------------------------------------------
     19810       1216        832        220      13408     996839   Object Totals
         0          0         32          0          0          0   (incl. Generated)
        56          0          2          1          2          0   (incl. Padding)

    ----------------------------------------------------------------------

      Code (inc. data)   RO Data    RW Data    ZI Data      Debug   Library Member Name

         8          0          0          0          0         68   __main.o
       104          0          0          0          0         84   __printf.o
         0          0          0          0          0          0   __rtentry.o
        12          0          0          0          0          0   __rtentry2.o
         6          0          0          0          0          0   __rtentry4.o
        52          8          0          0          0          0   __scatter.o
        26          0          0          0          0          0   __scatter_copy.o
        28          0          0          0          0          0   __scatter_zi.o
        48          6          0          0          0         96   _printf_char_common.o
         6          0          0          0          0          0   _printf_d.o
       120         16          0          0          0         92   _printf_dec.o
         6          0          0          0          0          0   _printf_f.o
      1060          0          0          0          0        216   _printf_fp_dec.o
       128         16          0          0          0         84   _printf_fp_infnan.o
       178          0          0          0          0         88   _printf_intcommon.o
         0          0          0          0          0          0   _printf_percent.o
         4          0          0          0          0          0   _printf_percent_end.o
        10          0          0          0          0         68   _sputc.o
        16          0          0          0          0         68   aeabi_memset.o
       228          4        148          0          0         96   bigflt0.o
      1936        128          0          0          0        672   btod.o
        18          0          0          0          0         80   exit.o
         6          0          0          0          0        152   heapauxi.o
         0          0          0          0          0          0   indicate_semi.o
        44         10         28          0          0         76   lc_numeric_c.o
         2          0          0          0          0          0   libinit.o
        22          0          0          0          0          0   libinit2.o
         2          0          0          0          0          0   libshutdown.o
         2          0          0          0          0          0   libshutdown2.o
         8          4          0          0         96         68   libspace.o
       138          0          0          0          0         80   lludiv10.o
       238          0          0          0          0        100   lludivv7m.o
        40          6          0          0          0         84   noretval__2sprintf.o
         8          4          0          0          0         68   rt_locale_intlibspace.o
        68          0          0          0          0         68   rt_memclr.o
        78          0          0          0          0         80   rt_memclr_w.o
       138          0          0          0          0         68   rt_memcpy_v6.o
       100          0          0          0          0         80   rt_memcpy_w.o
         2          0          0          0          0          0   rtexit.o
        10          0          0          0          0          0   rtexit2.o
       128          0          0          0          0         68   strcmpv7m.o
        12          4          0          0          0         68   sys_exit.o
        74          0          0          0          0         80   sys_stackheap_outer.o
         2          0          0          0          0         68   use_no_semi.o
        38          0          0          0          0        116   dflt_clz.o
       340         12          0          0          0        152   dmul.o
       156          4          0          0          0        140   dnaninf.o
        12          0          0          0          0        116   dretinf.o
        10          0          0          0          0        116   fpinit.o
         4          0          0          0          0        116   printf1.o
         0          0          0          0          0          0   usenofp.o
        48          0          0          0          0        124   fpclassify.o

    ----------------------------------------------------------------------
      5738        222        176          0        100       3800   Library Totals
        14          0          0          0          4          0   (incl. Padding)

    ----------------------------------------------------------------------

      Code (inc. data)   RO Data    RW Data    ZI Data      Debug   Library Name

      5116        206        176          0         96       2920   c_w.l
       560         16          0          0          0        756   fz_wm.l
        48          0          0          0          0        124   m_wm.l

    ----------------------------------------------------------------------
      5738        222        176          0        100       3800   Library Totals

    ----------------------------------------------------------------------

==============================================================================


      Code (inc. data)   RO Data    RW Data    ZI Data      Debug   

     25548       1438       1008        220      13508     981227   Grand Totals
     25548       1438       1008        220      13508     981227   ELF Image Totals
     25548       1438       1008        220          0          0   ROM Totals

==============================================================================

    Total RO  Size (Code + RO Data)                26556 (  25.93kB)
    Total RW  Size (RW Data + ZI Data)             13728 (  13.41kB)
    Total ROM Size (Code + RO Data + RW Data)      26776 (  26.15kB)

==============================================================================

