<html>
<body>
<pre>
<h1>µVision Build Log</h1>
<h2>Tool Versions:</h2>
IDE-Version: µVision V5.36.0.0
Copyright (C) 2021 ARM Ltd and ARM Germany GmbH. All rights reserved.
License Information: Mahmoud mahmo, AUC, LIC=----
 
Tool Versions:
Toolchain:       MDK-Lite  Version: 5.36.0.0
Toolchain Path:  C:\Keil_v5\ARM\ARMCC\Bin
C Compiler:      Armcc.exe V5.06 update 7 (build 960)
Assembler:       Armasm.exe V5.06 update 7 (build 960)
Linker/Locator:  ArmLink.exe V5.06 update 7 (build 960)
Library Manager: ArmAr.exe V5.06 update 7 (build 960)
Hex Converter:   FromElf.exe V5.06 update 7 (build 960)
CPU DLL:         SARMCM3.DLL V5.36.0.0
Dialog DLL:      DCM.DLL V1.17.3.0
Target DLL:      STLink\ST-LINKIII-KEIL_SWO.dll V3.0.9.0
Dialog DLL:      TCM.DLL V1.53.0.0
 
<h2>Project:</h2>
C:\Users\mahmo\OneDrive\Desktop\Emb_Project\PetFeeder\Pet_Feeder\MDK-ARM\Pet_Feeder.uvprojx
Project File Date:  11/25/2021

<h2>Output:</h2>
*** Using Compiler 'V5.06 update 7 (build 960)', folder: 'C:\Keil_v5\ARM\ARMCC\Bin'
Rebuild target 'Pet_Feeder'
assembling startup_stm32l432xx.s...
compiling stm32l4xx_hal_msp.c...
compiling stm32l4xx_hal_timebase_tim.c...
compiling stm32l4xx_hal.c...
compiling stm32l4xx_hal_i2c_ex.c...
compiling stm32l4xx_it.c...
compiling stm32l4xx_hal_i2c.c...
compiling stm32l4xx_hal_rcc_ex.c...
compiling freertos.c...
compiling stm32l4xx_hal_flash.c...
compiling main.c...
compiling stm32l4xx_hal_rcc.c...
compiling stm32l4xx_hal_cortex.c...
compiling stm32l4xx_hal_pwr.c...
compiling stm32l4xx_hal_dma_ex.c...
compiling stm32l4xx_hal_flash_ex.c...
compiling croutine.c...
compiling event_groups.c...
compiling stm32l4xx_hal_gpio.c...
compiling stm32l4xx_hal_flash_ramfunc.c...
compiling list.c...
compiling stream_buffer.c...
compiling queue.c...
compiling stm32l4xx_hal_dma.c...
compiling timers.c...
compiling heap_4.c...
compiling tasks.c...
compiling stm32l4xx_hal_exti.c...
compiling port.c...
compiling stm32l4xx_hal_pwr_ex.c...
compiling stm32l4xx_hal_tim.c...
compiling stm32l4xx_hal_tim_ex.c...
compiling stm32l4xx_hal_uart_ex.c...
compiling system_stm32l4xx.c...
compiling stm32l4xx_hal_uart.c...
compiling cmsis_os2.c...
linking...
Program Size: Code=20728 RO-data=768 RW-data=196 ZI-data=8220  
FromELF: creating hex file...
"Pet_Feeder\Pet_Feeder.axf" - 0 Error(s), 0 Warning(s).

<h2>Software Packages used:</h2>

Package Vendor: ARM
                http://www.keil.com/pack/ARM.CMSIS.5.8.0.pack
                ARM.CMSIS.5.8.0
                CMSIS (Common Microcontroller Software Interface Standard)
   * Component: CORE Version: 5.5.0

Package Vendor: Keil
                http://www.keil.com/pack/Keil.STM32L4xx_DFP.2.6.1.pack
                Keil.STM32L4xx_DFP.2.6.1
                STMicroelectronics STM32L4 Series Device Support, Drivers and Examples

<h2>Collection of Component include folders:</h2>
  .\RTE\_Pet_Feeder
  C:\Users\mahmo\AppData\Local\Arm\Packs\ARM\CMSIS\5.8.0\CMSIS\Core\Include
  C:\Users\mahmo\AppData\Local\Arm\Packs\Keil\STM32L4xx_DFP\2.6.1\Drivers\CMSIS\Device\ST\STM32L4xx\Include

<h2>Collection of Component Files used:</h2>

   * Component: ARM::CMSIS:CORE:5.5.0
Build Time Elapsed:  00:00:26
</pre>
</body>
</html>
