Component: ARM Compiler 5.06 update 7 (build 960) Tool: armlink [4d3601]

==============================================================================

Section Cross References

    startup_stm32l432xx.o(STACK) refers (Special) to heapauxi.o(.text) for __use_two_region_memory
    startup_stm32l432xx.o(HEAP) refers (Special) to heapauxi.o(.text) for __use_two_region_memory
    startup_stm32l432xx.o(RESET) refers (Special) to heapauxi.o(.text) for __use_two_region_memory
    startup_stm32l432xx.o(RESET) refers to startup_stm32l432xx.o(STACK) for __initial_sp
    startup_stm32l432xx.o(RESET) refers to startup_stm32l432xx.o(.text) for Reset_Handler
    startup_stm32l432xx.o(RESET) refers to stm32l4xx_it.o(i.NMI_Handler) for NMI_Handler
    startup_stm32l432xx.o(RESET) refers to stm32l4xx_it.o(i.HardFault_Handler) for HardFault_Handler
    startup_stm32l432xx.o(RESET) refers to stm32l4xx_it.o(i.MemManage_Handler) for MemManage_Handler
    startup_stm32l432xx.o(RESET) refers to stm32l4xx_it.o(i.BusFault_Handler) for BusFault_Handler
    startup_stm32l432xx.o(RESET) refers to stm32l4xx_it.o(i.UsageFault_Handler) for UsageFault_Handler
    startup_stm32l432xx.o(RESET) refers to port.o(.emb_text) for SVC_Handler
    startup_stm32l432xx.o(RESET) refers to stm32l4xx_it.o(i.DebugMon_Handler) for DebugMon_Handler
    startup_stm32l432xx.o(RESET) refers to cmsis_os2.o(i.SysTick_Handler) for SysTick_Handler
    startup_stm32l432xx.o(RESET) refers to stm32l4xx_it.o(i.TIM1_UP_TIM16_IRQHandler) for TIM1_UP_TIM16_IRQHandler
    startup_stm32l432xx.o(RESET) refers to stm32l4xx_it.o(i.TIM1_CC_IRQHandler) for TIM1_CC_IRQHandler
    startup_stm32l432xx.o(.text) refers (Special) to heapauxi.o(.text) for __use_two_region_memory
    startup_stm32l432xx.o(.text) refers to system_stm32l4xx.o(i.SystemInit) for SystemInit
    startup_stm32l432xx.o(.text) refers to __main.o(!!!main) for __main
    startup_stm32l432xx.o(.text) refers to startup_stm32l432xx.o(HEAP) for Heap_Mem
    startup_stm32l432xx.o(.text) refers to startup_stm32l432xx.o(STACK) for Stack_Mem
    main.o(i.Food_Motor_Control) refers to stm32l4xx_hal_tim.o(i.HAL_TIM_PWM_Stop) for HAL_TIM_PWM_Stop
    main.o(i.Food_Motor_Control) refers to stm32l4xx_hal_tim.o(i.HAL_TIM_PWM_Start) for HAL_TIM_PWM_Start
    main.o(i.Food_Motor_Control) refers to cmsis_os2.o(i.osDelay) for osDelay
    main.o(i.Food_Motor_Control) refers to main.o(.data) for .data
    main.o(i.Food_Motor_Control) refers to main.o(.bss) for .bss
    main.o(i.HAL_TIM_PeriodElapsedCallback) refers to stm32l4xx_hal.o(i.HAL_IncTick) for HAL_IncTick
    main.o(i.MX_GPIO_Init) refers to rt_memclr_w.o(.text) for __aeabi_memclr4
    main.o(i.MX_GPIO_Init) refers to stm32l4xx_hal_gpio.o(i.HAL_GPIO_WritePin) for HAL_GPIO_WritePin
    main.o(i.MX_GPIO_Init) refers to stm32l4xx_hal_gpio.o(i.HAL_GPIO_Init) for HAL_GPIO_Init
    main.o(i.MX_I2C3_Init) refers to stm32l4xx_hal_i2c.o(i.HAL_I2C_Init) for HAL_I2C_Init
    main.o(i.MX_I2C3_Init) refers to stm32l4xx_hal_i2c_ex.o(i.HAL_I2CEx_ConfigAnalogFilter) for HAL_I2CEx_ConfigAnalogFilter
    main.o(i.MX_I2C3_Init) refers to stm32l4xx_hal_i2c_ex.o(i.HAL_I2CEx_ConfigDigitalFilter) for HAL_I2CEx_ConfigDigitalFilter
    main.o(i.MX_I2C3_Init) refers to main.o(.bss) for .bss
    main.o(i.MX_TIM1_Init) refers to stm32l4xx_hal_tim.o(i.HAL_TIM_Base_Init) for HAL_TIM_Base_Init
    main.o(i.MX_TIM1_Init) refers to stm32l4xx_hal_tim.o(i.HAL_TIM_ConfigClockSource) for HAL_TIM_ConfigClockSource
    main.o(i.MX_TIM1_Init) refers to stm32l4xx_hal_tim.o(i.HAL_TIM_IC_Init) for HAL_TIM_IC_Init
    main.o(i.MX_TIM1_Init) refers to stm32l4xx_hal_tim_ex.o(i.HAL_TIMEx_MasterConfigSynchronization) for HAL_TIMEx_MasterConfigSynchronization
    main.o(i.MX_TIM1_Init) refers to stm32l4xx_hal_tim.o(i.HAL_TIM_IC_ConfigChannel) for HAL_TIM_IC_ConfigChannel
    main.o(i.MX_TIM1_Init) refers to main.o(.bss) for .bss
    main.o(i.MX_TIM2_Init) refers to rt_memclr_w.o(.text) for __aeabi_memclr4
    main.o(i.MX_TIM2_Init) refers to stm32l4xx_hal_tim.o(i.HAL_TIM_Base_Init) for HAL_TIM_Base_Init
    main.o(i.MX_TIM2_Init) refers to stm32l4xx_hal_tim.o(i.HAL_TIM_ConfigClockSource) for HAL_TIM_ConfigClockSource
    main.o(i.MX_TIM2_Init) refers to stm32l4xx_hal_tim.o(i.HAL_TIM_PWM_Init) for HAL_TIM_PWM_Init
    main.o(i.MX_TIM2_Init) refers to stm32l4xx_hal_tim_ex.o(i.HAL_TIMEx_MasterConfigSynchronization) for HAL_TIMEx_MasterConfigSynchronization
    main.o(i.MX_TIM2_Init) refers to stm32l4xx_hal_tim.o(i.HAL_TIM_PWM_ConfigChannel) for HAL_TIM_PWM_ConfigChannel
    main.o(i.MX_TIM2_Init) refers to stm32l4xx_hal_msp.o(i.HAL_TIM_MspPostInit) for HAL_TIM_MspPostInit
    main.o(i.MX_TIM2_Init) refers to main.o(.bss) for .bss
    main.o(i.MX_USART1_UART_Init) refers to stm32l4xx_hal_uart.o(i.HAL_UART_Init) for HAL_UART_Init
    main.o(i.MX_USART1_UART_Init) refers to main.o(.bss) for .bss
    main.o(i.MX_USART2_UART_Init) refers to stm32l4xx_hal_uart.o(i.HAL_UART_Init) for HAL_UART_Init
[...]
    uxCriticalNesting                        0x200000fc   Data           4  port.o(.data)
    ulMaxPRIGROUPValue                       0x20000100   Data           4  port.o(.data)
    .bss                                     0x20000104   Section      540  main.o(.bss)
    .bss                                     0x20000320   Section       18  stm32l4xx_it.o(.bss)
    .bss                                     0x20000334   Section       76  stm32l4xx_hal_timebase_tim.o(.bss)
    .bss                                     0x20000380   Section       64  queue.o(.bss)
    .bss                                     0x200003c0   Section     1220  tasks.o(.bss)
    pxReadyTasksLists                        0x200003c0   Data        1120  tasks.o(.bss)
    xDelayedTaskList1                        0x20000820   Data          20  tasks.o(.bss)
    xDelayedTaskList2                        0x20000834   Data          20  tasks.o(.bss)
    xPendingReadyList                        0x20000848   Data          20  tasks.o(.bss)
    xTasksWaitingTermination                 0x2000085c   Data          20  tasks.o(.bss)
    xSuspendedTaskList                       0x20000870   Data          20  tasks.o(.bss)
    .bss                                     0x20000884   Section      280  timers.o(.bss)
    xStaticTimerQueue                        0x20000884   Data          80  timers.o(.bss)
    ucStaticTimerQueueStorage                0x200008d4   Data         160  timers.o(.bss)
    xActiveTimerList1                        0x20000974   Data          20  timers.o(.bss)
    xActiveTimerList2                        0x20000988   Data          20  timers.o(.bss)
    .bss                                     0x2000099c   Section     1720  cmsis_os2.o(.bss)
    Idle_TCB                                 0x2000099c   Data          92  cmsis_os2.o(.bss)
    Idle_Stack                               0x200009f8   Data         512  cmsis_os2.o(.bss)
    Timer_TCB                                0x20000bf8   Data          92  cmsis_os2.o(.bss)
    Timer_Stack                              0x20000c54   Data        1024  cmsis_os2.o(.bss)
    .bss                                     0x20001054   Section     8000  heap_4.o(.bss)
    ucHeap                                   0x20001054   Data        8000  heap_4.o(.bss)
    .bss                                     0x20002f94   Section       96  libspace.o(.bss)
    HEAP                                     0x20002ff8   Section      512  startup_stm32l432xx.o(HEAP)
    Heap_Mem                                 0x20002ff8   Data         512  startup_stm32l432xx.o(HEAP)
    STACK                                    0x200031f8   Section     1024  startup_stm32l432xx.o(STACK)
    Stack_Mem                                0x200031f8   Data        1024  startup_stm32l432xx.o(STACK)
    __initial_sp                             0x200035f8   Data           0  startup_stm32l432xx.o(STACK)

    Global Symbols

    Symbol Name                              Value     Ov Type        Size  Object(Section)

    BuildAttributes$$THM_ISAv4$E$P$D$K$B$S$7EM$VFPi3$EXTD16$VFPS$VFMA$PE$A:L22UL41UL21$X:L11$S22US41US21$IEEE1$IW$USESV6$~STKCKD$USESV7$~SHL$OTIME$ROPI$IEEEJ$EBA8$UX$STANDARDLIB$REQ8$PRES8$EABIv2 0x00000000   Number         0  anon$$obj.o ABSOLUTE
    __ARM_use_no_argv                        0x00000000   Number         0  main.o ABSOLUTE
    __ARM_exceptions_init                     - Undefined Weak Reference
    __alloca_initialize                       - Undefined Weak Reference
    __arm_fini_                               - Undefined Weak Reference
    __arm_preinit_                            - Undefined Weak Reference
    __cpp_initialize__aeabi_                  - Undefined Weak Reference
    __cxa_finalize                            - Undefined Weak Reference
    __sigvec_lookup                           - Undefined Weak Reference
    _atexit_init                              - Undefined Weak Reference
    _call_atexit_fns                          - Undefined Weak Reference
    _clock_init                               - Undefined Weak Reference
    _fp_trap_init                             - Undefined Weak Reference
    _fp_trap_shutdown                         - Undefined Weak Reference
    _get_lc_collate                           - Undefined Weak Reference
    _get_lc_ctype                             - Undefined Weak Reference
    _get_lc_monetary                          - Undefined Weak Reference
    _get_lc_time                              - Undefined Weak Reference
    _getenv_init                              - Undefined Weak Reference
    _handle_redirection                       - Undefined Weak Reference
    _init_alloc                               - Undefined Weak Reference
    _init_user_alloc                          - Undefined Weak Reference
    _initio                                   - Undefined Weak Reference
    _printf_post_padding                      - Undefined Weak Reference
    _printf_pre_padding                       - Undefined Weak Reference
    _printf_truncate_signed                   - Undefined Weak Reference
    _printf_truncate_unsigned                 - Undefined Weak Reference
    _rand_init                                - Undefined Weak Reference
    _signal_finish                            - Undefined Weak Reference
    _signal_init                              - Undefined Weak Reference
    _terminate_alloc                          - Undefined Weak Reference
    _terminate_user_alloc                     - Undefined Weak Reference
    _terminateio                              - Undefined Weak Reference
    __Vectors_Size                           0x0000018c   Number         0  startup_stm32l432xx.o ABSOLUTE
    __Vectors                                0x08000000   Data           4  startup_stm32l432xx.o(RESET)
    __Vectors_End                            0x0800018c   Data           0  startup_stm32l432xx.o(RESET)
    __main                                   0x0800018d   Thumb Code     8  __main.o(!!!main)
    __scatterload                            0x08000195   Thumb Code     0  __scatter.o(!!!scatter)
    __scatterload_rt2                        0x08000195   Thumb Code    44  __scatter.o(!!!scatter)
    __scatterload_rt2_thumb_only             0x08000195   Thumb Code     0  __scatter.o(!!!scatter)
    __scatterload_null                       0x080001a3   Thumb Code     0  __scatter.o(!!!scatter)
    __scatterload_copy                       0x080001c9   Thumb Code    26  __scatter_copy.o(!!handler_copy)
    __scatterload_zeroinit                   0x080001e5   Thumb Code    28  __scatter_zi.o(!!handler_zi)
    _printf_f                                0x08000201   Thumb Code     0  _printf_f.o(.ARM.Collect$$_printf_percent$$00000003)
    _printf_percent                          0x08000201   Thumb Code     0  _printf_percent.o(.ARM.Collect$$_printf_percent$$00000000)
    _printf_d                                0x08000207   Thumb Code     0  _printf_d.o(.ARM.Collect$$_printf_percent$$00000009)
    _printf_percent_end                      0x0800020d   Thumb Code     0  _printf_percent_end.o(.ARM.Collect$$_printf_percent$$00000017)
    __rt_lib_init                            0x08000211   Thumb Code     0  libinit.o(.ARM.Collect$$libinit$$00000000)
    __rt_lib_init_fp_1                       0x08000213   Thumb Code     0  libinit2.o(.ARM.Collect$$libinit$$00000001)
    __rt_lib_init_heap_1                     0x08000217   Thumb Code     0  libinit2.o(.ARM.Collect$$libinit$$0000000A)
    __rt_lib_init_lc_common                  0x08000217   Thumb Code     0  libinit2.o(.ARM.Collect$$libinit$$0000000F)
    __rt_lib_init_preinit_1                  0x08000217   Thumb Code     0  libinit2.o(.ARM.Collect$$libinit$$00000004)
    __rt_lib_init_rand_1                     0x08000217   Thumb Code     0  libinit2.o(.ARM.Collect$$libinit$$0000000E)
    __rt_lib_init_user_alloc_1               0x08000217   Thumb Code     0  libinit2.o(.ARM.Collect$$libinit$$0000000C)
    __rt_lib_init_lc_collate_1               0x0800021d   Thumb Code     0  libinit2.o(.ARM.Collect$$libinit$$00000011)
    __rt_lib_init_lc_ctype_1                 0x0800021d   Thumb Code     0  libinit2.o(.ARM.Collect$$libinit$$00000013)
    __rt_lib_init_lc_monetary_1              0x0800021d   Thumb Code     0  libinit2.o(.ARM.Collect$$libinit$$00000015)
    __rt_lib_init_lc_numeric_2               0x0800021d   Thumb Code     0  libinit2.o(.ARM.Collect$$libinit$$00000016)
    __rt_lib_init_alloca_1                   0x08000227   Thumb Code     0  libinit2.o(.ARM.Collect$$libinit$$0000002E)
    __rt_lib_init_argv_1                     0x08000227   Thumb Code     0  libinit2.o(.ARM.Collect$$libinit$$0000002C)
    __rt_lib_init_atexit_1                   0x08000227   Thumb Code     0  libinit2.o(.ARM.Collect$$libinit$$0000001B)
    __rt_lib_init_clock_1                    0x08000227   Thumb Code     0  libinit2.o(.ARM.Collect$$libinit$$00000021)
    __rt_lib_init_cpp_1                      0x08000227   Thumb Code     0  libinit2.o(.ARM.Collect$$libinit$$00000032)
    __rt_lib_init_exceptions_1               0x08000227   Thumb Code     0  libinit2.o(.ARM.Collect$$libinit$$00000030)
    __rt_lib_init_fp_trap_1                  0x08000227   Thumb Code     0  libinit2.o(.ARM.Collect$$libinit$$0000001F)
    __rt_lib_init_getenv_1                   0x08000227   Thumb Code     0  libinit2.o(.ARM.Collect$$libinit$$00000023)
    __rt_lib_init_lc_numeric_1               0x08000227   Thumb Code     0  libinit2.o(.ARM.Collect$$libinit$$00000017)
    __rt_lib_init_lc_time_1                  0x08000227   Thumb Code     0  libinit2.o(.ARM.Collect$$libinit$$00000019)
    __rt_lib_init_return                     0x08000227   Thumb Code     0  libinit2.o(.ARM.Collect$$libinit$$00000033)
    __rt_lib_init_signal_1                   0x08000227   Thumb Code     0  libinit2.o(.ARM.Collect$$libinit$$0000001D)
    __rt_lib_init_stdio_1                    0x08000227   Thumb Code     0  libinit2.o(.ARM.Collect$$libinit$$00000025)
    __rt_lib_shutdown                        0x08000229   Thumb Code     0  libshutdown.o(.ARM.Collect$$libshutdown$$00000000)
    __rt_lib_shutdown_cpp_1                  0x0800022b   Thumb Code     0  libshutdown2.o(.ARM.Collect$$libshutdown$$00000004)
    __rt_lib_shutdown_fini_1                 0x0800022b   Thumb Code     0  libshutdown2.o(.ARM.Collect$$libshutdown$$00000002)
    __rt_lib_shutdown_fp_trap_1              0x0800022b   Thumb Code     0  libshutdown2.o(.ARM.Collect$$libshutdown$$00000009)
    __rt_lib_shutdown_heap_1                 0x0800022b   Thumb Code     0  libshutdown2.o(.ARM.Collect$$libshutdown$$00000011)
    __rt_lib_shutdown_return                 0x0800022b   Thumb Code     0  libshutdown2.o(.ARM.Collect$$libshutdown$$00000012)
    __rt_lib_shutdown_signal_1               0x0800022b   Thumb Code     0  libshutdown2.o(.ARM.Collect$$libshutdown$$0000000C)
    __rt_lib_shutdown_stdio_1                0x0800022b   Thumb Code     0  libshutdown2.o(.ARM.Collect$$libshutdown$$00000006)
    __rt_lib_shutdown_user_alloc_1           0x0800022b   Thumb Code     0  libshutdown2.o(.ARM.Collect$$libshutdown$$0000000E)
    __rt_entry                               0x0800022d   Thumb Code     0  __rtentry.o(.ARM.Collect$$rtentry$$00000000)
    __rt_entry_presh_1                       0x0800022d   Thumb Code     0  __rtentry2.o(.ARM.Collect$$rtentry$$00000002)
    __rt_entry_sh                            0x0800022d   Thumb Code     0  __rtentry4.o(.ARM.Collect$$rtentry$$00000004)
    __rt_entry_li                            0x08000233   Thumb Code     0  __rtentry2.o(.ARM.Collect$$rtentry$$0000000A)
    __rt_entry_postsh_1                      0x08000233   Thumb Code     0  __rtentry2.o(.ARM.Collect$$rtentry$$00000009)
    __rt_entry_main                          0x08000237   Thumb Code     0  __rtentry2.o(.ARM.Collect$$rtentry$$0000000D)
    __rt_entry_postli_1                      0x08000237   Thumb Code     0  __rtentry2.o(.ARM.Collect$$rtentry$$0000000C)
    __rt_exit                                0x0800023f   Thumb Code     0  rtexit.o(.ARM.Collect$$rtexit$$00000000)
    __rt_exit_ls                             0x08000241   Thumb Code     0  rtexit2.o(.ARM.Collect$$rtexit$$00000003)
    __rt_exit_prels_1                        0x08000241   Thumb Code     0  rtexit2.o(.ARM.Collect$$rtexit$$00000002)
    __rt_exit_exit                           0x08000245   Thumb Code     0  rtexit2.o(.ARM.Collect$$rtexit$$00000004)
    SVC_Handler                              0x0800024d   Thumb Code    28  port.o(.emb_text)
    __asm___6_port_c_39a90d8d__prvStartFirstTask 0x0800026d   Thumb Code    36  port.o(.emb_text)
    __asm___6_port_c_39a90d8d__prvEnableVFP  0x08000295   Thumb Code    16  port.o(.emb_text)
    PendSV_Handler                           0x080002a9   Thumb Code    88  port.o(.emb_text)
    vPortGetIPSR                             0x08000305   Thumb Code     6  port.o(.emb_text)
    Reset_Handler                            0x0800032d   Thumb Code     8  startup_stm32l432xx.o(.text)
    ADC1_IRQHandler                          0x08000347   Thumb Code     0  startup_stm32l432xx.o(.text)
    CAN1_RX0_IRQHandler                      0x08000347   Thumb Code     0  startup_stm32l432xx.o(.text)
    CAN1_RX1_IRQHandler                      0x08000347   Thumb Code     0  startup_stm32l432xx.o(.text)
    CAN1_SCE_IRQHandler                      0x08000347   Thumb Code     0  startup_stm32l432xx.o(.text)
    CAN1_TX_IRQHandler                       0x08000347   Thumb Code     0  startup_stm32l432xx.o(.text)
    COMP_IRQHandler                          0x08000347   Thumb Code     0  startup_stm32l432xx.o(.text)
    CRS_IRQHandler                           0x08000347   Thumb Code     0  startup_stm32l432xx.o(.text)
    DMA1_Channel1_IRQHandler                 0x08000347   Thumb Code     0  startup_stm32l432xx.o(.text)
    DMA1_Channel2_IRQHandler                 0x08000347   Thumb Code     0  startup_stm32l432xx.o(.text)
    DMA1_Channel3_IRQHandler                 0x08000347   Thumb Code     0  startup_stm32l432xx.o(.text)
    DMA1_Channel4_IRQHandler                 0x08000347   Thumb Code     0  startup_stm32l432xx.o(.text)
    DMA1_Channel5_IRQHandler                 0x08000347   Thumb Code     0  startup_stm32l432xx.o(.text)
    DMA1_Channel6_IRQHandler                 0x08000347   Thumb Code     0  startup_stm32l432xx.o(.text)
    DMA1_Channel7_IRQHandler                 0x08000347   Thumb Code     0  startup_stm32l432xx.o(.text)
    DMA2_Channel1_IRQHandler                 0x08000347   Thumb Code     0  startup_stm32l432xx.o(.text)
    DMA2_Channel2_IRQHandler                 0x08000347   Thumb Code     0  startup_stm32l432xx.o(.text)
    DMA2_Channel3_IRQHandler                 0x08000347   Thumb Code     0  startup_stm32l432xx.o(.text)
    DMA2_Channel4_IRQHandler                 0x08000347   Thumb Code     0  startup_stm32l432xx.o(.text)
    DMA2_Channel5_IRQHandler                 0x08000347   Thumb Code     0  startup_stm32l432xx.o(.text)
    DMA2_Channel6_IRQHandler                 0x08000347   Thumb Code     0  startup_stm32l432xx.o(.text)
    DMA2_Channel7_IRQHandler                 0x08000347   Thumb Code     0  startup_stm32l432xx.o(.text)
    EXTI0_IRQHandler                         0x08000347   Thumb Code     0  startup_stm32l432xx.o(.text)
    EXTI15_10_IRQHandler                     0x08000347   Thumb Code     0  startup_stm32l432xx.o(.text)
    EXTI1_IRQHandler                         0x08000347   Thumb Code     0  startup_stm32l432xx.o(.text)
    EXTI2_IRQHandler                         0x08000347   Thumb Code     0  startup_stm32l432xx.o(.text)
    EXTI3_IRQHandler                         0x08000347   Thumb Code     0  startup_stm32l432xx.o(.text)
    EXTI4_IRQHandler                         0x08000347   Thumb Code     0  startup_stm32l432xx.o(.text)
    EXTI9_5_IRQHandler                       0x08000347   Thumb Code     0  startup_stm32l432xx.o(.text)
    FLASH_IRQHandler                         0x08000347   Thumb Code     0  startup_stm32l432xx.o(.text)
    FPU_IRQHandler                           0x08000347   Thumb Code     0  startup_stm32l432xx.o(.text)
    I2C1_ER_IRQHandler                       0x08000347   Thumb Code     0  startup_stm32l432xx.o(.text)
    I2C1_EV_IRQHandler                       0x08000347   Thumb Code     0  startup_stm32l432xx.o(.text)
    I2C3_ER_IRQHandler                       0x08000347   Thumb Code     0  startup_stm32l432xx.o(.text)
    I2C3_EV_IRQHandler                       0x08000347   Thumb Code     0  startup_stm32l432xx.o(.text)
    LPTIM1_IRQHandler                        0x08000347   Thumb Code     0  startup_stm32l432xx.o(.text)
    LPTIM2_IRQHandler                        0x08000347   Thumb Code     0  startup_stm32l432xx.o(.text)
    LPUART1_IRQHandler                       0x08000347   Thumb Code     0  startup_stm32l432xx.o(.text)
    PVD_PVM_IRQHandler                       0x08000347   Thumb Code     0  startup_stm32l432xx.o(.text)
    QUADSPI_IRQHandler                       0x08000347   Thumb Code     0  startup_stm32l432xx.o(.text)
    RCC_IRQHandler                           0x08000347   Thumb Code     0  startup_stm32l432xx.o(.text)
    RNG_IRQHandler                           0x08000347   Thumb Code     0  startup_stm32l432xx.o(.text)
    RTC_Alarm_IRQHandler                     0x08000347   Thumb Code     0  startup_stm32l432xx.o(.text)
    RTC_WKUP_IRQHandler                      0x08000347   Thumb Code     0  startup_stm32l432xx.o(.text)
    SAI1_IRQHandler                          0x08000347   Thumb Code     0  startup_stm32l432xx.o(.text)
    SPI1_IRQHandler                          0x08000347   Thumb Code     0  startup_stm32l432xx.o(.text)
    SPI3_IRQHandler                          0x08000347   Thumb Code     0  startup_stm32l432xx.o(.text)
    SWPMI1_IRQHandler                        0x08000347   Thumb Code     0  startup_stm32l432xx.o(.text)
    TAMP_STAMP_IRQHandler                    0x08000347   Thumb Code     0  startup_stm32l432xx.o(.text)
    TIM1_BRK_TIM15_IRQHandler                0x08000347   Thumb Code     0  startup_stm32l432xx.o(.text)
    TIM1_TRG_COM_IRQHandler                  0x08000347   Thumb Code     0  startup_stm32l432xx.o(.text)
    TIM2_IRQHandler                          0x08000347   Thumb Code     0  startup_stm32l432xx.o(.text)
    TIM6_DAC_IRQHandler                      0x08000347   Thumb Code     0  startup_stm32l432xx.o(.text)
    TIM7_IRQHandler                          0x08000347   Thumb Code     0  startup_stm32l432xx.o(.text)
    TSC_IRQHandler                           0x08000347   Thumb Code     0  startup_stm32l432xx.o(.text)
    USART1_IRQHandler                        0x08000347   Thumb Code     0  startup_stm32l432xx.o(.text)
    USART2_IRQHandler                        0x08000347   Thumb Code     0  startup_stm32l432xx.o(.text)
    USB_IRQHandler                           0x08000347   Thumb Code     0  startup_stm32l432xx.o(.text)
    WWDG_IRQHandler                          0x08000347   Thumb Code     0  startup_stm32l432xx.o(.text)
    __user_initial_stackheap                 0x08000349   Thumb Code     0  startup_stm32l432xx.o(.text)
    __aeabi_uldivmod                         0x0800036d   Thumb Code     0  lludivv7m.o(.text)
    _ll_udiv                                 0x0800036d   Thumb Code   238  lludivv7m.o(.text)
    __aeabi_ldivmod                          0x0800045b   Thumb Code     0  llsdiv.o(.text)
    _ll_sdiv                                 0x0800045b   Thumb Code    72  llsdiv.o(.text)
    __2sprintf                               0x080004a5   Thumb Code    34  noretval__2sprintf.o(.text)
    __printf                                 0x080004cd   Thumb Code   104  __printf.o(.text)
    _printf_int_dec                          0x08000535   Thumb Code   104  _printf_dec.o(.text)
    __aeabi_memcpy                           0x080005ad   Thumb Code     0  rt_memcpy_v6.o(.text)
    __rt_memcpy                              0x080005ad   Thumb Code   138  rt_memcpy_v6.o(.text)
    _memcpy_lastbytes                        0x08000613   Thumb Code     0  rt_memcpy_v6.o(.text)
    __aeabi_memset                           0x08000637   Thumb Code    16  aeabi_memset.o(.text)
    __aeabi_memclr4                          0x08000647   Thumb Code     0  rt_memclr_w.o(.text)
    __aeabi_memclr8                          0x08000647   Thumb Code     0  rt_memclr_w.o(.text)
    __rt_memclr_w                            0x08000647   Thumb Code    78  rt_memclr_w.o(.text)
    _memset_w                                0x0800064b   Thumb Code     0  rt_memclr_w.o(.text)
    __use_two_region_memory                  0x08000695   Thumb Code     2  heapauxi.o(.text)
    __rt_heap_escrow$2region                 0x08000697   Thumb Code     2  heapauxi.o(.text)
    __rt_heap_expand$2region                 0x08000699   Thumb Code     2  heapauxi.o(.text)
    _printf_int_common                       0x0800069b   Thumb Code   178  _printf_intcommon.o(.text)
    __lib_sel_fp_printf                      0x0800074d   Thumb Code     2  _printf_fp_dec.o(.text)
    _printf_fp_dec_real                      0x080008ff   Thumb Code   620  _printf_fp_dec.o(.text)
    _printf_char_common                      0x08000b7b   Thumb Code    32  _printf_char_common.o(.text)
    _sputc                                   0x08000ba1   Thumb Code    10  _sputc.o(.text)
    __aeabi_memcpy4                          0x08000bab   Thumb Code     0  rt_memcpy_w.o(.text)
    __aeabi_memcpy8                          0x08000bab   Thumb Code     0  rt_memcpy_w.o(.text)
    __rt_memcpy_w                            0x08000bab   Thumb Code   100  rt_memcpy_w.o(.text)
    _memcpy_lastbytes_aligned                0x08000bf3   Thumb Code     0  rt_memcpy_w.o(.text)
    __aeabi_memclr                           0x08000c0f   Thumb Code     0  rt_memclr.o(.text)
    __rt_memclr                              0x08000c0f   Thumb Code    68  rt_memclr.o(.text)
    _memset                                  0x08000c13   Thumb Code     0  rt_memclr.o(.text)
    __rt_locale                              0x08000c55   Thumb Code     8  rt_locale_intlibspace.o(.text)
    _ll_udiv10                               0x08000c5d   Thumb Code   138  lludiv10.o(.text)
    _printf_fp_infnan                        0x08000ce9   Thumb Code   112  _printf_fp_infnan.o(.text)
    _btod_etento                             0x08000d69   Thumb Code   224  bigflt0.o(.text)
    __user_libspace                          0x08000e4d   Thumb Code     8  libspace.o(.text)
    __user_perproc_libspace                  0x08000e4d   Thumb Code     0  libspace.o(.text)
    __user_perthread_libspace                0x08000e4d   Thumb Code     0  libspace.o(.text)
    __user_setup_stackheap                   0x08000e55   Thumb Code    74  sys_stackheap_outer.o(.text)
    exit                                     0x08000e9f   Thumb Code    18  exit.o(.text)
    strcmp                                   0x08000eb1   Thumb Code   128  strcmpv7m.o(.text)
    _sys_exit                                0x08000f31   Thumb Code     8  sys_exit.o(.text)
    __I$use$semihosting                      0x08000f3d   Thumb Code     0  use_no_semi.o(.text)
    __use_no_semihosting_swi                 0x08000f3d   Thumb Code     2  use_no_semi.o(.text)
    __semihosting_library_function           0x08000f3f   Thumb Code     0  indicate_semi.o(.text)
    _btod_d2e                                0x08000f3f   Thumb Code    62  btod.o(CL$$btod_d2e)
    _d2e_denorm_low                          0x08000f7d   Thumb Code    70  btod.o(CL$$btod_d2e_denorm_low)
    _d2e_norm_op1                            0x08000fc3   Thumb Code    96  btod.o(CL$$btod_d2e_norm_op1)
    __btod_div_common                        0x08001023   Thumb Code   696  btod.o(CL$$btod_div_common)
    _e2e                                     0x0800135b   Thumb Code   220  btod.o(CL$$btod_e2e)
    _btod_ediv                               0x08001437   Thumb Code    42  btod.o(CL$$btod_ediv)
    _btod_emul                               0x08001461   Thumb Code    42  btod.o(CL$$btod_emul)
    __btod_mult_common                       0x0800148b   Thumb Code   580  btod.o(CL$$btod_mult_common)
    BusFault_Handler                         0x080016cf   Thumb Code     2  stm32l4xx_it.o(i.BusFault_Handler)
    DebugMon_Handler                         0x080016d1   Thumb Code     2  stm32l4xx_it.o(i.DebugMon_Handler)
    Error_Handler                            0x080016d3   Thumb Code     4  main.o(i.Error_Handler)
    Food_Motor_Control                       0x080016d9   Thumb Code    70  main.o(i.Food_Motor_Control)
    HAL_GPIO_Init                            0x08001729   Thumb Code   392  stm32l4xx_hal_gpio.o(i.HAL_GPIO_Init)
    HAL_GPIO_ReadPin                         0x080018cb   Thumb Code    10  stm32l4xx_hal_gpio.o(i.HAL_GPIO_ReadPin)
    HAL_GPIO_TogglePin                       0x080018d5   Thumb Code    16  stm32l4xx_hal_gpio.o(i.HAL_GPIO_TogglePin)
    HAL_GPIO_WritePin                        0x080018e5   Thumb Code    10  stm32l4xx_hal_gpio.o(i.HAL_GPIO_WritePin)
    HAL_GetTick                              0x080018f1   Thumb Code     6  stm32l4xx_hal.o(i.HAL_GetTick)
    HAL_I2CEx_ConfigAnalogFilter             0x080018fd   Thumb Code    86  stm32l4xx_hal_i2c_ex.o(i.HAL_I2CEx_ConfigAnalogFilter)
    HAL_I2CEx_ConfigDigitalFilter            0x08001953   Thumb Code    82  stm32l4xx_hal_i2c_ex.o(i.HAL_I2CEx_ConfigDigitalFilter)
    HAL_I2C_Init                             0x080019a5   Thumb Code   178  stm32l4xx_hal_i2c.o(i.HAL_I2C_Init)
    HAL_I2C_IsDeviceReady                    0x08001a5d   Thumb Code   282  stm32l4xx_hal_i2c.o(i.HAL_I2C_IsDeviceReady)
    HAL_I2C_Master_Receive                   0x08001b89   Thumb Code   282  stm32l4xx_hal_i2c.o(i.HAL_I2C_Master_Receive)
    HAL_I2C_Master_Transmit                  0x08001cb5   Thumb Code   282  stm32l4xx_hal_i2c.o(i.HAL_I2C_Master_Transmit)
    HAL_I2C_MspInit                          0x08001de1   Thumb Code   158  stm32l4xx_hal_msp.o(i.HAL_I2C_MspInit)
    HAL_IncTick                              0x08001e8d   Thumb Code    12  stm32l4xx_hal.o(i.HAL_IncTick)
    HAL_Init                                 0x08001e9d   Thumb Code    30  stm32l4xx_hal.o(i.HAL_Init)
    HAL_InitTick                             0x08001ebd   Thumb Code    98  stm32l4xx_hal_timebase_tim.o(i.HAL_InitTick)
    HAL_MspInit                              0x08001f31   Thumb Code    48  stm32l4xx_hal_msp.o(i.HAL_MspInit)
    HAL_NVIC_EnableIRQ                       0x08001f65   Thumb Code    26  stm32l4xx_hal_cortex.o(i.HAL_NVIC_EnableIRQ)
    HAL_NVIC_SetPriority                     0x08001f81   Thumb Code    60  stm32l4xx_hal_cortex.o(i.HAL_NVIC_SetPriority)
    HAL_NVIC_SetPriorityGrouping             0x08001fc1   Thumb Code    26  stm32l4xx_hal_cortex.o(i.HAL_NVIC_SetPriorityGrouping)
    HAL_PWREx_ControlVoltageScaling          0x08001fe5   Thumb Code    90  stm32l4xx_hal_pwr_ex.o(i.HAL_PWREx_ControlVoltageScaling)
    HAL_PWREx_GetVoltageRange                0x0800204d   Thumb Code    10  stm32l4xx_hal_pwr_ex.o(i.HAL_PWREx_GetVoltageRange)
    HAL_PWR_EnableBkUpAccess                 0x0800205d   Thumb Code    12  stm32l4xx_hal_pwr.o(i.HAL_PWR_EnableBkUpAccess)
    HAL_RCCEx_EnableMSIPLLMode               0x0800206d   Thumb Code    12  stm32l4xx_hal_rcc_ex.o(i.HAL_RCCEx_EnableMSIPLLMode)
    HAL_RCCEx_PeriphCLKConfig                0x0800207d   Thumb Code   634  stm32l4xx_hal_rcc_ex.o(i.HAL_RCCEx_PeriphCLKConfig)
    HAL_RCC_ClockConfig                      0x08002309   Thumb Code   266  stm32l4xx_hal_rcc.o(i.HAL_RCC_ClockConfig)
    HAL_RCC_GetClockConfig                   0x08002429   Thumb Code    54  stm32l4xx_hal_rcc.o(i.HAL_RCC_GetClockConfig)
    HAL_RCC_GetPCLK1Freq                     0x08002469   Thumb Code    24  stm32l4xx_hal_rcc.o(i.HAL_RCC_GetPCLK1Freq)
    HAL_RCC_GetPCLK2Freq                     0x0800248d   Thumb Code    24  stm32l4xx_hal_rcc.o(i.HAL_RCC_GetPCLK2Freq)
    HAL_RCC_GetSysClockFreq                  0x080024b1   Thumb Code   150  stm32l4xx_hal_rcc.o(i.HAL_RCC_GetSysClockFreq)
    HAL_RCC_OscConfig                        0x08002555   Thumb Code  1382  stm32l4xx_hal_rcc.o(i.HAL_RCC_OscConfig)
    HAL_TIMEx_Break2Callback                 0x08002ac1   Thumb Code     2  stm32l4xx_hal_tim_ex.o(i.HAL_TIMEx_Break2Callback)
    HAL_TIMEx_BreakCallback                  0x08002ac3   Thumb Code     2  stm32l4xx_hal_tim_ex.o(i.HAL_TIMEx_BreakCallback)
    HAL_TIMEx_CommutCallback                 0x08002ac5   Thumb Code     2  stm32l4xx_hal_tim_ex.o(i.HAL_TIMEx_CommutCallback)
    HAL_TIMEx_MasterConfigSynchronization    0x08002ac9   Thumb Code    98  stm32l4xx_hal_tim_ex.o(i.HAL_TIMEx_MasterConfigSynchronization)
    HAL_TIM_Base_Init                        0x08002b35   Thumb Code    98  stm32l4xx_hal_tim.o(i.HAL_TIM_Base_Init)
    HAL_TIM_Base_MspInit                     0x08002b99   Thumb Code   146  stm32l4xx_hal_msp.o(i.HAL_TIM_Base_MspInit)
    HAL_TIM_Base_Start                       0x08002c35   Thumb Code    66  stm32l4xx_hal_tim.o(i.HAL_TIM_Base_Start)
    HAL_TIM_Base_Start_IT                    0x08002c85   Thumb Code    76  stm32l4xx_hal_tim.o(i.HAL_TIM_Base_Start_IT)
    HAL_TIM_ConfigClockSource                0x08002cdd   Thumb Code   214  stm32l4xx_hal_tim.o(i.HAL_TIM_ConfigClockSource)
    HAL_TIM_IC_CaptureCallback               0x08002db9   Thumb Code     2  stm32l4xx_hal_tim.o(i.HAL_TIM_IC_CaptureCallback)
    HAL_TIM_IC_ConfigChannel                 0x08002dbb   Thumb Code   270  stm32l4xx_hal_tim.o(i.HAL_TIM_IC_ConfigChannel)
    HAL_TIM_IC_Init                          0x08002ec9   Thumb Code    98  stm32l4xx_hal_tim.o(i.HAL_TIM_IC_Init)
    HAL_TIM_IC_MspInit                       0x08002f2b   Thumb Code     2  stm32l4xx_hal_tim.o(i.HAL_TIM_IC_MspInit)
    HAL_TIM_IC_Start_IT                      0x08002f2d   Thumb Code   254  stm32l4xx_hal_tim.o(i.HAL_TIM_IC_Start_IT)
    HAL_TIM_IRQHandler                       0x08003039   Thumb Code   388  stm32l4xx_hal_tim.o(i.HAL_TIM_IRQHandler)
    HAL_TIM_MspPostInit                      0x080031bd   Thumb Code    70  stm32l4xx_hal_msp.o(i.HAL_TIM_MspPostInit)
    HAL_TIM_OC_DelayElapsedCallback          0x08003209   Thumb Code     2  stm32l4xx_hal_tim.o(i.HAL_TIM_OC_DelayElapsedCallback)
    HAL_TIM_PWM_ConfigChannel                0x0800320b   Thumb Code   286  stm32l4xx_hal_tim.o(i.HAL_TIM_PWM_ConfigChannel)
    HAL_TIM_PWM_Init                         0x08003329   Thumb Code    98  stm32l4xx_hal_tim.o(i.HAL_TIM_PWM_Init)
    HAL_TIM_PWM_MspInit                      0x0800338b   Thumb Code     2  stm32l4xx_hal_tim.o(i.HAL_TIM_PWM_MspInit)
    HAL_TIM_PWM_PulseFinishedCallback        0x0800338d   Thumb Code     2  stm32l4xx_hal_tim.o(i.HAL_TIM_PWM_PulseFinishedCallback)
    HAL_TIM_PWM_Start                        0x08003391   Thumb Code   190  stm32l4xx_hal_tim.o(i.HAL_TIM_PWM_Start)
    HAL_TIM_PWM_Stop                         0x08003461   Thumb Code   140  stm32l4xx_hal_tim.o(i.HAL_TIM_PWM_Stop)
    HAL_TIM_PeriodElapsedCallback            0x080034f9   Thumb Code    14  main.o(i.HAL_TIM_PeriodElapsedCallback)
    HAL_TIM_ReadCapturedValue                0x0800350d   Thumb Code    42  stm32l4xx_hal_tim.o(i.HAL_TIM_ReadCapturedValue)
    HAL_TIM_TriggerCallback                  0x08003537   Thumb Code     2  stm32l4xx_hal_tim.o(i.HAL_TIM_TriggerCallback)
    HAL_UART_Init                            0x08003539   Thumb Code   102  stm32l4xx_hal_uart.o(i.HAL_UART_Init)
    HAL_UART_MspInit                         0x080035a1   Thumb Code   236  stm32l4xx_hal_msp.o(i.HAL_UART_MspInit)
    HAL_UART_Transmit                        0x0800369d   Thumb Code   182  stm32l4xx_hal_uart.o(i.HAL_UART_Transmit)
    HardFault_Handler                        0x08003753   Thumb Code     2  stm32l4xx_it.o(i.HardFault_Handler)
    Measure_Weight_Food                      0x08003c51   Thumb Code   168  main.o(i.Measure_Weight_Food)
    Measure_Weight_Water                     0x08003d1d   Thumb Code   166  main.o(i.Measure_Weight_Water)
    MemManage_Handler                        0x08003ded   Thumb Code     2  stm32l4xx_it.o(i.MemManage_Handler)
    NMI_Handler                              0x08003def   Thumb Code     2  stm32l4xx_it.o(i.NMI_Handler)
    StartDefaultTask                         0x08003f99   Thumb Code   474  main.o(i.StartDefaultTask)
    StartTask02                              0x08004199   Thumb Code   164  main.o(i.StartTask02)
    StartTemp                                0x08004249   Thumb Code     8  main.o(i.StartTemp)
    Start_Water_Control                      0x08004251   Thumb Code    30  main.o(i.Start_Water_Control)
    SysTick_Handler                          0x08004279   Thumb Code    26  cmsis_os2.o(i.SysTick_Handler)
    SystemClock_Config                       0x08004295   Thumb Code   140  main.o(i.SystemClock_Config)
    SystemInit                               0x08004325   Thumb Code    48  system_stm32l4xx.o(i.SystemInit)
    TIM1_CC_IRQHandler                       0x08004361   Thumb Code   552  stm32l4xx_it.o(i.TIM1_CC_IRQHandler)
    TIM1_UP_TIM16_IRQHandler                 0x080045c1   Thumb Code    18  stm32l4xx_it.o(i.TIM1_UP_TIM16_IRQHandler)
    TIM_Base_SetConfig                       0x080045dd   Thumb Code    94  stm32l4xx_hal_tim.o(i.TIM_Base_SetConfig)
    TIM_CCxChannelCmd                        0x08004649   Thumb Code    26  stm32l4xx_hal_tim.o(i.TIM_CCxChannelCmd)
    TIM_ETR_SetConfig                        0x08004663   Thumb Code    20  stm32l4xx_hal_tim.o(i.TIM_ETR_SetConfig)
    TIM_OC2_SetConfig                        0x08004701   Thumb Code   102  stm32l4xx_hal_tim.o(i.TIM_OC2_SetConfig)
    TIM_TI1_SetConfig                        0x08004929   Thumb Code    70  stm32l4xx_hal_tim.o(i.TIM_TI1_SetConfig)
    UART_AdvFeatureConfig                    0x080049d3   Thumb Code   200  stm32l4xx_hal_uart.o(i.UART_AdvFeatureConfig)
    UART_CheckIdleState                      0x08004a9b   Thumb Code    92  stm32l4xx_hal_uart.o(i.UART_CheckIdleState)
    UART_SetConfig                           0x08004af9   Thumb Code   450  stm32l4xx_hal_uart.o(i.UART_SetConfig)
    UART_WaitOnFlagUntilTimeout              0x08004cd9   Thumb Code   164  stm32l4xx_hal_uart.o(i.UART_WaitOnFlagUntilTimeout)
    UsageFault_Handler                       0x08004d7d   Thumb Code     2  stm32l4xx_it.o(i.UsageFault_Handler)
    __ARM_fpclassify                         0x08004d7f   Thumb Code    48  fpclassify.o(i.__ARM_fpclassify)
    hx711_coef_set                           0x08004dcf   Thumb Code     6  hx711.o(i.hx711_coef_set)
    hx711_delay_us                           0x08004dd5   Thumb Code    18  hx711.o(i.hx711_delay_us)
    hx711_init                               0x08004de7   Thumb Code   136  hx711.o(i.hx711_init)
    hx711_lock                               0x08004e75   Thumb Code    26  hx711.o(i.hx711_lock)
    hx711_tare                               0x08004e8f   Thumb Code    76  hx711.o(i.hx711_tare)
    hx711_value                              0x08004edb   Thumb Code   136  hx711.o(i.hx711_value)
    hx711_weight                             0x08004f63   Thumb Code    94  hx711.o(i.hx711_weight)
    main                                     0x08004fc1   Thumb Code   140  main.o(i.main)
    osDelay                                  0x08005071   Thumb Code    26  cmsis_os2.o(i.osDelay)
    osKernelInitialize                       0x0800508d   Thumb Code    32  cmsis_os2.o(i.osKernelInitialize)
    osKernelStart                            0x080050b1   Thumb Code    48  cmsis_os2.o(i.osKernelStart)
    osThreadNew                              0x080050e9   Thumb Code   138  cmsis_os2.o(i.osThreadNew)
    pvPortMalloc                             0x08005911   Thumb Code   216  heap_4.o(i.pvPortMalloc)
    pxPortInitialiseStack                    0x080059ed   Thumb Code    40  port.o(i.pxPortInitialiseStack)
    uxListRemove                             0x08005a19   Thumb Code    38  list.o(i.uxListRemove)
    vApplicationGetIdleTaskMemory            0x08005a41   Thumb Code    16  cmsis_os2.o(i.vApplicationGetIdleTaskMemory)
    vApplicationGetTimerTaskMemory           0x08005a55   Thumb Code    18  cmsis_os2.o(i.vApplicationGetTimerTaskMemory)
    vListInitialise                          0x08005a6d   Thumb Code    22  list.o(i.vListInitialise)
    vListInitialiseItem                      0x08005a83   Thumb Code     6  list.o(i.vListInitialiseItem)
    vListInsert                              0x08005a89   Thumb Code    48  list.o(i.vListInsert)
    vListInsertEnd                           0x08005ab9   Thumb Code    24  list.o(i.vListInsertEnd)
    vPortEnterCritical                       0x08005ad1   Thumb Code    54  port.o(i.vPortEnterCritical)
    vPortExitCritical                        0x08005b11   Thumb Code    34  port.o(i.vPortExitCritical)
    vPortFree                                0x08005b39   Thumb Code    94  heap_4.o(i.vPortFree)
    vPortSetupTimerInterrupt                 0x08005b9d   Thumb Code    32  port.o(i.vPortSetupTimerInterrupt)
    vPortValidateInterruptPriority           0x08005bc1   Thumb Code    74  port.o(i.vPortValidateInterruptPriority)
    vQueueAddToRegistry                      0x08005c15   Thumb Code    34  queue.o(i.vQueueAddToRegistry)
    vQueueWaitForMessageRestricted           0x08005c3d   Thumb Code    68  queue.o(i.vQueueWaitForMessageRestricted)
    vTaskDelay                               0x08005c81   Thumb Code    66  tasks.o(i.vTaskDelay)
    vTaskInternalSetTimeOutState             0x08005ccd   Thumb Code    12  tasks.o(i.vTaskInternalSetTimeOutState)
    vTaskMissedYield                         0x08005cdd   Thumb Code     8  tasks.o(i.vTaskMissedYield)
    vTaskPlaceOnEventList                    0x08005ce9   Thumb Code    44  tasks.o(i.vTaskPlaceOnEventList)
    vTaskPlaceOnEventListRestricted          0x08005d19   Thumb Code    52  tasks.o(i.vTaskPlaceOnEventListRestricted)
    vTaskStartScheduler                      0x08005d51   Thumb Code   118  tasks.o(i.vTaskStartScheduler)
    vTaskSuspendAll                          0x08005dd9   Thumb Code    10  tasks.o(i.vTaskSuspendAll)
    vTaskSwitchContext                       0x08005de9   Thumb Code    90  tasks.o(i.vTaskSwitchContext)
    xPortStartScheduler                      0x08005e4d   Thumb Code   222  port.o(i.xPortStartScheduler)
    xPortSysTickHandler                      0x08005f41   Thumb Code    38  port.o(i.xPortSysTickHandler)
    xQueueGenericCreateStatic                0x08005f6d   Thumb Code   102  queue.o(i.xQueueGenericCreateStatic)
    xQueueGenericReset                       0x08005fd5   Thumb Code   132  queue.o(i.xQueueGenericReset)
    xQueueGenericSend                        0x0800605d   Thumb Code   346  queue.o(i.xQueueGenericSend)
    xQueueGenericSendFromISR                 0x080061bd   Thumb Code   190  queue.o(i.xQueueGenericSendFromISR)
    xQueueReceive                            0x0800627d   Thumb Code   308  queue.o(i.xQueueReceive)
    xTaskCheckForTimeOut                     0x080063b5   Thumb Code   112  tasks.o(i.xTaskCheckForTimeOut)
    xTaskCreate                              0x08006429   Thumb Code    90  tasks.o(i.xTaskCreate)
    xTaskCreateStatic                        0x08006489   Thumb Code    86  tasks.o(i.xTaskCreateStatic)
    xTaskGetSchedulerState                   0x080064e1   Thumb Code    22  tasks.o(i.xTaskGetSchedulerState)
    xTaskGetTickCount                        0x080064fd   Thumb Code     6  tasks.o(i.xTaskGetTickCount)
    xTaskIncrementTick                       0x08006509   Thumb Code   192  tasks.o(i.xTaskIncrementTick)
    xTaskPriorityDisinherit                  0x080065d1   Thumb Code   118  tasks.o(i.xTaskPriorityDisinherit)
    xTaskRemoveFromEventList                 0x08006651   Thumb Code    98  tasks.o(i.xTaskRemoveFromEventList)
    xTaskResumeAll                           0x080066c1   Thumb Code   182  tasks.o(i.xTaskResumeAll)
    xTimerCreateTimerTask                    0x08006785   Thumb Code    78  timers.o(i.xTimerCreateTimerTask)
    xTimerGenericCommand                     0x080067e5   Thumb Code    98  timers.o(i.xTimerGenericCommand)
    _get_lc_numeric                          0x0800684d   Thumb Code    44  lc_numeric_c.o(locale$$code)
    __fpl_dcmp_Inf                           0x08006879   Thumb Code    24  dcmpi.o(x$fpl$dcmpinf)
    __aeabi_d2iz                             0x08006891   Thumb Code     0  dfix.o(x$fpl$dfix)
    _dfix                                    0x08006891   Thumb Code    94  dfix.o(x$fpl$dfix)
    __aeabi_ui2d                             0x080068ef   Thumb Code     0  dflt_clz.o(x$fpl$dfltu)
    _dfltu                                   0x080068ef   Thumb Code    38  dflt_clz.o(x$fpl$dfltu)
    __aeabi_cdcmple                          0x08006915   Thumb Code     0  dleqf.o(x$fpl$dleqf)
    _dcmple                                  0x08006915   Thumb Code   120  dleqf.o(x$fpl$dleqf)
    __fpl_dcmple_InfNaN                      0x08006977   Thumb Code     0  dleqf.o(x$fpl$dleqf)
    __aeabi_dmul                             0x0800698d   Thumb Code     0  dmul.o(x$fpl$dmul)
    _dmul                                    0x0800698d   Thumb Code   332  dmul.o(x$fpl$dmul)
    __fpl_dnaninf                            0x08006ae1   Thumb Code   156  dnaninf.o(x$fpl$dnaninf)
    __fpl_dretinf                            0x08006b7d   Thumb Code    12  dretinf.o(x$fpl$dretinf)
    __aeabi_cdrcmple                         0x08006b89   Thumb Code     0  drleqf.o(x$fpl$drleqf)
    _drcmple                                 0x08006b89   Thumb Code   108  drleqf.o(x$fpl$drleqf)
    _fp_init                                 0x08006bf5   Thumb Code    10  fpinit.o(x$fpl$fpinit)
    __fplib_config_fpu_vfp                   0x08006bfd   Thumb Code     0  fpinit.o(x$fpl$fpinit)
    __fplib_config_pureend_doubles           0x08006bfd   Thumb Code     0  fpinit.o(x$fpl$fpinit)
    _printf_fp_dec                           0x08006bff   Thumb Code     4  printf1.o(x$fpl$printf1)
    __I$use$fp                               0x08006c02   Number         0  usenofp.o(x$fpl$usenofp)
    US_Water_attributes                      0x08006c04   Data          36  main.o(.constdata)
    US_Food_attributes                       0x08006c28   Data          36  main.o(.constdata)
    Weight_Food_attributes                   0x08006c4c   Data          36  main.o(.constdata)
    Weight_Water_attributes                  0x08006c70   Data          36  main.o(.constdata)
    WaterValve_attributes                    0x08006c94   Data          36  main.o(.constdata)
    FoodMotor_attributes                     0x08006cb8   Data          36  main.o(.constdata)
    Temp_attributes                          0x08006cdc   Data          36  main.o(.constdata)
    AHBPrescTable                            0x08006d00   Data          16  system_stm32l4xx.o(.constdata)
    MSIRangeTable                            0x08006d10   Data          48  system_stm32l4xx.o(.constdata)
    APBPrescTable                            0x08006d40   Data           8  system_stm32l4xx.o(.constdata)
    Region$$Table$$Base                      0x08006e2c   Number         0  anon$$obj.o(Region$$Table)
    Region$$Table$$Limit                     0x08006e4c   Number         0  anon$$obj.o(Region$$Table)
    h1                                       0x20000000   Data           1  main.o(.data)
    h2                                       0x20000001   Data           1  main.o(.data)
    m1                                       0x20000002   Data           1  main.o(.data)
    m2                                       0x20000003   Data           1  main.o(.data)
    s1                                       0x20000004   Data           1  main.o(.data)
    s2                                       0x20000005   Data           1  main.o(.data)
    h1alarm                                  0x20000008   Data           4  main.o(.data)
    h2alarm                                  0x2000000c   Data           4  main.o(.data)
    m1alarm                                  0x20000010   Data           4  main.o(.data)
    m2alarm                                  0x20000014   Data           4  main.o(.data)
    s1alarm                                  0x20000018   Data           4  main.o(.data)
    s2alarm                                  0x2000001c   Data           4  main.o(.data)
    OpenFoodDoor                             0x20000020   Data           4  main.o(.data)
    foodOrWater                              0x20000024   Data           4  main.o(.data)
    US_WaterHandle                           0x20000028   Data           4  main.o(.data)
    US_FoodHandle                            0x2000002c   Data           4  main.o(.data)
    Weight_FoodHandle                        0x20000030   Data           4  main.o(.data)
    Weight_WaterHandle                       0x20000034   Data           4  main.o(.data)
    WaterValveHandle                         0x20000038   Data           4  main.o(.data)
    FoodMotorHandle                          0x2000003c   Data           4  main.o(.data)
    TempHandle                               0x20000040   Data           4  main.o(.data)
    Foodweight                               0x20000044   Data           4  main.o(.data)
    waterWeight                              0x20000048   Data           4  main.o(.data)
    flagCH1                                  0x2000004c   Data           1  stm32l4xx_it.o(.data)
    flagCH2                                  0x2000004d   Data           1  stm32l4xx_it.o(.data)
    sent1                                    0x2000004e   Data           1  stm32l4xx_it.o(.data)
    sent2                                    0x2000004f   Data           1  stm32l4xx_it.o(.data)
    newline                                  0x20000050   Data           3  stm32l4xx_it.o(.data)
    start                                    0x20000054   Data           4  stm32l4xx_it.o(.data)
    end                                      0x20000058   Data           4  stm32l4xx_it.o(.data)
    start1                                   0x2000005c   Data           4  stm32l4xx_it.o(.data)
    end1                                     0x20000060   Data           4  stm32l4xx_it.o(.data)
    food                                     0x20000064   Data           7  stm32l4xx_it.o(.data)
    water                                    0x2000006b   Data           8  stm32l4xx_it.o(.data)
    uwTickFreq                               0x20000074   Data           1  stm32l4xx_hal.o(.data)
    uwTickPrio                               0x20000078   Data           4  stm32l4xx_hal.o(.data)
    uwTick                                   0x2000007c   Data           4  stm32l4xx_hal.o(.data)
    SystemCoreClock                          0x20000080   Data           4  system_stm32l4xx.o(.data)
    pxCurrentTCB                             0x20000084   Data           4  tasks.o(.data)
    hi2c3                                    0x20000104   Data          76  main.o(.bss)
    htim1                                    0x20000150   Data          76  main.o(.bss)
    htim2                                    0x2000019c   Data          76  main.o(.bss)
    huart1                                   0x200001e8   Data         132  main.o(.bss)
    huart2                                   0x2000026c   Data         132  main.o(.bss)
    loadcellFood                             0x200002f0   Data          24  main.o(.bss)
    loadcellWater                            0x20000308   Data          24  main.o(.bss)
    msg                                      0x20000320   Data           9  stm32l4xx_it.o(.bss)
    msg1                                     0x20000329   Data           9  stm32l4xx_it.o(.bss)
    htim16                                   0x20000334   Data          76  stm32l4xx_hal_timebase_tim.o(.bss)
    xQueueRegistry                           0x20000380   Data          64  queue.o(.bss)
    __libspace_start                         0x20002f94   Data          96  libspace.o(.bss)
    __temporary_stack_top$libspace           0x20002ff4   Data           0  libspace.o(.bss)



==============================================================================

Memory Map of the image

  Image Entry point : 0x0800018d

  Load Region LR_IROM1 (Base: 0x08000000, Size: 0x00006f6c, Max: 0x00040000, ABSOLUTE)

    Execution Region ER_IROM1 (Exec base: 0x08000000, Load base: 0x08000000, Size: 0x00006e68, Max: 0x00040000, ABSOLUTE)

    Exec Addr    Load Addr    Size         Type   Attr      Idx    E Section Name        Object

    0x08000000   0x08000000   0x0000018c   Data   RO            3    RESET               startup_stm32l432xx.o
    0x0800018c   0x0800018c   0x00000008   Code   RO         5827  * !!!main             c_w.l(__main.o)
    0x08000194   0x08000194   0x00000034   Code   RO         6079    !!!scatter          c_w.l(__scatter.o)
    0x080001c8   0x080001c8   0x0000001a   Code   RO         6081    !!handler_copy      c_w.l(__scatter_copy.o)
    0x080001e2   0x080001e2   0x00000002   PAD
    0x080001e4   0x080001e4   0x0000001c   Code   RO         6083    !!handler_zi        c_w.l(__scatter_zi.o)
    0x08000200   0x08000200   0x00000000   Code   RO         5816    .ARM.Collect$$_printf_percent$$00000000  c_w.l(_printf_percent.o)
    0x08000200   0x08000200   0x00000006   Code   RO         5815    .ARM.Collect$$_printf_percent$$00000003  c_w.l(_printf_f.o)
    0x08000206   0x08000206   0x00000006   Code   RO         5814    .ARM.Collect$$_printf_percent$$00000009  c_w.l(_printf_d.o)
    0x0800020c   0x0800020c   0x00000004   Code   RO         5858    .ARM.Collect$$_printf_percent$$00000017  c_w.l(_printf_percent_end.o)
    0x08000210   0x08000210   0x00000002   Code   RO         5950    .ARM.Collect$$libinit$$00000000  c_w.l(libinit.o)
    0x08000212   0x08000212   0x00000004   Code   RO         5951    .ARM.Collect$$libinit$$00000001  c_w.l(libinit2.o)
    0x08000216   0x08000216   0x00000000   Code   RO         5954    .ARM.Collect$$libinit$$00000004  c_w.l(libinit2.o)
    0x08000216   0x08000216   0x00000000   Code   RO         5957    .ARM.Collect$$libinit$$0000000A  c_w.l(libinit2.o)
    0x08000216   0x08000216   0x00000000   Code   RO         5959    .ARM.Collect$$libinit$$0000000C  c_w.l(libinit2.o)
    0x08000216   0x08000216   0x00000000   Code   RO         5961    .ARM.Collect$$libinit$$0000000E  c_w.l(libinit2.o)
    0x08000216   0x08000216   0x00000006   Code   RO         5962    .ARM.Collect$$libinit$$0000000F  c_w.l(libinit2.o)
    0x0800021c   0x0800021c   0x00000000   Code   RO         5964    .ARM.Collect$$libinit$$00000011  c_w.l(libinit2.o)
    0x0800021c   0x0800021c   0x00000000   Code   RO         5966    .ARM.Collect$$libinit$$00000013  c_w.l(libinit2.o)
    0x0800021c   0x0800021c   0x00000000   Code   RO         5968    .ARM.Collect$$libinit$$00000015  c_w.l(libinit2.o)
    0x0800021c   0x0800021c   0x0000000a   Code   RO         5969    .ARM.Collect$$libinit$$00000016  c_w.l(libinit2.o)
    0x08000226   0x08000226   0x00000000   Code   RO         5970    .ARM.Collect$$libinit$$00000017  c_w.l(libinit2.o)
    0x08000226   0x08000226   0x00000000   Code   RO         5972    .ARM.Collect$$libinit$$00000019  c_w.l(libinit2.o)
    0x08000226   0x08000226   0x00000000   Code   RO         5974    .ARM.Collect$$libinit$$0000001B  c_w.l(libinit2.o)
    0x08000226   0x08000226   0x00000000   Code   RO         5976    .ARM.Collect$$libinit$$0000001D  c_w.l(libinit2.o)
    0x08000226   0x08000226   0x00000000   Code   RO         5978    .ARM.Collect$$libinit$$0000001F  c_w.l(libinit2.o)
    0x08000226   0x08000226   0x00000000   Code   RO         5980    .ARM.Collect$$libinit$$00000021  c_w.l(libinit2.o)
    0x08000226   0x08000226   0x00000000   Code   RO         5982    .ARM.Collect$$libinit$$00000023  c_w.l(libinit2.o)
    0x08000226   0x08000226   0x00000000   Code   RO         5984    .ARM.Collect$$libinit$$00000025  c_w.l(libinit2.o)
    0x08000226   0x08000226   0x00000000   Code   RO         5988    .ARM.Collect$$libinit$$0000002C  c_w.l(libinit2.o)
    0x08000226   0x08000226   0x00000000   Code   RO         5990    .ARM.Collect$$libinit$$0000002E  c_w.l(libinit2.o)
    0x08000226   0x08000226   0x00000000   Code   RO         5992    .ARM.Collect$$libinit$$00000030  c_w.l(libinit2.o)
    0x08000226   0x08000226   0x00000000   Code   RO         5994    .ARM.Collect$$libinit$$00000032  c_w.l(libinit2.o)
    0x08000226   0x08000226   0x00000002   Code   RO         5995    .ARM.Collect$$libinit$$00000033  c_w.l(libinit2.o)
    0x08000228   0x08000228   0x00000002   Code   RO         6042    .ARM.Collect$$libshutdown$$00000000  c_w.l(libshutdown.o)
    0x0800022a   0x0800022a   0x00000000   Code   RO         6060    .ARM.Collect$$libshutdown$$00000002  c_w.l(libshutdown2.o)
    0x0800022a   0x0800022a   0x00000000   Code   RO         6062    .ARM.Collect$$libshutdown$$00000004  c_w.l(libshutdown2.o)
    0x0800022a   0x0800022a   0x00000000   Code   RO         6064    .ARM.Collect$$libshutdown$$00000006  c_w.l(libshutdown2.o)
    0x0800022a   0x0800022a   0x00000000   Code   RO         6067    .ARM.Collect$$libshutdown$$00000009  c_w.l(libshutdown2.o)
    0x0800022a   0x0800022a   0x00000000   Code   RO         6070    .ARM.Collect$$libshutdown$$0000000C  c_w.l(libshutdown2.o)
    0x0800022a   0x0800022a   0x00000000   Code   RO         6072    .ARM.Collect$$libshutdown$$0000000E  c_w.l(libshutdown2.o)
    0x0800022a   0x0800022a   0x00000000   Code   RO         6075    .ARM.Collect$$libshutdown$$00000011  c_w.l(libshutdown2.o)
    0x0800022a   0x0800022a   0x00000002   Code   RO         6076    .ARM.Collect$$libshutdown$$00000012  c_w.l(libshutdown2.o)
    0x0800022c   0x0800022c   0x00000000   Code   RO         5845    .ARM.Collect$$rtentry$$00000000  c_w.l(__rtentry.o)
    0x0800022c   0x0800022c   0x00000000   Code   RO         5871    .ARM.Collect$$rtentry$$00000002  c_w.l(__rtentry2.o)
    0x0800022c   0x0800022c   0x00000006   Code   RO         5883    .ARM.Collect$$rtentry$$00000004  c_w.l(__rtentry4.o)
    0x08000232   0x08000232   0x00000000   Code   RO         5873    .ARM.Collect$$rtentry$$00000009  c_w.l(__rtentry2.o)
    0x08000232   0x08000232   0x00000004   Code   RO         5874    .ARM.Collect$$rtentry$$0000000A  c_w.l(__rtentry2.o)
    0x08000236   0x08000236   0x00000000   Code   RO         5876    .ARM.Collect$$rtentry$$0000000C  c_w.l(__rtentry2.o)
    0x08000236   0x08000236   0x00000008   Code   RO         5877    .ARM.Collect$$rtentry$$0000000D  c_w.l(__rtentry2.o)
    0x0800023e   0x0800023e   0x00000002   Code   RO         5996    .ARM.Collect$$rtexit$$00000000  c_w.l(rtexit.o)
    0x08000240   0x08000240   0x00000000   Code   RO         6011    .ARM.Collect$$rtexit$$00000002  c_w.l(rtexit2.o)
    0x08000240   0x08000240   0x00000004   Code   RO         6012    .ARM.Collect$$rtexit$$00000003  c_w.l(rtexit2.o)
    0x08000244   0x08000244   0x00000006   Code   RO         6013    .ARM.Collect$$rtexit$$00000004  c_w.l(rtexit2.o)
    0x0800024a   0x0800024a   0x00000002   PAD
    0x0800024c   0x0800024c   0x000000de   Code   RO         5703    .emb_text           port.o
    0x0800032a   0x0800032a   0x00000002   PAD
    0x0800032c   0x0800032c   0x00000040   Code   RO            4    .text               startup_stm32l432xx.o
    0x0800036c   0x0800036c   0x000000ee   Code   RO         5782    .text               c_w.l(lludivv7m.o)
    0x0800045a   0x0800045a   0x00000048   Code   RO         5784    .text               c_w.l(llsdiv.o)
    0x080004a2   0x080004a2   0x00000002   PAD
    0x080004a4   0x080004a4   0x00000028   Code   RO         5788    .text               c_w.l(noretval__2sprintf.o)
    0x080004cc   0x080004cc   0x00000068   Code   RO         5790    .text               c_w.l(__printf.o)
    0x08000534   0x08000534   0x00000078   Code   RO         5792    .text               c_w.l(_printf_dec.o)
    0x080005ac   0x080005ac   0x0000008a   Code   RO         5817    .text               c_w.l(rt_memcpy_v6.o)
    0x08000636   0x08000636   0x00000010   Code   RO         5821    .text               c_w.l(aeabi_memset.o)
    0x08000646   0x08000646   0x0000004e   Code   RO         5823    .text               c_w.l(rt_memclr_w.o)
    0x08000694   0x08000694   0x00000006   Code   RO         5825    .text               c_w.l(heapauxi.o)
    0x0800069a   0x0800069a   0x000000b2   Code   RO         5850    .text               c_w.l(_printf_intcommon.o)
    0x0800074c   0x0800074c   0x00000424   Code   RO         5852    .text               c_w.l(_printf_fp_dec.o)
    0x08000b70   0x08000b70   0x00000030   Code   RO         5854    .text               c_w.l(_printf_char_common.o)
    0x08000ba0   0x08000ba0   0x0000000a   Code   RO         5856    .text               c_w.l(_sputc.o)
    0x08000baa   0x08000baa   0x00000064   Code   RO         5859    .text               c_w.l(rt_memcpy_w.o)
    0x08000c0e   0x08000c0e   0x00000044   Code   RO         5861    .text               c_w.l(rt_memclr.o)
    0x08000c52   0x08000c52   0x00000002   PAD
    0x08000c54   0x08000c54   0x00000008   Code   RO         5890    .text               c_w.l(rt_locale_intlibspace.o)
    0x08000c5c   0x08000c5c   0x0000008a   Code   RO         5892    .text               c_w.l(lludiv10.o)
    0x08000ce6   0x08000ce6   0x00000002   PAD
    0x08000ce8   0x08000ce8   0x00000080   Code   RO         5894    .text               c_w.l(_printf_fp_infnan.o)
    0x08000d68   0x08000d68   0x000000e4   Code   RO         5898    .text               c_w.l(bigflt0.o)
    0x08000e4c   0x08000e4c   0x00000008   Code   RO         5932    .text               c_w.l(libspace.o)
    0x08000e54   0x08000e54   0x0000004a   Code   RO         5935    .text               c_w.l(sys_stackheap_outer.o)
    0x08000e9e   0x08000e9e   0x00000012   Code   RO         5937    .text               c_w.l(exit.o)
    0x08000eb0   0x08000eb0   0x00000080   Code   RO         5943    .text               c_w.l(strcmpv7m.o)
    0x08000f30   0x08000f30   0x0000000c   Code   RO         6008    .text               c_w.l(sys_exit.o)
    0x08000f3c   0x08000f3c   0x00000002   Code   RO         6029    .text               c_w.l(use_no_semi.o)
    0x08000f3e   0x08000f3e   0x00000000   Code   RO         6031    .text               c_w.l(indicate_semi.o)
    0x08000f3e   0x08000f3e   0x0000003e   Code   RO         5901    CL$$btod_d2e        c_w.l(btod.o)
    0x08000f7c   0x08000f7c   0x00000046   Code   RO         5903    CL$$btod_d2e_denorm_low  c_w.l(btod.o)
    0x08000fc2   0x08000fc2   0x00000060   Code   RO         5902    CL$$btod_d2e_norm_op1  c_w.l(btod.o)
    0x08001022   0x08001022   0x00000338   Code   RO         5911    CL$$btod_div_common  c_w.l(btod.o)
    0x0800135a   0x0800135a   0x000000dc   Code   RO         5908    CL$$btod_e2e        c_w.l(btod.o)
    0x08001436   0x08001436   0x0000002a   Code   RO         5905    CL$$btod_ediv       c_w.l(btod.o)
    0x08001460   0x08001460   0x0000002a   Code   RO         5904    CL$$btod_emul       c_w.l(btod.o)
    0x0800148a   0x0800148a   0x00000244   Code   RO         5910    CL$$btod_mult_common  c_w.l(btod.o)
    0x080016ce   0x080016ce   0x00000002   Code   RO          305    i.BusFault_Handler  stm32l4xx_it.o
    0x080016d0   0x080016d0   0x00000002   Code   RO          306    i.DebugMon_Handler  stm32l4xx_it.o
    0x080016d2   0x080016d2   0x00000004   Code   RO           13    i.Error_Handler     main.o
    0x080016d6   0x080016d6   0x00000002   PAD
    0x080016d8   0x080016d8   0x00000050   Code   RO           14    i.Food_Motor_Control  main.o
    0x08001728   0x08001728   0x000001a2   Code   RO         1791    i.HAL_GPIO_Init     stm32l4xx_hal_gpio.o
    0x080018ca   0x080018ca   0x0000000a   Code   RO         1793    i.HAL_GPIO_ReadPin  stm32l4xx_hal_gpio.o
    0x080018d4   0x080018d4   0x00000010   Code   RO         1794    i.HAL_GPIO_TogglePin  stm32l4xx_hal_gpio.o
    0x080018e4   0x080018e4   0x0000000a   Code   RO         1795    i.HAL_GPIO_WritePin  stm32l4xx_hal_gpio.o
    0x080018ee   0x080018ee   0x00000002   PAD
    0x080018f0   0x080018f0   0x0000000c   Code   RO          592    i.HAL_GetTick       stm32l4xx_hal.o
    0x080018fc   0x080018fc   0x00000056   Code   RO         1247    i.HAL_I2CEx_ConfigAnalogFilter  stm32l4xx_hal_i2c_ex.o
    0x08001952   0x08001952   0x00000052   Code   RO         1248    i.HAL_I2CEx_ConfigDigitalFilter  stm32l4xx_hal_i2c_ex.o
    0x080019a4   0x080019a4   0x000000b8   Code   RO          796    i.HAL_I2C_Init      stm32l4xx_hal_i2c.o
    0x08001a5c   0x08001a5c   0x0000012a   Code   RO          797    i.HAL_I2C_IsDeviceReady  stm32l4xx_hal_i2c.o
    0x08001b86   0x08001b86   0x00000002   PAD
    0x08001b88   0x08001b88   0x0000012a   Code   RO          802    i.HAL_I2C_Master_Receive  stm32l4xx_hal_i2c.o
    0x08001cb2   0x08001cb2   0x00000002   PAD
    0x08001cb4   0x08001cb4   0x0000012a   Code   RO          809    i.HAL_I2C_Master_Transmit  stm32l4xx_hal_i2c.o
    0x08001dde   0x08001dde   0x00000002   PAD
    0x08001de0   0x08001de0   0x000000ac   Code   RO          380    i.HAL_I2C_MspInit   stm32l4xx_hal_msp.o
    0x08001e8c   0x08001e8c   0x00000010   Code   RO          598    i.HAL_IncTick       stm32l4xx_hal.o
    0x08001e9c   0x08001e9c   0x0000001e   Code   RO          599    i.HAL_Init          stm32l4xx_hal.o
    0x08001eba   0x08001eba   0x00000002   PAD
    0x08001ebc   0x08001ebc   0x00000074   Code   RO          445    i.HAL_InitTick      stm32l4xx_hal_timebase_tim.o
    0x08001f30   0x08001f30   0x00000034   Code   RO          381    i.HAL_MspInit       stm32l4xx_hal_msp.o
    0x08001f64   0x08001f64   0x0000001a   Code   RO         2308    i.HAL_NVIC_EnableIRQ  stm32l4xx_hal_cortex.o
    0x08001f7e   0x08001f7e   0x00000002   PAD
    0x08001f80   0x08001f80   0x00000040   Code   RO         2314    i.HAL_NVIC_SetPriority  stm32l4xx_hal_cortex.o
    0x08001fc0   0x08001fc0   0x00000024   Code   RO         2315    i.HAL_NVIC_SetPriorityGrouping  stm32l4xx_hal_cortex.o
    0x08001fe4   0x08001fe4   0x00000068   Code   RO         2082    i.HAL_PWREx_ControlVoltageScaling  stm32l4xx_hal_pwr_ex.o
    0x0800204c   0x0800204c   0x00000010   Code   RO         2109    i.HAL_PWREx_GetVoltageRange  stm32l4xx_hal_pwr_ex.o
    0x0800205c   0x0800205c   0x00000010   Code   RO         1974    i.HAL_PWR_EnableBkUpAccess  stm32l4xx_hal_pwr.o
    0x0800206c   0x0800206c   0x00000010   Code   RO         1418    i.HAL_RCCEx_EnableMSIPLLMode  stm32l4xx_hal_rcc_ex.o
    0x0800207c   0x0800207c   0x0000028a   Code   RO         1424    i.HAL_RCCEx_PeriphCLKConfig  stm32l4xx_hal_rcc_ex.o
    0x08002306   0x08002306   0x00000002   PAD
    0x08002308   0x08002308   0x00000120   Code   RO         1302    i.HAL_RCC_ClockConfig  stm32l4xx_hal_rcc.o
    0x08002428   0x08002428   0x00000040   Code   RO         1305    i.HAL_RCC_GetClockConfig  stm32l4xx_hal_rcc.o
    0x08002468   0x08002468   0x00000024   Code   RO         1308    i.HAL_RCC_GetPCLK1Freq  stm32l4xx_hal_rcc.o
    0x0800248c   0x0800248c   0x00000024   Code   RO         1309    i.HAL_RCC_GetPCLK2Freq  stm32l4xx_hal_rcc.o
    0x080024b0   0x080024b0   0x000000a4   Code   RO         1310    i.HAL_RCC_GetSysClockFreq  stm32l4xx_hal_rcc.o
    0x08002554   0x08002554   0x0000056c   Code   RO         1313    i.HAL_RCC_OscConfig  stm32l4xx_hal_rcc.o
    0x08002ac0   0x08002ac0   0x00000002   Code   RO         3226    i.HAL_TIMEx_Break2Callback  stm32l4xx_hal_tim_ex.o
    0x08002ac2   0x08002ac2   0x00000002   Code   RO         3227    i.HAL_TIMEx_BreakCallback  stm32l4xx_hal_tim_ex.o
    0x08002ac4   0x08002ac4   0x00000002   Code   RO         3228    i.HAL_TIMEx_CommutCallback  stm32l4xx_hal_tim_ex.o
    0x08002ac6   0x08002ac6   0x00000002   PAD
    0x08002ac8   0x08002ac8   0x0000006c   Code   RO         3248    i.HAL_TIMEx_MasterConfigSynchronization  stm32l4xx_hal_tim_ex.o
    0x08002b34   0x08002b34   0x00000062   Code   RO         2512    i.HAL_TIM_Base_Init  stm32l4xx_hal_tim.o
    0x08002b96   0x08002b96   0x00000002   PAD
    0x08002b98   0x08002b98   0x0000009c   Code   RO          383    i.HAL_TIM_Base_MspInit  stm32l4xx_hal_msp.o
    0x08002c34   0x08002c34   0x00000050   Code   RO         2515    i.HAL_TIM_Base_Start  stm32l4xx_hal_tim.o
    0x08002c84   0x08002c84   0x00000058   Code   RO         2517    i.HAL_TIM_Base_Start_IT  stm32l4xx_hal_tim.o
    0x08002cdc   0x08002cdc   0x000000dc   Code   RO         2521    i.HAL_TIM_ConfigClockSource  stm32l4xx_hal_tim.o
    0x08002db8   0x08002db8   0x00000002   Code   RO         2546    i.HAL_TIM_IC_CaptureCallback  stm32l4xx_hal_tim.o
    0x08002dba   0x08002dba   0x0000010e   Code   RO         2548    i.HAL_TIM_IC_ConfigChannel  stm32l4xx_hal_tim.o
    0x08002ec8   0x08002ec8   0x00000062   Code   RO         2551    i.HAL_TIM_IC_Init   stm32l4xx_hal_tim.o
    0x08002f2a   0x08002f2a   0x00000002   Code   RO         2553    i.HAL_TIM_IC_MspInit  stm32l4xx_hal_tim.o
    0x08002f2c   0x08002f2c   0x0000010c   Code   RO         2556    i.HAL_TIM_IC_Start_IT  stm32l4xx_hal_tim.o
    0x08003038   0x08003038   0x00000184   Code   RO         2560    i.HAL_TIM_IRQHandler  stm32l4xx_hal_tim.o
    0x080031bc   0x080031bc   0x0000004c   Code   RO          384    i.HAL_TIM_MspPostInit  stm32l4xx_hal_msp.o
    0x08003208   0x08003208   0x00000002   Code   RO         2563    i.HAL_TIM_OC_DelayElapsedCallback  stm32l4xx_hal_tim.o
    0x0800320a   0x0800320a   0x0000011e   Code   RO         2584    i.HAL_TIM_PWM_ConfigChannel  stm32l4xx_hal_tim.o
    0x08003328   0x08003328   0x00000062   Code   RO         2587    i.HAL_TIM_PWM_Init  stm32l4xx_hal_tim.o
    0x0800338a   0x0800338a   0x00000002   Code   RO         2589    i.HAL_TIM_PWM_MspInit  stm32l4xx_hal_tim.o
    0x0800338c   0x0800338c   0x00000002   Code   RO         2590    i.HAL_TIM_PWM_PulseFinishedCallback  stm32l4xx_hal_tim.o
    0x0800338e   0x0800338e   0x00000002   PAD
    0x08003390   0x08003390   0x000000d0   Code   RO         2592    i.HAL_TIM_PWM_Start  stm32l4xx_hal_tim.o
    0x08003460   0x08003460   0x00000098   Code   RO         2595    i.HAL_TIM_PWM_Stop  stm32l4xx_hal_tim.o
    0x080034f8   0x080034f8   0x00000014   Code   RO           15    i.HAL_TIM_PeriodElapsedCallback  main.o
    0x0800350c   0x0800350c   0x0000002a   Code   RO         2600    i.HAL_TIM_ReadCapturedValue  stm32l4xx_hal_tim.o
    0x08003536   0x08003536   0x00000002   Code   RO         2603    i.HAL_TIM_TriggerCallback  stm32l4xx_hal_tim.o
    0x08003538   0x08003538   0x00000066   Code   RO         3540    i.HAL_UART_Init     stm32l4xx_hal_uart.o
    0x0800359e   0x0800359e   0x00000002   PAD
    0x080035a0   0x080035a0   0x000000fc   Code   RO          386    i.HAL_UART_MspInit  stm32l4xx_hal_msp.o
    0x0800369c   0x0800369c   0x000000b6   Code   RO         3549    i.HAL_UART_Transmit  stm32l4xx_hal_uart.o
    0x08003752   0x08003752   0x00000002   Code   RO          307    i.HardFault_Handler  stm32l4xx_it.o
    0x08003754   0x08003754   0x00000022   Code   RO          843    i.I2C_Flush_TXDR    stm32l4xx_hal_i2c.o
    0x08003776   0x08003776   0x00000002   PAD
    0x08003778   0x08003778   0x00000084   Code   RO          851    i.I2C_IsAcknowledgeFailed  stm32l4xx_hal_i2c.o
    0x080037fc   0x080037fc   0x0000002c   Code   RO          858    i.I2C_TransferConfig  stm32l4xx_hal_i2c.o
    0x08003828   0x08003828   0x00000058   Code   RO          860    i.I2C_WaitOnFlagUntilTimeout  stm32l4xx_hal_i2c.o
    0x08003880   0x08003880   0x00000084   Code   RO          861    i.I2C_WaitOnRXNEFlagUntilTimeout  stm32l4xx_hal_i2c.o
    0x08003904   0x08003904   0x0000004c   Code   RO          862    i.I2C_WaitOnSTOPFlagUntilTimeout  stm32l4xx_hal_i2c.o
    0x08003950   0x08003950   0x00000050   Code   RO          863    i.I2C_WaitOnTXISFlagUntilTimeout  stm32l4xx_hal_i2c.o
    0x080039a0   0x080039a0   0x000000ac   Code   RO           16    i.MX_GPIO_Init      main.o
    0x08003a4c   0x08003a4c   0x00000054   Code   RO           17    i.MX_I2C3_Init      main.o
    0x08003aa0   0x08003aa0   0x000000ac   Code   RO           18    i.MX_TIM1_Init      main.o
    0x08003b4c   0x08003b4c   0x00000094   Code   RO           19    i.MX_TIM2_Init      main.o
    0x08003be0   0x08003be0   0x00000038   Code   RO           20    i.MX_USART1_UART_Init  main.o
    0x08003c18   0x08003c18   0x00000038   Code   RO           21    i.MX_USART2_UART_Init  main.o
    0x08003c50   0x08003c50   0x000000cc   Code   RO           22    i.Measure_Weight_Food  main.o
    0x08003d1c   0x08003d1c   0x000000d0   Code   RO           23    i.Measure_Weight_Water  main.o
    0x08003dec   0x08003dec   0x00000002   Code   RO          308    i.MemManage_Handler  stm32l4xx_it.o
    0x08003dee   0x08003dee   0x00000002   Code   RO          309    i.NMI_Handler       stm32l4xx_it.o
    0x08003df0   0x08003df0   0x0000012c   Code   RO         1428    i.RCCEx_PLLSAI1_Config  stm32l4xx_hal_rcc_ex.o
    0x08003f1c   0x08003f1c   0x0000007c   Code   RO         1314    i.RCC_SetFlashLatencyFromMSIRange  stm32l4xx_hal_rcc.o
    0x08003f98   0x08003f98   0x00000200   Code   RO           24    i.StartDefaultTask  main.o
    0x08004198   0x08004198   0x000000b0   Code   RO           25    i.StartTask02       main.o
    0x08004248   0x08004248   0x00000008   Code   RO           26    i.StartTemp         main.o
    0x08004250   0x08004250   0x00000028   Code   RO           27    i.Start_Water_Control  main.o
    0x08004278   0x08004278   0x0000001a   Code   RO         5135    i.SysTick_Handler   cmsis_os2.o
    0x08004292   0x08004292   0x00000002   PAD
    0x08004294   0x08004294   0x00000090   Code   RO           28    i.SystemClock_Config  main.o
    0x08004324   0x08004324   0x0000003c   Code   RO         3988    i.SystemInit        system_stm32l4xx.o
    0x08004360   0x08004360   0x00000260   Code   RO          310    i.TIM1_CC_IRQHandler  stm32l4xx_it.o
    0x080045c0   0x080045c0   0x0000001c   Code   RO          311    i.TIM1_UP_TIM16_IRQHandler  stm32l4xx_it.o
    0x080045dc   0x080045dc   0x0000006c   Code   RO         2605    i.TIM_Base_SetConfig  stm32l4xx_hal_tim.o
    0x08004648   0x08004648   0x0000001a   Code   RO         2606    i.TIM_CCxChannelCmd  stm32l4xx_hal_tim.o
    0x08004662   0x08004662   0x00000014   Code   RO         2616    i.TIM_ETR_SetConfig  stm32l4xx_hal_tim.o
    0x08004676   0x08004676   0x00000010   Code   RO         2617    i.TIM_ITRx_SetConfig  stm32l4xx_hal_tim.o
    0x08004686   0x08004686   0x00000002   PAD
    0x08004688   0x08004688   0x00000078   Code   RO         2618    i.TIM_OC1_SetConfig  stm32l4xx_hal_tim.o
    0x08004700   0x08004700   0x00000078   Code   RO         2619    i.TIM_OC2_SetConfig  stm32l4xx_hal_tim.o
    0x08004778   0x08004778   0x00000074   Code   RO         2620    i.TIM_OC3_SetConfig  stm32l4xx_hal_tim.o
    0x080047ec   0x080047ec   0x00000060   Code   RO         2621    i.TIM_OC4_SetConfig  stm32l4xx_hal_tim.o
    0x0800484c   0x0800484c   0x0000005c   Code   RO         2622    i.TIM_OC5_SetConfig  stm32l4xx_hal_tim.o
    0x080048a8   0x080048a8   0x0000005c   Code   RO         2623    i.TIM_OC6_SetConfig  stm32l4xx_hal_tim.o
    0x08004904   0x08004904   0x00000022   Code   RO         2625    i.TIM_TI1_ConfigInputStage  stm32l4xx_hal_tim.o
    0x08004926   0x08004926   0x00000002   PAD
    0x08004928   0x08004928   0x00000050   Code   RO         2626    i.TIM_TI1_SetConfig  stm32l4xx_hal_tim.o
    0x08004978   0x08004978   0x00000024   Code   RO         2627    i.TIM_TI2_ConfigInputStage  stm32l4xx_hal_tim.o
    0x0800499c   0x0800499c   0x00000036   Code   RO         2628    i.TIM_TI2_SetConfig  stm32l4xx_hal_tim.o
    0x080049d2   0x080049d2   0x000000c8   Code   RO         3554    i.UART_AdvFeatureConfig  stm32l4xx_hal_uart.o
    0x08004a9a   0x08004a9a   0x0000005c   Code   RO         3555    i.UART_CheckIdleState  stm32l4xx_hal_uart.o
    0x08004af6   0x08004af6   0x00000002   PAD
    0x08004af8   0x08004af8   0x000001e0   Code   RO         3570    i.UART_SetConfig    stm32l4xx_hal_uart.o
    0x08004cd8   0x08004cd8   0x000000a4   Code   RO         3575    i.UART_WaitOnFlagUntilTimeout  stm32l4xx_hal_uart.o
    0x08004d7c   0x08004d7c   0x00000002   Code   RO          312    i.UsageFault_Handler  stm32l4xx_it.o
    0x08004d7e   0x08004d7e   0x00000030   Code   RO         5930    i.__ARM_fpclassify  m_wm.l(fpclassify.o)
    0x08004dae   0x08004dae   0x00000020   Code   RO         2321    i.__NVIC_SetPriority  stm32l4xx_hal_cortex.o
    0x08004dce   0x08004dce   0x00000006   Code   RO          486    i.hx711_coef_set    hx711.o
    0x08004dd4   0x08004dd4   0x00000012   Code   RO          487    i.hx711_delay_us    hx711.o
    0x08004de6   0x08004de6   0x0000008e   Code   RO          488    i.hx711_init        hx711.o
    0x08004e74   0x08004e74   0x0000001a   Code   RO          489    i.hx711_lock        hx711.o
    0x08004e8e   0x08004e8e   0x0000004c   Code   RO          492    i.hx711_tare        hx711.o
    0x08004eda   0x08004eda   0x00000088   Code   RO          494    i.hx711_value       hx711.o
    0x08004f62   0x08004f62   0x0000005e   Code   RO          496    i.hx711_weight      hx711.o
    0x08004fc0   0x08004fc0   0x000000b0   Code   RO           29    i.main              main.o
    0x08005070   0x08005070   0x0000001a   Code   RO         5137    i.osDelay           cmsis_os2.o
    0x0800508a   0x0800508a   0x00000002   PAD
    0x0800508c   0x0800508c   0x00000024   Code   RO         5151    i.osKernelInitialize  cmsis_os2.o
    0x080050b0   0x080050b0   0x00000038   Code   RO         5154    i.osKernelStart     cmsis_os2.o
    0x080050e8   0x080050e8   0x0000008a   Code   RO         5196    i.osThreadNew       cmsis_os2.o
    0x08005172   0x08005172   0x00000002   PAD
    0x08005174   0x08005174   0x0000005c   Code   RO         4596    i.prvAddCurrentTaskToDelayedList  tasks.o
    0x080051d0   0x080051d0   0x000000d0   Code   RO         4597    i.prvAddNewTaskToReadyList  tasks.o
    0x080052a0   0x080052a0   0x00000058   Code   RO         4961    i.prvCheckForValidListAndQueue  timers.o
    0x080052f8   0x080052f8   0x00000026   Code   RO         4193    i.prvCopyDataFromQueue  queue.o
    0x0800531e   0x0800531e   0x0000006c   Code   RO         4194    i.prvCopyDataToQueue  queue.o
    0x0800538a   0x0800538a   0x00000034   Code   RO         4598    i.prvDeleteTCB      tasks.o
    0x080053be   0x080053be   0x00000002   PAD
    0x080053c0   0x080053c0   0x0000004c   Code   RO         5648    i.prvHeapInit       heap_4.o
    0x0800540c   0x0800540c   0x00000060   Code   RO         4599    i.prvIdleTask       tasks.o
    0x0800546c   0x0800546c   0x00000022   Code   RO         4196    i.prvInitialiseNewQueue  queue.o
    0x0800548e   0x0800548e   0x00000002   PAD
    0x08005490   0x08005490   0x000000b6   Code   RO         4600    i.prvInitialiseNewTask  tasks.o
    0x08005546   0x08005546   0x00000002   PAD
    0x08005548   0x08005548   0x0000004c   Code   RO         5649    i.prvInsertBlockIntoFreeList  heap_4.o
    0x08005594   0x08005594   0x00000038   Code   RO         4963    i.prvInsertTimerInActiveList  timers.o
    0x080055cc   0x080055cc   0x0000001c   Code   RO         4197    i.prvIsQueueEmpty   queue.o
    0x080055e8   0x080055e8   0x000000fc   Code   RO         4964    i.prvProcessReceivedCommands  timers.o
    0x080056e4   0x080056e4   0x000000c0   Code   RO         4965    i.prvProcessTimerOrBlockTask  timers.o
    0x080057a4   0x080057a4   0x00000020   Code   RO         4602    i.prvResetNextTaskUnblockTime  tasks.o
    0x080057c4   0x080057c4   0x00000028   Code   RO         4966    i.prvSampleTimeNow  timers.o
    0x080057ec   0x080057ec   0x0000006c   Code   RO         4967    i.prvSwitchTimerLists  timers.o
    0x08005858   0x08005858   0x00000028   Code   RO         5704    i.prvTaskExitError  port.o
    0x08005880   0x08005880   0x00000024   Code   RO         4968    i.prvTimerTask      timers.o
    0x080058a4   0x080058a4   0x0000006a   Code   RO         4198    i.prvUnlockQueue    queue.o
    0x0800590e   0x0800590e   0x00000002   PAD
    0x08005910   0x08005910   0x000000dc   Code   RO         5650    i.pvPortMalloc      heap_4.o
    0x080059ec   0x080059ec   0x0000002c   Code   RO         5705    i.pxPortInitialiseStack  port.o
    0x08005a18   0x08005a18   0x00000026   Code   RO         4153    i.uxListRemove      list.o
    0x08005a3e   0x08005a3e   0x00000002   PAD
    0x08005a40   0x08005a40   0x00000014   Code   RO         5208    i.vApplicationGetIdleTaskMemory  cmsis_os2.o
    0x08005a54   0x08005a54   0x00000018   Code   RO         5209    i.vApplicationGetTimerTaskMemory  cmsis_os2.o
    0x08005a6c   0x08005a6c   0x00000016   Code   RO         4154    i.vListInitialise   list.o
    0x08005a82   0x08005a82   0x00000006   Code   RO         4155    i.vListInitialiseItem  list.o
    0x08005a88   0x08005a88   0x00000030   Code   RO         4156    i.vListInsert       list.o
    0x08005ab8   0x08005ab8   0x00000018   Code   RO         4157    i.vListInsertEnd    list.o
    0x08005ad0   0x08005ad0   0x00000040   Code   RO         5707    i.vPortEnterCritical  port.o
    0x08005b10   0x08005b10   0x00000028   Code   RO         5708    i.vPortExitCritical  port.o
    0x08005b38   0x08005b38   0x00000064   Code   RO         5651    i.vPortFree         heap_4.o
    0x08005b9c   0x08005b9c   0x00000024   Code   RO         5709    i.vPortSetupTimerInterrupt  port.o
    0x08005bc0   0x08005bc0   0x00000054   Code   RO         5710    i.vPortValidateInterruptPriority  port.o
    0x08005c14   0x08005c14   0x00000028   Code   RO         4204    i.vQueueAddToRegistry  queue.o
    0x08005c3c   0x08005c3c   0x00000044   Code   RO         4208    i.vQueueWaitForMessageRestricted  queue.o
    0x08005c80   0x08005c80   0x0000004c   Code   RO         4615    i.vTaskDelay        tasks.o
    0x08005ccc   0x08005ccc   0x00000010   Code   RO         4620    i.vTaskInternalSetTimeOutState  tasks.o
    0x08005cdc   0x08005cdc   0x0000000c   Code   RO         4621    i.vTaskMissedYield  tasks.o
    0x08005ce8   0x08005ce8   0x00000030   Code   RO         4623    i.vTaskPlaceOnEventList  tasks.o
    0x08005d18   0x08005d18   0x00000038   Code   RO         4624    i.vTaskPlaceOnEventListRestricted  tasks.o
    0x08005d50   0x08005d50   0x00000088   Code   RO         4632    i.vTaskStartScheduler  tasks.o
    0x08005dd8   0x08005dd8   0x00000010   Code   RO         4634    i.vTaskSuspendAll   tasks.o
    0x08005de8   0x08005de8   0x00000064   Code   RO         4635    i.vTaskSwitchContext  tasks.o
    0x08005e4c   0x08005e4c   0x000000f4   Code   RO         5711    i.xPortStartScheduler  port.o
    0x08005f40   0x08005f40   0x0000002c   Code   RO         5712    i.xPortSysTickHandler  port.o
    0x08005f6c   0x08005f6c   0x00000066   Code   RO         4214    i.xQueueGenericCreateStatic  queue.o
    0x08005fd2   0x08005fd2   0x00000002   PAD
    0x08005fd4   0x08005fd4   0x00000088   Code   RO         4215    i.xQueueGenericReset  queue.o
    0x0800605c   0x0800605c   0x00000160   Code   RO         4216    i.xQueueGenericSend  queue.o
    0x080061bc   0x080061bc   0x000000be   Code   RO         4217    i.xQueueGenericSendFromISR  queue.o
    0x0800627a   0x0800627a   0x00000002   PAD
    0x0800627c   0x0800627c   0x00000138   Code   RO         4226    i.xQueueReceive     queue.o
    0x080063b4   0x080063b4   0x00000074   Code   RO         4637    i.xTaskCheckForTimeOut  tasks.o
    0x08006428   0x08006428   0x00000060   Code   RO         4638    i.xTaskCreate       tasks.o
    0x08006488   0x08006488   0x00000056   Code   RO         4639    i.xTaskCreateStatic  tasks.o
    0x080064de   0x080064de   0x00000002   PAD
    0x080064e0   0x080064e0   0x0000001c   Code   RO         4643    i.xTaskGetSchedulerState  tasks.o
    0x080064fc   0x080064fc   0x0000000c   Code   RO         4644    i.xTaskGetTickCount  tasks.o
    0x08006508   0x08006508   0x000000c8   Code   RO         4646    i.xTaskIncrementTick  tasks.o
    0x080065d0   0x080065d0   0x00000080   Code   RO         4649    i.xTaskPriorityDisinherit  tasks.o
    0x08006650   0x08006650   0x00000070   Code   RO         4651    i.xTaskRemoveFromEventList  tasks.o
    0x080066c0   0x080066c0   0x000000c4   Code   RO         4652    i.xTaskResumeAll    tasks.o
    0x08006784   0x08006784   0x00000060   Code   RO         4977    i.xTimerCreateTimerTask  timers.o
    0x080067e4   0x080067e4   0x00000068   Code   RO         4978    i.xTimerGenericCommand  timers.o
    0x0800684c   0x0800684c   0x0000002c   Code   RO         5924    locale$$code        c_w.l(lc_numeric_c.o)
    0x08006878   0x08006878   0x00000018   Code   RO         5926    x$fpl$dcmpinf       fz_wm.l(dcmpi.o)
    0x08006890   0x08006890   0x0000005e   Code   RO         5829    x$fpl$dfix          fz_wm.l(dfix.o)
    0x080068ee   0x080068ee   0x00000026   Code   RO         5833    x$fpl$dfltu         fz_wm.l(dflt_clz.o)
    0x08006914   0x08006914   0x00000078   Code   RO         5863    x$fpl$dleqf         fz_wm.l(dleqf.o)
    0x0800698c   0x0800698c   0x00000154   Code   RO         5839    x$fpl$dmul          fz_wm.l(dmul.o)
    0x08006ae0   0x08006ae0   0x0000009c   Code   RO         5865    x$fpl$dnaninf       fz_wm.l(dnaninf.o)
    0x08006b7c   0x08006b7c   0x0000000c   Code   RO         5867    x$fpl$dretinf       fz_wm.l(dretinf.o)
    0x08006b88   0x08006b88   0x0000006c   Code   RO         5841    x$fpl$drleqf        fz_wm.l(drleqf.o)
    0x08006bf4   0x08006bf4   0x0000000a   Code   RO         6006    x$fpl$fpinit        fz_wm.l(fpinit.o)
    0x08006bfe   0x08006bfe   0x00000004   Code   RO         5843    x$fpl$printf1       fz_wm.l(printf1.o)
    0x08006c02   0x08006c02   0x00000000   Code   RO         5869    x$fpl$usenofp       fz_wm.l(usenofp.o)
    0x08006c02   0x08006c02   0x00000002   PAD
    0x08006c04   0x08006c04   0x000000fc   Data   RO           31    .constdata          main.o
    0x08006d00   0x08006d00   0x00000040   Data   RO         3989    .constdata          system_stm32l4xx.o
    0x08006d40   0x08006d40   0x00000008   Data   RO         3990    .constdata          system_stm32l4xx.o
    0x08006d48   0x08006d48   0x00000094   Data   RO         5899    .constdata          c_w.l(bigflt0.o)
    0x08006ddc   0x08006ddc   0x0000004e   Data   RO           32    .conststring        main.o
    0x08006e2a   0x08006e2a   0x00000002   PAD
    0x08006e2c   0x08006e2c   0x00000020   Data   RO         6077    Region$$Table       anon$$obj.o
    0x08006e4c   0x08006e4c   0x0000001c   Data   RO         5923    locale$$data        c_w.l(lc_numeric_c.o)


    Execution Region RW_IRAM2 (Exec base: 0x10000000, Load base: 0x08006f6c, Size: 0x00000000, Max: 0x00004000, ABSOLUTE)

    **** No section assigned to this execution region ****


    Execution Region RW_IRAM1 (Exec base: 0x20000000, Load base: 0x08006e68, Size: 0x000035f8, Max: 0x0000c000, ABSOLUTE)

    Exec Addr    Load Addr    Size         Type   Attr      Idx    E Section Name        Object

    0x20000000   0x08006e68   0x0000004c   Data   RW           34    .data               main.o
    0x2000004c   0x08006eb4   0x00000027   Data   RW          314    .data               stm32l4xx_it.o
    0x20000073   0x08006edb   0x00000001   PAD
    0x20000074   0x08006edc   0x0000000c   Data   RW          611    .data               stm32l4xx_hal.o
    0x20000080   0x08006ee8   0x00000004   Data   RW         3991    .data               system_stm32l4xx.o
    0x20000084   0x08006eec   0x0000003c   Data   RW         4655    .data               tasks.o
    0x200000c0   0x08006f28   0x00000014   Data   RW         4986    .data               timers.o
    0x200000d4   0x08006f3c   0x00000004   Data   RW         5211    .data               cmsis_os2.o
    0x200000d8   0x08006f40   0x00000020   Data   RW         5657    .data               heap_4.o
    0x200000f8   0x08006f60   0x0000000c   Data   RW         5713    .data               port.o
    0x20000104        -       0x0000021c   Zero   RW           30    .bss                main.o
    0x20000320        -       0x00000012   Zero   RW          313    .bss                stm32l4xx_it.o
    0x20000332   0x08006f6c   0x00000002   PAD
    0x20000334        -       0x0000004c   Zero   RW          448    .bss                stm32l4xx_hal_timebase_tim.o
    0x20000380        -       0x00000040   Zero   RW         4230    .bss                queue.o
    0x200003c0        -       0x000004c4   Zero   RW         4654    .bss                tasks.o
    0x20000884        -       0x00000118   Zero   RW         4985    .bss                timers.o
    0x2000099c        -       0x000006b8   Zero   RW         5210    .bss                cmsis_os2.o
    0x20001054        -       0x00001f40   Zero   RW         5656    .bss                heap_4.o
    0x20002f94        -       0x00000060   Zero   RW         5933    .bss                c_w.l(libspace.o)
    0x20002ff4   0x08006f6c   0x00000004   PAD
    0x20002ff8        -       0x00000200   Zero   RW            2    HEAP                startup_stm32l432xx.o
    0x200031f8        -       0x00000400   Zero   RW            1    STACK               startup_stm32l432xx.o


==============================================================================

Image component sizes


      Code (inc. data)   RO Data    RW Data    ZI Data      Debug   Object Name

       326         22          0          4       1720      65683   cmsis_os2.o
         0          0          0          0          0      19588   event_groups.o
       472         24          0         32       8000       5035   heap_4.o
       498          0          0          0          0       5293   hx711.o
       138          0          0          0          0       3714   list.o
      2260        244        330         76        540     690514   main.o
       818         82          0         12          0      11845   port.o
      1514         20          0          0         64      17824   queue.o
        64         26        396          0       1536        872   startup_stm32l432xx.o
        58         10          0         12          0      10422   stm32l4xx_hal.o
       158         14          0          0          0      33190   stm32l4xx_hal_cortex.o
       454         20          0          0          0       3896   stm32l4xx_hal_gpio.o
      1664         48          0          0          0      12314   stm32l4xx_hal_i2c.o
       168          0          0          0          0       1995   stm32l4xx_hal_i2c_ex.o
       708         50          0          0          0       4324   stm32l4xx_hal_msp.o
        16          4          0          0          0        575   stm32l4xx_hal_pwr.o
       120         20          0          0          0       1422   stm32l4xx_hal_pwr_ex.o
      2100        108          0          0          0       7877   stm32l4xx_hal_rcc.o
       966         36          0          0          0       3561   stm32l4xx_hal_rcc_ex.o
      3318        200          0          0          0      26534   stm32l4xx_hal_tim.o
       114         10          0          0          0       3200   stm32l4xx_hal_tim_ex.o
       116         18          0          0         76       1508   stm32l4xx_hal_timebase_tim.o
      1220         50          0          0          0       6541   stm32l4xx_hal_uart.o
       648         66          0         39         18       5666   stm32l4xx_it.o
         0          0          0          0          0        392   stream_buffer.o
        60         12         72          4          0       1289   system_stm32l4xx.o
      2096        168          0         60       1220      27628   tasks.o
       972         80          0         20        280      32591   timers.o

    ----------------------------------------------------------------------
     21102       1332        832        260      13456    1005293   Object Totals
         0          0         32          0          0          0   (incl. Generated)
        56          0          2          1          2          0   (incl. Padding)

    ----------------------------------------------------------------------

      Code (inc. data)   RO Data    RW Data    ZI Data      Debug   Library Member Name

         8          0          0          0          0         68   __main.o
       104          0          0          0          0         84   __printf.o
         0          0          0          0          0          0   __rtentry.o
        12          0          0          0          0          0   __rtentry2.o
         6          0          0          0          0          0   __rtentry4.o
        52          8          0          0          0          0   __scatter.o
        26          0          0          0          0          0   __scatter_copy.o
        28          0          0          0          0          0   __scatter_zi.o
        48          6          0          0          0         96   _printf_char_common.o
         6          0          0          0          0          0   _printf_d.o
       120         16          0          0          0         92   _printf_dec.o
         6          0          0          0          0          0   _printf_f.o
      1060          0          0          0          0        216   _printf_fp_dec.o
       128         16          0          0          0         84   _printf_fp_infnan.o
       178          0          0          0          0         88   _printf_intcommon.o
         0          0          0          0          0          0   _printf_percent.o
         4          0          0          0          0          0   _printf_percent_end.o
        10          0          0          0          0         68   _sputc.o
        16          0          0          0          0         68   aeabi_memset.o
       228          4        148          0          0         96   bigflt0.o
      1936        128          0          0          0        672   btod.o
        18          0          0          0          0         80   exit.o
         6          0          0          0          0        152   heapauxi.o
         0          0          0          0          0          0   indicate_semi.o
        44         10         28          0          0         76   lc_numeric_c.o
         2          0          0          0          0          0   libinit.o
        22          0          0          0          0          0   libinit2.o
         2          0          0          0          0          0   libshutdown.o
         2          0          0          0          0          0   libshutdown2.o
         8          4          0          0         96         68   libspace.o
        72          0          0          0          0         76   llsdiv.o
       138          0          0          0          0         80   lludiv10.o
       238          0          0          0          0        100   lludivv7m.o
        40          6          0          0          0         84   noretval__2sprintf.o
         8          4          0          0          0         68   rt_locale_intlibspace.o
        68          0          0          0          0         68   rt_memclr.o
        78          0          0          0          0         80   rt_memclr_w.o
       138          0          0          0          0         68   rt_memcpy_v6.o
       100          0          0          0          0         80   rt_memcpy_w.o
         2          0          0          0          0          0   rtexit.o
        10          0          0          0          0          0   rtexit2.o
       128          0          0          0          0         68   strcmpv7m.o
        12          4          0          0          0         68   sys_exit.o
        74          0          0          0          0         80   sys_stackheap_outer.o
         2          0          0          0          0         68   use_no_semi.o
        24          0          0          0          0        116   dcmpi.o
        94          4          0          0          0        140   dfix.o
        38          0          0          0          0        116   dflt_clz.o
       120          4          0          0          0        140   dleqf.o
       340         12          0          0          0        152   dmul.o
       156          4          0          0          0        140   dnaninf.o
        12          0          0          0          0        116   dretinf.o
       108          0          0          0          0        128   drleqf.o
        10          0          0          0          0        116   fpinit.o
         4          0          0          0          0        116   printf1.o
         0          0          0          0          0          0   usenofp.o
        48          0          0          0          0        124   fpclassify.o

    ----------------------------------------------------------------------
      6154        230        176          0        100       4400   Library Totals
        12          0          0          0          4          0   (incl. Padding)

    ----------------------------------------------------------------------

      Code (inc. data)   RO Data    RW Data    ZI Data      Debug   Library Name

      5188        206        176          0         96       2996   c_w.l
       906         24          0          0          0       1280   fz_wm.l
        48          0          0          0          0        124   m_wm.l

    ----------------------------------------------------------------------
      6154        230        176          0        100       4400   Library Totals

    ----------------------------------------------------------------------

==============================================================================


      Code (inc. data)   RO Data    RW Data    ZI Data      Debug   

     27256       1562       1008        260      13556     989029   Grand Totals
     27256       1562       1008        260      13556     989029   ELF Image Totals
     27256       1562       1008        260          0          0   ROM Totals

==============================================================================

    Total RO  Size (Code + RO Data)                28264 (  27.60kB)
    Total RW  Size (RW Data + ZI Data)             13816 (  13.49kB)
    Total ROM Size (Code + RO Data + RW Data)      28524 (  27.86kB)

==============================================================================

